02-01 19:18:41.448 W/PlatformConfigurator( 1389): Update for unknown DeviceConfig package com.google.android.westworld [CONTEXT service_id=204 ]
02-01 19:18:41.448 W/PlatformConfigurator( 1389): daaf: No package exists for config package: com.google.android.westworld
02-01 19:18:41.448 W/PlatformConfigurator( 1389): 	at com.google.android.gms.platformconfigurator.PhenotypeConfigurationUpdateListener.b(:com.google.android.gms@242335041@24.23.35 (190800-646585959):233)
02-01 19:18:41.448 W/PlatformConfigurator( 1389): 	at com.google.android.gms.platformconfigurator.PhenotypeConfigurationUpdateListener.a(:com.google.android.gms@242335041@24.23.35 (190800-646585959):29)
02-01 19:18:41.448 W/PlatformConfigurator( 1389): 	at com.google.android.gms.platformconfigurator.PhenotypeConfigurationUpdateListener.onHandleIntent(:com.google.android.gms@242335041@24.23.35 (190800-646585959):207)
02-01 19:18:41.448 W/PlatformConfigurator( 1389): 	at com.google.android.chimera.IntentOperation.onHandleIntent(:com.google.android.gms@242335041@24.23.35 (190800-646585959):2)
02-01 19:18:41.448 W/PlatformConfigurator( 1389): 	at ajom.onHandleIntent(:com.google.android.gms@242335041@24.23.35 (190800-646585959):8)
02-01 19:18:41.448 W/PlatformConfigurator( 1389): 	at pkf.run(:com.google.android.gms@242335041@24.23.35 (190800-646585959):70)
02-01 19:18:41.448 W/PlatformConfigurator( 1389): 	at pke.run(:com.google.android.gms@242335041@24.23.35 (190800-646585959):152)
02-01 19:18:41.448 W/PlatformConfigurator( 1389): 	at emsz.run(:com.google.android.gms@242335041@24.23.35 (190800-646585959):21)
02-01 19:18:41.448 W/PlatformConfigurator( 1389): 	at java.util.concurrent.ThreadPoolExecutor.runWorker(ThreadPoolExecutor.java:1145)
02-01 19:18:41.448 W/PlatformConfigurator( 1389): 	at java.util.concurrent.ThreadPoolExecutor$Worker.run(ThreadPoolExecutor.java:644)
02-01 19:18:41.448 W/PlatformConfigurator( 1389): 	at java.lang.Thread.run(Thread.java:1012)
02-01 19:18:41.510 I/RescueParty(  594): Starting to observe: [com.google.android.ext.services, android], updated namespace: adservices
02-01 19:18:41.511 I/PackageWatchdog(  594): Syncing state, reason: observing new packages
02-01 19:18:41.511 D/PackageWatchdog(  594): rescue-party-observer added the following packages to monitor [com.google.android.ext.services, android]
02-01 19:18:41.511 I/PackageWatchdog(  594): Syncing state, reason: updated observers
02-01 19:18:41.511 I/PackageWatchdog(  594): Not pruning observers, elapsed time: 0ms
02-01 19:18:41.511 I/PackageWatchdog(  594): Saving observer state to file
02-01 19:18:41.511 I/PackageWatchdog(  594): Syncing health check requests for packages: {}
02-01 19:18:41.511 I/ExplicitHealthCheckController(  594): Service not ready to get health check supported packages. Binding...
02-01 19:18:41.513 I/ExplicitHealthCheckController(  594): Explicit health check service is bound
02-01 19:18:41.514 I/PackageWatchdog(  594): Syncing health check requests for packages: {}
02-01 19:18:41.514 I/ExplicitHealthCheckController(  594): Service not ready to get health check supported packages. Binding...
02-01 19:18:41.514 I/ExplicitHealthCheckController(  594): Not binding to service, service already connecting
02-01 19:18:41.518 D/SelinuxAuditLogs(  594): SelinuxAuditLogsService scheduled successfully.
02-01 19:18:41.518 D/SdkSandboxManager(  594): Property sdksandbox_next_activity_allowlist is empty.
02-01 19:18:41.518 D/SdkSandboxManager(  594): Property sdksandbox_next_contentprovider_allowlist is empty.
02-01 19:18:41.518 D/SdkSandboxManager(  594): Property sdksandbox_activity_allowlist_per_targetSdkVersion is empty.
02-01 19:18:41.518 D/SdkSandboxManager(  594): Property contentprovider_allowlist_per_targetSdkVersion is empty.
02-01 19:18:41.518 D/SdkSandboxManager(  594): Property services_allowlist_per_targetSdkVersion is empty.
02-01 19:18:41.519 I/ExplicitHealthCheckController(  594): Explicit health check service is connected ComponentInfo{com.google.android.ext.services/android.ext.services.watchdog.ExplicitHealthCheckServiceImpl}
02-01 19:18:41.519 I/ExplicitHealthCheckController(  594): Service initialized, syncing requests
02-01 19:18:41.519 I/PackageWatchdog(  594): Syncing health check requests for packages: {}
02-01 19:18:41.519 D/ExplicitHealthCheckController(  594): Getting health check supported packages
02-01 19:18:41.520 I/ExplicitHealthCheckController(  594): Explicit health check supported packages [PackageConfig{com.google.android.networkstack, 86400000}]
02-01 19:18:41.520 D/PackageWatchdog(  594): Received supported packages [PackageConfig{com.google.android.networkstack, 86400000}]
02-01 19:18:41.520 D/ExplicitHealthCheckController(  594): Getting health check requested packages
02-01 19:18:41.522 I/ExplicitHealthCheckController(  594): Explicit health check requested packages []
02-01 19:18:41.522 I/ExplicitHealthCheckController(  594): No more health check requests, unbinding...
02-01 19:18:41.523 I/ExplicitHealthCheckController(  594): Explicit health check service is unbound
02-01 19:18:41.549 I/RescueParty(  594): Starting to observe: [com.google.android.as, com.google.android.as.oss], updated namespace: device_personalization_services
02-01 19:18:41.549 I/PackageWatchdog(  594): Syncing state, reason: observing new packages
02-01 19:18:41.549 D/PackageWatchdog(  594): rescue-party-observer added the following packages to monitor [com.google.android.as, com.google.android.as.oss]
02-01 19:18:41.550 I/PackageWatchdog(  594): Syncing state, reason: updated observers
02-01 19:18:41.550 I/PackageWatchdog(  594): Saving observer state to file
02-01 19:18:41.554 I/PackageWatchdog(  594): Syncing health check requests for packages: {}
02-01 19:18:41.554 I/ExplicitHealthCheckController(  594): Service not ready to get health check supported packages. Binding...
02-01 19:18:41.555 I/ExplicitHealthCheckController(  594): Explicit health check service is bound
02-01 19:18:41.556 I/ExplicitHealthCheckController(  594): Explicit health check service is connected ComponentInfo{com.google.android.ext.services/android.ext.services.watchdog.ExplicitHealthCheckServiceImpl}
02-01 19:18:41.556 I/ExplicitHealthCheckController(  594): Service initialized, syncing requests
02-01 19:18:41.557 I/PackageWatchdog(  594): Syncing health check requests for packages: {}
02-01 19:18:41.557 D/ExplicitHealthCheckController(  594): Getting health check supported packages
02-01 19:18:41.558 I/ExplicitHealthCheckController(  594): Explicit health check supported packages [PackageConfig{com.google.android.networkstack, 86400000}]
02-01 19:18:41.558 D/PackageWatchdog(  594): Received supported packages [PackageConfig{com.google.android.networkstack, 86400000}]
02-01 19:18:41.558 D/ExplicitHealthCheckController(  594): Getting health check requested packages
02-01 19:18:41.560 I/ExplicitHealthCheckController(  594): Explicit health check requested packages []
02-01 19:18:41.560 I/ExplicitHealthCheckController(  594): No more health check requests, unbinding...
02-01 19:18:41.561 I/ExplicitHealthCheckController(  594): Explicit health check service is unbound
02-01 19:18:41.574 I/ogle.android.as( 1633): Compiler allocated 11MB to compile java.lang.Object jhh.a()
02-01 19:18:41.579 I/RescueParty(  594): Starting to observe: [android], updated namespace: configuration
02-01 19:18:41.579 I/PackageWatchdog(  594): Syncing state, reason: observing new packages
02-01 19:18:41.579 I/netd    (  382): tetherGetStats() -> {[]} <0.48ms>
02-01 19:18:41.579 D/PackageWatchdog(  594): rescue-party-observer added the following packages to monitor [android]
02-01 19:18:41.579 I/PackageWatchdog(  594): Syncing state, reason: updated observers
02-01 19:18:41.579 I/PackageWatchdog(  594): Not pruning observers, elapsed time: 0ms
02-01 19:18:41.579 I/PackageWatchdog(  594): Saving observer state to file
02-01 19:18:41.583 I/PackageWatchdog(  594): Syncing health check requests for packages: {}
02-01 19:18:41.583 I/netd    (  382): bandwidthSetGlobalAlert(2097152) <0.06ms>
02-01 19:18:41.583 I/ExplicitHealthCheckController(  594): Service not ready to get health check supported packages. Binding...
02-01 19:18:41.584 I/ExplicitHealthCheckController(  594): Explicit health check service is bound
02-01 19:18:41.588 I/ExplicitHealthCheckController(  594): Explicit health check service is connected ComponentInfo{com.google.android.ext.services/android.ext.services.watchdog.ExplicitHealthCheckServiceImpl}
02-01 19:18:41.588 I/ExplicitHealthCheckController(  594): Service initialized, syncing requests
02-01 19:18:41.589 I/PackageWatchdog(  594): Syncing health check requests for packages: {}
02-01 19:18:41.589 D/ExplicitHealthCheckController(  594): Getting health check supported packages
02-01 19:18:41.590 I/ExplicitHealthCheckController(  594): Explicit health check supported packages [PackageConfig{com.google.android.networkstack, 86400000}]
02-01 19:18:41.590 D/PackageWatchdog(  594): Received supported packages [PackageConfig{com.google.android.networkstack, 86400000}]
02-01 19:18:41.590 D/ExplicitHealthCheckController(  594): Getting health check requested packages
02-01 19:18:41.590 I/ExplicitHealthCheckController(  594): Explicit health check requested packages []
02-01 19:18:41.590 I/ExplicitHealthCheckController(  594): No more health check requests, unbinding...
02-01 19:18:41.592 I/ExplicitHealthCheckController(  594): Explicit health check service is unbound
02-01 19:18:41.598 I/RescueParty(  594): Starting to observe: [android, com.google.android.permissioncontroller, com.google.android.gms, com.android.settings, com.android.systemui], updated namespace: privacy
02-01 19:18:41.598 I/PackageWatchdog(  594): Syncing state, reason: observing new packages
02-01 19:18:41.598 D/PackageWatchdog(  594): rescue-party-observer added the following packages to monitor [android, com.google.android.permissioncontroller, com.google.android.gms, com.android.settings, com.android.systemui]
02-01 19:18:41.599 I/PackageWatchdog(  594): Syncing state, reason: updated observers
02-01 19:18:41.599 I/PackageWatchdog(  594): Saving observer state to file
02-01 19:18:41.599 I/PackageWatchdog(  594): Syncing health check requests for packages: {}
02-01 19:18:41.599 I/ExplicitHealthCheckController(  594): Service not ready to get health check supported packages. Binding...
02-01 19:18:41.600 I/ExplicitHealthCheckController(  594): Explicit health check service is bound
02-01 19:18:41.600 I/SafetyCenterService(  594): Safety Center is already enabled, ignoring change
02-01 19:18:41.601 I/PackageWatchdog(  594): Syncing health check requests for packages: {}
02-01 19:18:41.601 I/ExplicitHealthCheckController(  594): Service not ready to get health check supported packages. Binding...
02-01 19:18:41.601 I/ExplicitHealthCheckController(  594): Not binding to service, service already connecting
02-01 19:18:41.604 I/ExplicitHealthCheckController(  594): Explicit health check service is connected ComponentInfo{com.google.android.ext.services/android.ext.services.watchdog.ExplicitHealthCheckServiceImpl}
02-01 19:18:41.604 I/ExplicitHealthCheckController(  594): Service initialized, syncing requests
02-01 19:18:41.604 I/PackageWatchdog(  594): Syncing health check requests for packages: {}
02-01 19:18:41.604 D/ExplicitHealthCheckController(  594): Getting health check supported packages
02-01 19:18:41.605 I/ExplicitHealthCheckController(  594): Explicit health check supported packages [PackageConfig{com.google.android.networkstack, 86400000}]
02-01 19:18:41.605 D/PackageWatchdog(  594): Received supported packages [PackageConfig{com.google.android.networkstack, 86400000}]
02-01 19:18:41.605 D/ExplicitHealthCheckController(  594): Getting health check requested packages
02-01 19:18:41.605 I/ExplicitHealthCheckController(  594): Explicit health check requested packages []
02-01 19:18:41.605 I/ExplicitHealthCheckController(  594): No more health check requests, unbinding...
02-01 19:18:41.606 I/ExplicitHealthCheckController(  594): Explicit health check service is unbound
02-01 19:18:41.610 I/PlatformConfigurator( 1389): updateFromConfigurations using legacy put method [CONTEXT service_id=204 ]
02-01 19:18:41.616 E/SettingsToPropertiesMapper(  594): key=persist.device_config.configuration.AdbWritableFlags__adb_writable_flags_list value=adservices/disable_sdk_sandbox,adservices/enforce_broadcast_receiver_restrictions,adservices/fledge_ad_selection_enforce_foreground_status_custom_audience,adservices/fledge_custom_audience_max_count,adservices/fledge_custom_audience_max_num_ads,adservices/fledge_custom_audience_max_owner_count,adservices/fledge_custom_audience_per_app_max_count,adservices/fledge_js_isolate_enforce_max_heap_size,adservices/fledge_js_isolate_max_heap_size_bytes,adservices/sdk_request_permits_per_second,adservices/sdksandbox_customized_sdk_context_enabled,configuration/namespace_to_package_mapping,constrain_display_apis/always_constrain_display_apis,constrain_display_apis/never_constrain_display_apis,constrain_display_apis/never_constrain_display_apis_all_packages,device_policy_manager/disable_resources_updatability,flipendo/default_savings_mode_launch,flipendo/essential_apps,flipendo/flipendo_enabled_launch,flipendo/grayscale_enabled_launch,flipendo/lever_ble_scanning_enabled_launch,flipendo/lever_hotspot_enabled_launch,flipendo/lever_work_profile_enabled_launch,flipendo/resuspend_delay_minutes,namespace/key,namespace1/key1,namespace1/key2,namespace2/key1,namespace2/key2,package_manager_service/incfs_default_timeouts,package_manager_service/known_digesters_list,privacy/location_access_check_periodic_interval_millis,rollback/enable_rollback_timeout,rollback/watchdog_explicit_health_check_enabled,rollback/watchdog_request_timeout_millis,rollback/watchdog_trigger_failure_count,rollback/watchdog_trigger_failure_duration_millis,rollback_boot/rollback_lifetime_in_millis,systemui/nas_generate_actions,systemui/nas_generate_replies,systemui/nas_max_messages_to_extract,systemui/nas_max_suggestions,testspace/another,testspace/flagname,textclassifier/config_updater_model_enabled,textclassifier/key,textclassifier/key2,textclassifier/manifest_url_annotator_en,textclassifier/manifest_url_annotator_ru,textclassifier/model_download_backoff_delay_in_millis,textclassifier/model_download_manager_enabled,textclassifier/multi_language_support_enabled,textclassifier/testing_locale_list_override,textclassifier/textclassifier_service_package_override,window_manager/enable_default_rescind_bal_privileges_from_pending_intent_sender,wrong/nas_generate_replies, exceeds system property max length.
02-01 19:18:41.616 E/SettingsToPropertiesMapper(  594): key=persist.device_config.aconfig_flags.configuration.AdbWritableFlags__adb_writable_flags_list value=adservices/disable_sdk_sandbox,adservices/enforce_broadcast_receiver_restrictions,adservices/fledge_ad_selection_enforce_foreground_status_custom_audience,adservices/fledge_custom_audience_max_count,adservices/fledge_custom_audience_max_num_ads,adservices/fledge_custom_audience_max_owner_count,adservices/fledge_custom_audience_per_app_max_count,adservices/fledge_js_isolate_enforce_max_heap_size,adservices/fledge_js_isolate_max_heap_size_bytes,adservices/sdk_request_permits_per_second,adservices/sdksandbox_customized_sdk_context_enabled,configuration/namespace_to_package_mapping,constrain_display_apis/always_constrain_display_apis,constrain_display_apis/never_constrain_display_apis,constrain_display_apis/never_constrain_display_apis_all_packages,device_policy_manager/disable_resources_updatability,flipendo/default_savings_mode_launch,flipendo/essential_apps,flipendo/flipendo_enabled_launch,flipendo/grayscale_enabled_launch,flipendo/lever_ble_scanning_enabled_launch,flipendo/lever_hotspot_enabled_launch,flipendo/lever_work_profile_enabled_launch,flipendo/resuspend_delay_minutes,namespace/key,namespace1/key1,namespace1/key2,namespace2/key1,namespace2/key2,package_manager_service/incfs_default_timeouts,package_manager_service/known_digesters_list,privacy/location_access_check_periodic_interval_millis,rollback/enable_rollback_timeout,rollback/watchdog_explicit_health_check_enabled,rollback/watchdog_request_timeout_millis,rollback/watchdog_trigger_failure_count,rollback/watchdog_trigger_failure_duration_millis,rollback_boot/rollback_lifetime_in_millis,systemui/nas_generate_actions,systemui/nas_generate_replies,systemui/nas_max_messages_to_extract,systemui/nas_max_suggestions,testspace/another,testspace/flagname,textclassifier/config_updater_model_enabled,textclassifier/key,textclassifier/key2,textclassifier/manifest_url_annotator_en,textclassifier/manifest_url_annotator_ru,textclassifier/model_download_backoff_delay_in_millis,textclassifier/model_download_manager_enabled,textclassifier/multi_language_support_enabled,textclassifier/testing_locale_list_override,textclassifier/textclassifier_service_package_override,window_manager/enable_default_rescind_bal_privileges_from_pending_intent_sender,wrong/nas_generate_replies, exceeds system property max length.
02-01 19:18:41.619 I/RescueParty(  594): Starting to observe: [android], updated namespace: alarm_manager
02-01 19:18:41.620 I/PackageWatchdog(  594): Syncing state, reason: observing new packages
02-01 19:18:41.620 D/PackageWatchdog(  594): rescue-party-observer added the following packages to monitor [android]
02-01 19:18:41.620 I/PackageWatchdog(  594): Syncing state, reason: updated observers
02-01 19:18:41.620 I/PackageWatchdog(  594): Not pruning observers, elapsed time: 0ms
02-01 19:18:41.620 I/PackageWatchdog(  594): Saving observer state to file
02-01 19:18:41.623 I/PackageWatchdog(  594): Syncing health check requests for packages: {}
02-01 19:18:41.623 I/ExplicitHealthCheckController(  594): Service not ready to get health check supported packages. Binding...
02-01 19:18:41.625 I/ExplicitHealthCheckController(  594): Explicit health check service is bound
02-01 19:18:41.626 I/ExplicitHealthCheckController(  594): Explicit health check service is connected ComponentInfo{com.google.android.ext.services/android.ext.services.watchdog.ExplicitHealthCheckServiceImpl}
02-01 19:18:41.626 I/ExplicitHealthCheckController(  594): Service initialized, syncing requests
02-01 19:18:41.626 I/PackageWatchdog(  594): Syncing health check requests for packages: {}
02-01 19:18:41.626 D/ExplicitHealthCheckController(  594): Getting health check supported packages
02-01 19:18:41.627 I/ExplicitHealthCheckController(  594): Explicit health check supported packages [PackageConfig{com.google.android.networkstack, 86400000}]
02-01 19:18:41.627 D/PackageWatchdog(  594): Received supported packages [PackageConfig{com.google.android.networkstack, 86400000}]
02-01 19:18:41.627 D/ExplicitHealthCheckController(  594): Getting health check requested packages
02-01 19:18:41.628 I/ExplicitHealthCheckController(  594): Explicit health check requested packages []
02-01 19:18:41.628 I/ExplicitHealthCheckController(  594): No more health check requests, unbinding...
02-01 19:18:41.629 I/ExplicitHealthCheckController(  594): Explicit health check service is unbound
02-01 19:18:41.642 W/PlatformConfigurator( 1389): Update for unknown DeviceConfig package com.google.android.gms.backup [CONTEXT service_id=204 ]
02-01 19:18:41.642 W/PlatformConfigurator( 1389): daaf: No package exists for config package: com.google.android.gms.backup
02-01 19:18:41.642 W/PlatformConfigurator( 1389): 	at com.google.android.gms.platformconfigurator.PhenotypeConfigurationUpdateListener.b(:com.google.android.gms@242335041@24.23.35 (190800-646585959):233)
02-01 19:18:41.642 W/PlatformConfigurator( 1389): 	at com.google.android.gms.platformconfigurator.PhenotypeConfigurationUpdateListener.a(:com.google.android.gms@242335041@24.23.35 (190800-646585959):29)
02-01 19:18:41.642 W/PlatformConfigurator( 1389): 	at com.google.android.gms.platformconfigurator.PhenotypeConfigurationUpdateListener.onHandleIntent(:com.google.android.gms@242335041@24.23.35 (190800-646585959):207)
02-01 19:18:41.642 W/PlatformConfigurator( 1389): 	at com.google.android.chimera.IntentOperation.onHandleIntent(:com.google.android.gms@242335041@24.23.35 (190800-646585959):2)
02-01 19:18:41.642 W/PlatformConfigurator( 1389): 	at ajom.onHandleIntent(:com.google.android.gms@242335041@24.23.35 (190800-646585959):8)
02-01 19:18:41.642 W/PlatformConfigurator( 1389): 	at pkf.run(:com.google.android.gms@242335041@24.23.35 (190800-646585959):70)
02-01 19:18:41.642 W/PlatformConfigurator( 1389): 	at pke.run(:com.google.android.gms@242335041@24.23.35 (190800-646585959):152)
02-01 19:18:41.642 W/PlatformConfigurator( 1389): 	at emsz.run(:com.google.android.gms@242335041@24.23.35 (190800-646585959):21)
02-01 19:18:41.642 W/PlatformConfigurator( 1389): 	at java.util.concurrent.ThreadPoolExecutor.runWorker(ThreadPoolExecutor.java:1145)
02-01 19:18:41.642 W/PlatformConfigurator( 1389): 	at java.util.concurrent.ThreadPoolExecutor$Worker.run(ThreadPoolExecutor.java:644)
02-01 19:18:41.642 W/PlatformConfigurator( 1389): 	at java.lang.Thread.run(Thread.java:1012)
02-01 19:18:41.642 V/Backup  ( 1594): [CustomDownloadSchedulingIO] Received Action: com.google.android.gms.phenotype.com.google.android.gms.backup.COMMITTED
02-01 19:18:41.642 V/Backup  ( 1594): [CustomDownloadSchedulingIO] customBackupDownloadEnableSuwTriggerWithGmsUpdateCheck flag on
02-01 19:18:41.643 W/Backup  ( 1594): [GmsBackupSchedulerIO] Intent not supported: com.google.android.gms.phenotype.com.google.android.gms.backup.COMMITTED
02-01 19:18:41.643 V/Backup  ( 1594): [G1ModuleInitIntentOperation] Flags updated
02-01 19:18:41.643 V/Backup  ( 1594): [G1ModuleInitIntentOperation] Running restore operation is disabled by flag
02-01 19:18:41.643 W/ChimeraUtils( 1594): Module com.google.android.gms.backup_g1 missing resource null(0)
02-01 19:18:41.644 W/ChimeraUtils( 1594): Module com.google.android.gms.backup_g1 missing resource null(0)
02-01 19:18:41.645 W/ChimeraUtils( 1594): Module com.google.android.gms.backup_g1 missing resource null(0)
02-01 19:18:41.669 I/PTCommittedOperation( 1389): Receive new configuration for com.google.android.gms.auth_account
02-01 19:18:41.669 W/PlatformConfigurator( 1389): Update for unknown DeviceConfig package com.google.android.gms.auth_account [CONTEXT service_id=204 ]
02-01 19:18:41.669 W/PlatformConfigurator( 1389): daaf: No package exists for config package: com.google.android.gms.auth_account
02-01 19:18:41.669 W/PlatformConfigurator( 1389): 	at com.google.android.gms.platformconfigurator.PhenotypeConfigurationUpdateListener.b(:com.google.android.gms@242335041@24.23.35 (190800-646585959):233)
02-01 19:18:41.669 W/PlatformConfigurator( 1389): 	at com.google.android.gms.platformconfigurator.PhenotypeConfigurationUpdateListener.a(:com.google.android.gms@242335041@24.23.35 (190800-646585959):29)
02-01 19:18:41.669 W/PlatformConfigurator( 1389): 	at com.google.android.gms.platformconfigurator.PhenotypeConfigurationUpdateListener.onHandleIntent(:com.google.android.gms@242335041@24.23.35 (190800-646585959):207)
02-01 19:18:41.669 W/PlatformConfigurator( 1389): 	at com.google.android.chimera.IntentOperation.onHandleIntent(:com.google.android.gms@242335041@24.23.35 (190800-646585959):2)
02-01 19:18:41.669 W/PlatformConfigurator( 1389): 	at ajom.onHandleIntent(:com.google.android.gms@242335041@24.23.35 (190800-646585959):8)
02-01 19:18:41.669 W/PlatformConfigurator( 1389): 	at pkf.run(:com.google.android.gms@242335041@24.23.35 (190800-646585959):70)
02-01 19:18:41.669 W/PlatformConfigurator( 1389): 	at pke.run(:com.google.android.gms@242335041@24.23.35 (190800-646585959):152)
02-01 19:18:41.669 W/PlatformConfigurator( 1389): 	at emsz.run(:com.google.android.gms@242335041@24.23.35 (190800-646585959):21)
02-01 19:18:41.669 W/PlatformConfigurator( 1389): 	at java.util.concurrent.ThreadPoolExecutor.runWorker(ThreadPoolExecutor.java:1145)
02-01 19:18:41.669 W/PlatformConfigurator( 1389): 	at java.util.concurrent.ThreadPoolExecutor$Worker.run(ThreadPoolExecutor.java:644)
02-01 19:18:41.669 W/PlatformConfigurator( 1389): 	at java.lang.Thread.run(Thread.java:1012)
02-01 19:18:41.670 W/ModuleInitIntentOp( 1594): Dropping unexpected action com.google.android.gms.phenotype.COMMITTED
02-01 19:18:41.670 W/ModuleInitIntentOp( 1594): Dropping unexpected action com.google.android.gms.phenotype.COMMITTED
02-01 19:18:41.672 W/ModuleInitIntentOp( 1594): Dropping unexpected action com.google.android.gms.phenotype.COMMITTED
02-01 19:18:41.675 W/PlatformConfigurator( 1389): Update for unknown DeviceConfig package com.google.android.location [CONTEXT service_id=204 ]
02-01 19:18:41.675 W/PlatformConfigurator( 1389): daaf: No package exists for config package: com.google.android.location
02-01 19:18:41.675 W/PlatformConfigurator( 1389): 	at com.google.android.gms.platformconfigurator.PhenotypeConfigurationUpdateListener.b(:com.google.android.gms@242335041@24.23.35 (190800-646585959):233)
02-01 19:18:41.675 W/PlatformConfigurator( 1389): 	at com.google.android.gms.platformconfigurator.PhenotypeConfigurationUpdateListener.a(:com.google.android.gms@242335041@24.23.35 (190800-646585959):29)
02-01 19:18:41.675 W/PlatformConfigurator( 1389): 	at com.google.android.gms.platformconfigurator.PhenotypeConfigurationUpdateListener.onHandleIntent(:com.google.android.gms@242335041@24.23.35 (190800-646585959):207)
02-01 19:18:41.675 W/PlatformConfigurator( 1389): 	at com.google.android.chimera.IntentOperation.onHandleIntent(:com.google.android.gms@242335041@24.23.35 (190800-646585959):2)
02-01 19:18:41.675 W/PlatformConfigurator( 1389): 	at ajom.onHandleIntent(:com.google.android.gms@242335041@24.23.35 (190800-646585959):8)
02-01 19:18:41.675 W/PlatformConfigurator( 1389): 	at pkf.run(:com.google.android.gms@242335041@24.23.35 (190800-646585959):70)
02-01 19:18:41.675 W/PlatformConfigurator( 1389): 	at pke.run(:com.google.android.gms@242335041@24.23.35 (190800-646585959):152)
02-01 19:18:41.675 W/PlatformConfigurator( 1389): 	at emsz.run(:com.google.android.gms@242335041@24.23.35 (190800-646585959):21)
02-01 19:18:41.675 W/PlatformConfigurator( 1389): 	at java.util.concurrent.ThreadPoolExecutor.runWorker(ThreadPoolExecutor.java:1145)
02-01 19:18:41.675 W/PlatformConfigurator( 1389): 	at java.util.concurrent.ThreadPoolExecutor$Worker.run(ThreadPoolExecutor.java:644)
02-01 19:18:41.675 W/PlatformConfigurator( 1389): 	at java.lang.Thread.run(Thread.java:1012)
02-01 19:18:41.676 I/SyncIntentOperation( 1594): Handling the intent: Intent { act=com.google.android.gms.phenotype.COMMITTED pkg=com.google.android.gms cmp=com.google.android.gms/.chimera.GmsIntentOperationService (has extras) }. [CONTEXT service_id=80 ]
02-01 19:18:41.676 I/MdiSyncModule( 1594): flag handling is skipping irrelevant intent.
02-01 19:18:41.677 I/MlBenchmarkInstaller( 1594): Intent: com.google.android.gms.phenotype.COMMITTED [CONTEXT service_id=340 ]
02-01 19:18:41.677 I/MlBenchmarkInstaller( 1594): COMMITTED Extra package name: com.google.android.gms.auth_account [CONTEXT service_id=340 ]
02-01 19:18:41.677 W/ModuleInitIntentOp( 1594): Dropping unexpected action com.google.android.gms.phenotype.COMMITTED
02-01 19:18:41.678 I/LocationHistory( 1594): [IntentOperation] Handling action com.google.android.gms.phenotype.COMMITTED [CONTEXT service_id=314 ]
02-01 19:18:41.678 I/GmsSyncPolicyEngine( 1594): Periodic sync 1 disabled by policy, cancelled.
02-01 19:18:41.679 I/GmsSyncPolicyEngine( 1594): Periodic sync 2 disabled by policy, cancelled.
02-01 19:18:41.679 I/GmsSyncPolicyEngine( 1594): Periodic sync 3 disabled by policy, cancelled.
02-01 19:18:41.706 W/PlatformConfigurator( 1389): Update for unknown DeviceConfig package com.google.android.gms.nearby [CONTEXT service_id=204 ]
02-01 19:18:41.706 W/PlatformConfigurator( 1389): daaf: No package exists for config package: com.google.android.gms.nearby
02-01 19:18:41.706 W/PlatformConfigurator( 1389): 	at com.google.android.gms.platformconfigurator.PhenotypeConfigurationUpdateListener.b(:com.google.android.gms@242335041@24.23.35 (190800-646585959):233)
02-01 19:18:41.706 W/PlatformConfigurator( 1389): 	at com.google.android.gms.platformconfigurator.PhenotypeConfigurationUpdateListener.a(:com.google.android.gms@242335041@24.23.35 (190800-646585959):29)
02-01 19:18:41.706 W/PlatformConfigurator( 1389): 	at com.google.android.gms.platformconfigurator.PhenotypeConfigurationUpdateListener.onHandleIntent(:com.google.android.gms@242335041@24.23.35 (190800-646585959):207)
02-01 19:18:41.706 W/PlatformConfigurator( 1389): 	at com.google.android.chimera.IntentOperation.onHandleIntent(:com.google.android.gms@242335041@24.23.35 (190800-646585959):2)
02-01 19:18:41.706 W/PlatformConfigurator( 1389): 	at ajom.onHandleIntent(:com.google.android.gms@242335041@24.23.35 (190800-646585959):8)
02-01 19:18:41.706 W/PlatformConfigurator( 1389): 	at pkf.run(:com.google.android.gms@242335041@24.23.35 (190800-646585959):70)
02-01 19:18:41.706 W/PlatformConfigurator( 1389): 	at pke.run(:com.google.android.gms@242335041@24.23.35 (190800-646585959):152)
02-01 19:18:41.706 W/PlatformConfigurator( 1389): 	at emsz.run(:com.google.android.gms@242335041@24.23.35 (190800-646585959):21)
02-01 19:18:41.706 W/PlatformConfigurator( 1389): 	at java.util.concurrent.ThreadPoolExecutor.runWorker(ThreadPoolExecutor.java:1145)
02-01 19:18:41.706 W/PlatformConfigurator( 1389): 	at java.util.concurrent.ThreadPoolExecutor$Worker.run(ThreadPoolExecutor.java:644)
02-01 19:18:41.706 W/PlatformConfigurator( 1389): 	at java.lang.Thread.run(Thread.java:1012)
02-01 19:18:41.707 I/NearbyFastPair( 1594): TaskSchedulerUtils cancelTask TAG_FOOTPRINTS_PERIODIC_SCHEDULE success. [CONTEXT service_id=265 ]
02-01 19:18:41.708 I/NearbyConnections( 1389): Runtime state initialization complete. Nearby connections setting is disabled
02-01 19:18:41.708 I/Nearby  ( 1389): Beginning attempt #1 for RestoreDeviceName... [CONTEXT service_id=49 ]
02-01 19:18:41.708 W/CCTFlatFileLogStore( 1389): Excessive logging: 128 events, 210330 bytes from log source PHENOTYPE last 0s
02-01 19:18:41.709 I/NearbyMediums( 1389): BluetoothAdapter's name was not set by Nearby Connections, ignoring call to restore default scan mode.
02-01 19:18:41.709 I/NearbyMediums( 1389): BluetoothAdapter's name was not set by Nearby Connections, ignoring call to restore device name
02-01 19:18:41.711 I/NearbySharing( 1594): onBindSlice failed since shareTargets is empty [CONTEXT service_id=194 ]
02-01 19:18:41.713 I/NearbySharing( 1594): Granted slice and uri permissions to com.samsung.android.app.nearbyshare.theme [CONTEXT service_id=194 ]
02-01 19:18:41.714 I/NearbySharing( 1594): Granted slice and uri permissions to android [CONTEXT service_id=194 ]
02-01 19:18:41.715 I/NearbySharing( 1594): Granted slice and uri permissions to com.google.android.apps.nbu.files [CONTEXT service_id=194 ]
02-01 19:18:41.715 I/NearbySharing( 1594): Granted slice and uri permissions to com.samsung.android.app.sharelive [CONTEXT service_id=194 ]
02-01 19:18:41.718 I/NearbySharing( 1389): ReceiveSurfaceService started [CONTEXT service_id=194 ]
02-01 19:18:41.720 I/NearbySharing( 1389): SendSurfaceService started [CONTEXT service_id=194 ]
02-01 19:18:41.721 I/NearbySharing( 1594): Runtime state initialization complete. Sharing is enabled. [CONTEXT service_id=194 ]
02-01 19:18:41.729 W/PlatformConfigurator( 1389): Update for unknown DeviceConfig package com.google.android.gms.auth.proximity [CONTEXT service_id=204 ]
02-01 19:18:41.729 W/PlatformConfigurator( 1389): daaf: No package exists for config package: com.google.android.gms.auth.proximity
02-01 19:18:41.729 W/PlatformConfigurator( 1389): 	at com.google.android.gms.platformconfigurator.PhenotypeConfigurationUpdateListener.b(:com.google.android.gms@242335041@24.23.35 (190800-646585959):233)
02-01 19:18:41.729 W/PlatformConfigurator( 1389): 	at com.google.android.gms.platformconfigurator.PhenotypeConfigurationUpdateListener.a(:com.google.android.gms@242335041@24.23.35 (190800-646585959):29)
02-01 19:18:41.729 W/PlatformConfigurator( 1389): 	at com.google.android.gms.platformconfigurator.PhenotypeConfigurationUpdateListener.onHandleIntent(:com.google.android.gms@242335041@24.23.35 (190800-646585959):207)
02-01 19:18:41.729 W/PlatformConfigurator( 1389): 	at com.google.android.chimera.IntentOperation.onHandleIntent(:com.google.android.gms@242335041@24.23.35 (190800-646585959):2)
02-01 19:18:41.729 W/PlatformConfigurator( 1389): 	at ajom.onHandleIntent(:com.google.android.gms@242335041@24.23.35 (190800-646585959):8)
02-01 19:18:41.729 W/PlatformConfigurator( 1389): 	at pkf.run(:com.google.android.gms@242335041@24.23.35 (190800-646585959):70)
02-01 19:18:41.729 W/PlatformConfigurator( 1389): 	at pke.run(:com.google.android.gms@242335041@24.23.35 (190800-646585959):152)
02-01 19:18:41.729 W/PlatformConfigurator( 1389): 	at emsz.run(:com.google.android.gms@242335041@24.23.35 (190800-646585959):21)
02-01 19:18:41.729 W/PlatformConfigurator( 1389): 	at java.util.concurrent.ThreadPoolExecutor.runWorker(ThreadPoolExecutor.java:1145)
02-01 19:18:41.729 W/PlatformConfigurator( 1389): 	at java.util.concurrent.ThreadPoolExecutor$Worker.run(ThreadPoolExecutor.java:644)
02-01 19:18:41.729 W/PlatformConfigurator( 1389): 	at java.lang.Thread.run(Thread.java:1012)
02-01 19:18:41.732 I/ProximityAuth( 1389): [FeatureLoader] auth_easyunlock module load status: 2
02-01 19:18:41.734 I/ProximityAuth( 1389): [PhoneHubService] Handling intent for PhoneHubChimeraService.
02-01 19:18:41.736 I/ProximityAuth( 1389): [PhoneHubService] No enabled account, stopping service
02-01 19:18:41.737 I/ProximityAuth( 1389): [PhoneHubService] Destroying PhoneHubChimeraService.
02-01 19:18:41.737 W/ProximityAuth( 1389): [PhoneHubNotificationProcessor] shutdown(): context is null.
02-01 19:18:41.737 I/ProximityAuth( 1389): [PhoneHubService] All devices have disconnected. Performing cleanup...
02-01 19:18:41.737 W/ChimeraUtils( 1389): Module com.google.android.gms.auth_proximity missing resource null(0)
02-01 19:18:41.738 W/ProximityAuth( 1389): [GetSyncedDevices] Attestation: No devices out of 0 passed verification.
02-01 19:18:41.746 W/ModuleInitIntentOp( 1594): Dropping unexpected action com.google.android.gms.phenotype.COMMITTED
02-01 19:18:41.746 I/PTCommittedOperation( 1389): Receive new configuration for com.google.android.gms.wearable
02-01 19:18:41.746 W/ModuleInitIntentOp( 1594): Dropping unexpected action com.google.android.gms.phenotype.COMMITTED
02-01 19:18:41.747 I/MdiSyncModule( 1594): flag handling is skipping irrelevant intent.
02-01 19:18:41.749 I/MlBenchmarkInstaller( 1594): Intent: com.google.android.gms.phenotype.COMMITTED [CONTEXT service_id=340 ]
02-01 19:18:41.749 I/MlBenchmarkInstaller( 1594): COMMITTED Extra package name: com.google.android.gms.wearable [CONTEXT service_id=340 ]
02-01 19:18:41.749 W/ModuleInitIntentOp( 1594): Dropping unexpected action com.google.android.gms.phenotype.COMMITTED
02-01 19:18:41.749 W/ModuleInitIntentOp( 1594): Dropping unexpected action com.google.android.gms.phenotype.COMMITTED
02-01 19:18:41.749 I/SyncIntentOperation( 1594): Handling the intent: Intent { act=com.google.android.gms.phenotype.COMMITTED pkg=com.google.android.gms cmp=com.google.android.gms/.chimera.GmsIntentOperationService (has extras) }. [CONTEXT service_id=80 ]
02-01 19:18:41.749 W/PlatformConfigurator( 1389): Update for unknown DeviceConfig package com.google.android.gms.wearable [CONTEXT service_id=204 ]
02-01 19:18:41.749 W/PlatformConfigurator( 1389): daaf: No package exists for config package: com.google.android.gms.wearable
02-01 19:18:41.749 W/PlatformConfigurator( 1389): 	at com.google.android.gms.platformconfigurator.PhenotypeConfigurationUpdateListener.b(:com.google.android.gms@242335041@24.23.35 (190800-646585959):233)
02-01 19:18:41.749 W/PlatformConfigurator( 1389): 	at com.google.android.gms.platformconfigurator.PhenotypeConfigurationUpdateListener.a(:com.google.android.gms@242335041@24.23.35 (190800-646585959):29)
02-01 19:18:41.749 W/PlatformConfigurator( 1389): 	at com.google.android.gms.platformconfigurator.PhenotypeConfigurationUpdateListener.onHandleIntent(:com.google.android.gms@242335041@24.23.35 (190800-646585959):207)
02-01 19:18:41.749 W/PlatformConfigurator( 1389): 	at com.google.android.chimera.IntentOperation.onHandleIntent(:com.google.android.gms@242335041@24.23.35 (190800-646585959):2)
02-01 19:18:41.749 W/PlatformConfigurator( 1389): 	at ajom.onHandleIntent(:com.google.android.gms@242335041@24.23.35 (190800-646585959):8)
02-01 19:18:41.749 W/PlatformConfigurator( 1389): 	at pkf.run(:com.google.android.gms@242335041@24.23.35 (190800-646585959):70)
02-01 19:18:41.749 W/PlatformConfigurator( 1389): 	at pke.run(:com.google.android.gms@242335041@24.23.35 (190800-646585959):152)
02-01 19:18:41.749 W/PlatformConfigurator( 1389): 	at emsz.run(:com.google.android.gms@242335041@24.23.35 (190800-646585959):21)
02-01 19:18:41.749 W/PlatformConfigurator( 1389): 	at java.util.concurrent.ThreadPoolExecutor.runWorker(ThreadPoolExecutor.java:1145)
02-01 19:18:41.749 W/PlatformConfigurator( 1389): 	at java.util.concurrent.ThreadPoolExecutor$Worker.run(ThreadPoolExecutor.java:644)
02-01 19:18:41.749 W/PlatformConfigurator( 1389): 	at java.lang.Thread.run(Thread.java:1012)
02-01 19:18:41.749 I/LocationHistory( 1594): [IntentOperation] Handling action com.google.android.gms.phenotype.COMMITTED [CONTEXT service_id=314 ]
02-01 19:18:41.751 I/GmsSyncPolicyEngine( 1594): Periodic sync 1 disabled by policy, cancelled.
02-01 19:18:41.751 I/GmsSyncPolicyEngine( 1594): Periodic sync 2 disabled by policy, cancelled.
02-01 19:18:41.752 I/GmsSyncPolicyEngine( 1594): Periodic sync 3 disabled by policy, cancelled.
02-01 19:18:41.765 W/PlatformConfigurator( 1389): Update for unknown DeviceConfig package com.google.android.gms.icing.mdd [CONTEXT service_id=204 ]
02-01 19:18:41.765 W/PlatformConfigurator( 1389): daaf: No package exists for config package: com.google.android.gms.icing.mdd
02-01 19:18:41.765 W/PlatformConfigurator( 1389): 	at com.google.android.gms.platformconfigurator.PhenotypeConfigurationUpdateListener.b(:com.google.android.gms@242335041@24.23.35 (190800-646585959):233)
02-01 19:18:41.765 W/PlatformConfigurator( 1389): 	at com.google.android.gms.platformconfigurator.PhenotypeConfigurationUpdateListener.a(:com.google.android.gms@242335041@24.23.35 (190800-646585959):29)
02-01 19:18:41.765 W/PlatformConfigurator( 1389): 	at com.google.android.gms.platformconfigurator.PhenotypeConfigurationUpdateListener.onHandleIntent(:com.google.android.gms@242335041@24.23.35 (190800-646585959):207)
02-01 19:18:41.765 W/PlatformConfigurator( 1389): 	at com.google.android.chimera.IntentOperation.onHandleIntent(:com.google.android.gms@242335041@24.23.35 (190800-646585959):2)
02-01 19:18:41.765 W/PlatformConfigurator( 1389): 	at ajom.onHandleIntent(:com.google.android.gms@242335041@24.23.35 (190800-646585959):8)
02-01 19:18:41.765 W/PlatformConfigurator( 1389): 	at pkf.run(:com.google.android.gms@242335041@24.23.35 (190800-646585959):70)
02-01 19:18:41.765 W/PlatformConfigurator( 1389): 	at pke.run(:com.google.android.gms@242335041@24.23.35 (190800-646585959):152)
02-01 19:18:41.765 W/PlatformConfigurator( 1389): 	at emsz.run(:com.google.android.gms@242335041@24.23.35 (190800-646585959):21)
02-01 19:18:41.765 W/PlatformConfigurator( 1389): 	at java.util.concurrent.ThreadPoolExecutor.runWorker(ThreadPoolExecutor.java:1145)
02-01 19:18:41.765 W/PlatformConfigurator( 1389): 	at java.util.concurrent.ThreadPoolExecutor$Worker.run(ThreadPoolExecutor.java:644)
02-01 19:18:41.765 W/PlatformConfigurator( 1389): 	at java.lang.Thread.run(Thread.java:1012)
02-01 19:18:41.772 E/MDD     ( 1594): FileGroupManager: Trying to add expired group enpromo-state-config.
02-01 19:18:41.772 W/MDD     ( 1594): MDDManager class dwld
02-01 19:18:41.789 W/ModuleInitIntentOp( 1594): Dropping unexpected action com.google.android.gms.phenotype.COMMITTED
02-01 19:18:41.789 W/ModuleInitIntentOp( 1594): Dropping unexpected action com.google.android.gms.phenotype.COMMITTED
02-01 19:18:41.790 I/SyncIntentOperation( 1594): Handling the intent: Intent { act=com.google.android.gms.phenotype.COMMITTED pkg=com.google.android.gms cmp=com.google.android.gms/.chimera.GmsIntentOperationService (has extras) }. [CONTEXT service_id=80 ]
02-01 19:18:41.790 W/ModuleInitIntentOp( 1594): Dropping unexpected action com.google.android.gms.phenotype.COMMITTED
02-01 19:18:41.790 I/MdiSyncModule( 1594): flag handling is skipping irrelevant intent.
02-01 19:18:41.790 I/MlBenchmarkInstaller( 1594): Intent: com.google.android.gms.phenotype.COMMITTED [CONTEXT service_id=340 ]
02-01 19:18:41.790 I/MlBenchmarkInstaller( 1594): COMMITTED Extra package name: com.google.android.gms.gcm [CONTEXT service_id=340 ]
02-01 19:18:41.791 W/ModuleInitIntentOp( 1594): Dropping unexpected action com.google.android.gms.phenotype.COMMITTED
02-01 19:18:41.791 I/LocationHistory( 1594): [IntentOperation] Handling action com.google.android.gms.phenotype.COMMITTED [CONTEXT service_id=314 ]
02-01 19:18:41.792 I/GmsSyncPolicyEngine( 1594): Periodic sync 1 disabled by policy, cancelled.
02-01 19:18:41.792 I/GmsSyncPolicyEngine( 1594): Periodic sync 2 disabled by policy, cancelled.
02-01 19:18:41.793 I/GmsSyncPolicyEngine( 1594): Periodic sync 3 disabled by policy, cancelled.
02-01 19:18:41.794 I/PTCommittedOperation( 1389): Receive new configuration for com.google.android.gms.gcm
02-01 19:18:41.794 W/PlatformConfigurator( 1389): Update for unknown DeviceConfig package com.google.android.gms.gcm [CONTEXT service_id=204 ]
02-01 19:18:41.794 W/PlatformConfigurator( 1389): daaf: No package exists for config package: com.google.android.gms.gcm
02-01 19:18:41.794 W/PlatformConfigurator( 1389): 	at com.google.android.gms.platformconfigurator.PhenotypeConfigurationUpdateListener.b(:com.google.android.gms@242335041@24.23.35 (190800-646585959):233)
02-01 19:18:41.794 W/PlatformConfigurator( 1389): 	at com.google.android.gms.platformconfigurator.PhenotypeConfigurationUpdateListener.a(:com.google.android.gms@242335041@24.23.35 (190800-646585959):29)
02-01 19:18:41.794 W/PlatformConfigurator( 1389): 	at com.google.android.gms.platformconfigurator.PhenotypeConfigurationUpdateListener.onHandleIntent(:com.google.android.gms@242335041@24.23.35 (190800-646585959):207)
02-01 19:18:41.794 W/PlatformConfigurator( 1389): 	at com.google.android.chimera.IntentOperation.onHandleIntent(:com.google.android.gms@242335041@24.23.35 (190800-646585959):2)
02-01 19:18:41.794 W/PlatformConfigurator( 1389): 	at ajom.onHandleIntent(:com.google.android.gms@242335041@24.23.35 (190800-646585959):8)
02-01 19:18:41.794 W/PlatformConfigurator( 1389): 	at pkf.run(:com.google.android.gms@242335041@24.23.35 (190800-646585959):70)
02-01 19:18:41.794 W/PlatformConfigurator( 1389): 	at pke.run(:com.google.android.gms@242335041@24.23.35 (190800-646585959):152)
02-01 19:18:41.794 W/PlatformConfigurator( 1389): 	at emsz.run(:com.google.android.gms@242335041@24.23.35 (190800-646585959):21)
02-01 19:18:41.794 W/PlatformConfigurator( 1389): 	at java.util.concurrent.ThreadPoolExecutor.runWorker(ThreadPoolExecutor.java:1145)
02-01 19:18:41.794 W/PlatformConfigurator( 1389): 	at java.util.concurrent.ThreadPoolExecutor$Worker.run(ThreadPoolExecutor.java:644)
02-01 19:18:41.794 W/PlatformConfigurator( 1389): 	at java.lang.Thread.run(Thread.java:1012)
02-01 19:18:41.818 W/PlatformConfigurator( 1389): Update for unknown DeviceConfig package com.google.android.gms.ipa [CONTEXT service_id=204 ]
02-01 19:18:41.818 W/PlatformConfigurator( 1389): daaf: No package exists for config package: com.google.android.gms.ipa
02-01 19:18:41.818 W/PlatformConfigurator( 1389): 	at com.google.android.gms.platformconfigurator.PhenotypeConfigurationUpdateListener.b(:com.google.android.gms@242335041@24.23.35 (190800-646585959):233)
02-01 19:18:41.818 W/PlatformConfigurator( 1389): 	at com.google.android.gms.platformconfigurator.PhenotypeConfigurationUpdateListener.a(:com.google.android.gms@242335041@24.23.35 (190800-646585959):29)
02-01 19:18:41.818 W/PlatformConfigurator( 1389): 	at com.google.android.gms.platformconfigurator.PhenotypeConfigurationUpdateListener.onHandleIntent(:com.google.android.gms@242335041@24.23.35 (190800-646585959):207)
02-01 19:18:41.818 W/PlatformConfigurator( 1389): 	at com.google.android.chimera.IntentOperation.onHandleIntent(:com.google.android.gms@242335041@24.23.35 (190800-646585959):2)
02-01 19:18:41.818 W/PlatformConfigurator( 1389): 	at ajom.onHandleIntent(:com.google.android.gms@242335041@24.23.35 (190800-646585959):8)
02-01 19:18:41.818 W/PlatformConfigurator( 1389): 	at pkf.run(:com.google.android.gms@242335041@24.23.35 (190800-646585959):70)
02-01 19:18:41.818 W/PlatformConfigurator( 1389): 	at pke.run(:com.google.android.gms@242335041@24.23.35 (190800-646585959):152)
02-01 19:18:41.818 W/PlatformConfigurator( 1389): 	at emsz.run(:com.google.android.gms@242335041@24.23.35 (190800-646585959):21)
02-01 19:18:41.818 W/PlatformConfigurator( 1389): 	at java.util.concurrent.ThreadPoolExecutor.runWorker(ThreadPoolExecutor.java:1145)
02-01 19:18:41.818 W/PlatformConfigurator( 1389): 	at java.util.concurrent.ThreadPoolExecutor$Worker.run(ThreadPoolExecutor.java:644)
02-01 19:18:41.818 W/PlatformConfigurator( 1389): 	at java.lang.Thread.run(Thread.java:1012)
02-01 19:18:41.832 W/PlatformConfigurator( 1389): Update for unknown DeviceConfig package com.google.android.gms.ocr [CONTEXT service_id=204 ]
02-01 19:18:41.832 W/PlatformConfigurator( 1389): daaf: No package exists for config package: com.google.android.gms.ocr
02-01 19:18:41.832 W/PlatformConfigurator( 1389): 	at com.google.android.gms.platformconfigurator.PhenotypeConfigurationUpdateListener.b(:com.google.android.gms@242335041@24.23.35 (190800-646585959):233)
02-01 19:18:41.832 W/PlatformConfigurator( 1389): 	at com.google.android.gms.platformconfigurator.PhenotypeConfigurationUpdateListener.a(:com.google.android.gms@242335041@24.23.35 (190800-646585959):29)
02-01 19:18:41.832 W/PlatformConfigurator( 1389): 	at com.google.android.gms.platformconfigurator.PhenotypeConfigurationUpdateListener.onHandleIntent(:com.google.android.gms@242335041@24.23.35 (190800-646585959):207)
02-01 19:18:41.832 W/PlatformConfigurator( 1389): 	at com.google.android.chimera.IntentOperation.onHandleIntent(:com.google.android.gms@242335041@24.23.35 (190800-646585959):2)
02-01 19:18:41.832 W/PlatformConfigurator( 1389): 	at ajom.onHandleIntent(:com.google.android.gms@242335041@24.23.35 (190800-646585959):8)
02-01 19:18:41.832 W/PlatformConfigurator( 1389): 	at pkf.run(:com.google.android.gms@242335041@24.23.35 (190800-646585959):70)
02-01 19:18:41.832 W/PlatformConfigurator( 1389): 	at pke.run(:com.google.android.gms@242335041@24.23.35 (190800-646585959):152)
02-01 19:18:41.832 W/PlatformConfigurator( 1389): 	at emsz.run(:com.google.android.gms@242335041@24.23.35 (190800-646585959):21)
02-01 19:18:41.832 W/PlatformConfigurator( 1389): 	at java.util.concurrent.ThreadPoolExecutor.runWorker(ThreadPoolExecutor.java:1145)
02-01 19:18:41.832 W/PlatformConfigurator( 1389): 	at java.util.concurrent.ThreadPoolExecutor$Worker.run(ThreadPoolExecutor.java:644)
02-01 19:18:41.832 W/PlatformConfigurator( 1389): 	at java.lang.Thread.run(Thread.java:1012)
02-01 19:18:41.858 W/PlatformConfigurator( 1389): Update for unknown DeviceConfig package com.google.android.gms.pay [CONTEXT service_id=204 ]
02-01 19:18:41.858 W/PlatformConfigurator( 1389): daaf: No package exists for config package: com.google.android.gms.pay
02-01 19:18:41.858 W/PlatformConfigurator( 1389): 	at com.google.android.gms.platformconfigurator.PhenotypeConfigurationUpdateListener.b(:com.google.android.gms@242335041@24.23.35 (190800-646585959):233)
02-01 19:18:41.858 W/PlatformConfigurator( 1389): 	at com.google.android.gms.platformconfigurator.PhenotypeConfigurationUpdateListener.a(:com.google.android.gms@242335041@24.23.35 (190800-646585959):29)
02-01 19:18:41.858 W/PlatformConfigurator( 1389): 	at com.google.android.gms.platformconfigurator.PhenotypeConfigurationUpdateListener.onHandleIntent(:com.google.android.gms@242335041@24.23.35 (190800-646585959):207)
02-01 19:18:41.858 W/PlatformConfigurator( 1389): 	at com.google.android.chimera.IntentOperation.onHandleIntent(:com.google.android.gms@242335041@24.23.35 (190800-646585959):2)
02-01 19:18:41.858 W/PlatformConfigurator( 1389): 	at ajom.onHandleIntent(:com.google.android.gms@242335041@24.23.35 (190800-646585959):8)
02-01 19:18:41.858 W/PlatformConfigurator( 1389): 	at pkf.run(:com.google.android.gms@242335041@24.23.35 (190800-646585959):70)
02-01 19:18:41.858 W/PlatformConfigurator( 1389): 	at pke.run(:com.google.android.gms@242335041@24.23.35 (190800-646585959):152)
02-01 19:18:41.858 W/PlatformConfigurator( 1389): 	at emsz.run(:com.google.android.gms@242335041@24.23.35 (190800-646585959):21)
02-01 19:18:41.858 W/PlatformConfigurator( 1389): 	at java.util.concurrent.ThreadPoolExecutor.runWorker(ThreadPoolExecutor.java:1145)
02-01 19:18:41.858 W/PlatformConfigurator( 1389): 	at java.util.concurrent.ThreadPoolExecutor$Worker.run(ThreadPoolExecutor.java:644)
02-01 19:18:41.858 W/PlatformConfigurator( 1389): 	at java.lang.Thread.run(Thread.java:1012)
02-01 19:18:41.859 I/Pay     ( 1594): A Phenotype flag has been updated. [CONTEXT service_id=198 ]
02-01 19:18:41.863 W/NetworkScheduler( 1389): The extras of the task (com.google.android.gms.ocr.service.ModelCleanUpTaskService:type_[2]) are not valid to be persisted so that the task is not persisted [CONTEXT service_id=218 ]
02-01 19:18:41.863 W/NetworkScheduler( 1389): java.lang.IllegalArgumentException: Only the following extra parameter types are supported: Integer, Long, Double, String, Boolean, and nested Bundles with the same restrictions.
