02-01 19:18:40.839 W/PlatformConfigurator( 1389): daaf: No package exists for config package: com.google.android.gms.people
02-01 19:18:40.839 W/PlatformConfigurator( 1389): 	at com.google.android.gms.platformconfigurator.PhenotypeConfigurationUpdateListener.b(:com.google.android.gms@242335041@24.23.35 (190800-646585959):233)
02-01 19:18:40.839 W/PlatformConfigurator( 1389): 	at com.google.android.gms.platformconfigurator.PhenotypeConfigurationUpdateListener.a(:com.google.android.gms@242335041@24.23.35 (190800-646585959):29)
02-01 19:18:40.839 W/PlatformConfigurator( 1389): 	at com.google.android.gms.platformconfigurator.PhenotypeConfigurationUpdateListener.onHandleIntent(:com.google.android.gms@242335041@24.23.35 (190800-646585959):207)
02-01 19:18:40.839 W/PlatformConfigurator( 1389): 	at com.google.android.chimera.IntentOperation.onHandleIntent(:com.google.android.gms@242335041@24.23.35 (190800-646585959):2)
02-01 19:18:40.839 W/PlatformConfigurator( 1389): 	at ajom.onHandleIntent(:com.google.android.gms@242335041@24.23.35 (190800-646585959):8)
02-01 19:18:40.839 W/PlatformConfigurator( 1389): 	at pkf.run(:com.google.android.gms@242335041@24.23.35 (190800-646585959):70)
02-01 19:18:40.839 W/PlatformConfigurator( 1389): 	at pke.run(:com.google.android.gms@242335041@24.23.35 (190800-646585959):152)
02-01 19:18:40.839 W/PlatformConfigurator( 1389): 	at emsz.run(:com.google.android.gms@242335041@24.23.35 (190800-646585959):21)
02-01 19:18:40.839 W/PlatformConfigurator( 1389): 	at java.util.concurrent.ThreadPoolExecutor.runWorker(ThreadPoolExecutor.java:1145)
02-01 19:18:40.839 W/PlatformConfigurator( 1389): 	at java.util.concurrent.ThreadPoolExecutor$Worker.run(ThreadPoolExecutor.java:644)
02-01 19:18:40.839 W/PlatformConfigurator( 1389): 	at java.lang.Thread.run(Thread.java:1012)
02-01 19:18:40.841 W/PlatformConfigurator( 1389): Update for unknown DeviceConfig package com.google.android.westworld [CONTEXT service_id=204 ]
02-01 19:18:40.841 W/PlatformConfigurator( 1389): daaf: No package exists for config package: com.google.android.westworld
02-01 19:18:40.841 W/PlatformConfigurator( 1389): 	at com.google.android.gms.platformconfigurator.PhenotypeConfigurationUpdateListener.b(:com.google.android.gms@242335041@24.23.35 (190800-646585959):233)
02-01 19:18:40.841 W/PlatformConfigurator( 1389): 	at com.google.android.gms.platformconfigurator.PhenotypeConfigurationUpdateListener.a(:com.google.android.gms@242335041@24.23.35 (190800-646585959):29)
02-01 19:18:40.841 W/PlatformConfigurator( 1389): 	at com.google.android.gms.platformconfigurator.PhenotypeConfigurationUpdateListener.onHandleIntent(:com.google.android.gms@242335041@24.23.35 (190800-646585959):207)
02-01 19:18:40.841 W/PlatformConfigurator( 1389): 	at com.google.android.chimera.IntentOperation.onHandleIntent(:com.google.android.gms@242335041@24.23.35 (190800-646585959):2)
02-01 19:18:40.841 W/PlatformConfigurator( 1389): 	at ajom.onHandleIntent(:com.google.android.gms@242335041@24.23.35 (190800-646585959):8)
02-01 19:18:40.841 W/PlatformConfigurator( 1389): 	at pkf.run(:com.google.android.gms@242335041@24.23.35 (190800-646585959):70)
02-01 19:18:40.841 W/PlatformConfigurator( 1389): 	at pke.run(:com.google.android.gms@242335041@24.23.35 (190800-646585959):152)
02-01 19:18:40.841 W/PlatformConfigurator( 1389): 	at emsz.run(:com.google.android.gms@242335041@24.23.35 (190800-646585959):21)
02-01 19:18:40.841 W/PlatformConfigurator( 1389): 	at java.util.concurrent.ThreadPoolExecutor.runWorker(ThreadPoolExecutor.java:1145)
02-01 19:18:40.841 W/PlatformConfigurator( 1389): 	at java.util.concurrent.ThreadPoolExecutor$Worker.run(ThreadPoolExecutor.java:644)
02-01 19:18:40.841 W/PlatformConfigurator( 1389): 	at java.lang.Thread.run(Thread.java:1012)
02-01 19:18:40.874 I/ChimeraPrvdrProxy( 1594): Shutting down chimera ContentProvider com.google.android.gms.reminders.provider.RemindersChimeraProvider
02-01 19:18:40.886 E/czvx    ( 1389): Phenotype API error. Event: # fozr@fb5ad9ac, EventCode: COMMIT_CONFIG [CONTEXT service_id=51 ]
02-01 19:18:40.886 E/czvx    ( 1389): czue: 29501: Stale snapshot for com.google.android.gms.westworldfeatures#com.google.android.gms(change count changed - expected 3  but was 1)
02-01 19:18:40.886 E/czvx    ( 1389): 	at czwc.b(:com.google.android.gms@242335041@24.23.35 (190800-646585959):507)
02-01 19:18:40.886 E/czvx    ( 1389): 	at czwb.i(:com.google.android.gms@242335041@24.23.35 (190800-646585959):3)
02-01 19:18:40.886 E/czvx    ( 1389): 	at czvx.h(:com.google.android.gms@242335041@24.23.35 (190800-646585959):18)
02-01 19:18:40.886 E/czvx    ( 1389): 	at czvx.f(:com.google.android.gms@242335041@24.23.35 (190800-646585959):11)
02-01 19:18:40.886 E/czvx    ( 1389): 	at boey.hj(:com.google.android.gms@242335041@24.23.35 (190800-646585959):1)
02-01 19:18:40.886 E/czvx    ( 1389): 	at bofh.run(:com.google.android.gms@242335041@24.23.35 (190800-646585959):97)
02-01 19:18:40.886 E/czvx    ( 1389): 	at emsz.run(:com.google.android.gms@242335041@24.23.35 (190800-646585959):21)
02-01 19:18:40.886 E/czvx    ( 1389): 	at angs.c(:com.google.android.gms@242335041@24.23.35 (190800-646585959):50)
02-01 19:18:40.886 E/czvx    ( 1389): 	at angs.run(:com.google.android.gms@242335041@24.23.35 (190800-646585959):76)
02-01 19:18:40.886 E/czvx    ( 1389): 	at java.util.concurrent.ThreadPoolExecutor.runWorker(ThreadPoolExecutor.java:1145)
02-01 19:18:40.886 E/czvx    ( 1389): 	at java.util.concurrent.ThreadPoolExecutor$Worker.run(ThreadPoolExecutor.java:644)
02-01 19:18:40.886 E/czvx    ( 1389): 	at anmg.run(:com.google.android.gms@242335041@24.23.35 (190800-646585959):8)
02-01 19:18:40.886 E/czvx    ( 1389): 	at java.lang.Thread.run(Thread.java:1012)
02-01 19:18:40.887 W/AsyncOperation( 1389): operation=CommitToConfigurationOperationCall, opStatusCode=29501 [CONTEXT service_id=51 ]
02-01 19:18:40.887 W/AsyncOperation( 1389): OperationException[Status{statusCode=Stale snapshot for com.google.android.gms.westworldfeatures#com.google.android.gms(change count changed - expected 3  but was 1), resolution=null}]
02-01 19:18:40.887 W/AsyncOperation( 1389): 	at czvx.h(:com.google.android.gms@242335041@24.23.35 (190800-646585959):48)
02-01 19:18:40.887 W/AsyncOperation( 1389): 	at czvx.f(:com.google.android.gms@242335041@24.23.35 (190800-646585959):11)
02-01 19:18:40.887 W/AsyncOperation( 1389): 	at boey.hj(:com.google.android.gms@242335041@24.23.35 (190800-646585959):1)
02-01 19:18:40.887 W/AsyncOperation( 1389): 	at bofh.run(:com.google.android.gms@242335041@24.23.35 (190800-646585959):97)
02-01 19:18:40.887 W/AsyncOperation( 1389): 	at emsz.run(:com.google.android.gms@242335041@24.23.35 (190800-646585959):21)
02-01 19:18:40.887 W/AsyncOperation( 1389): 	at angs.c(:com.google.android.gms@242335041@24.23.35 (190800-646585959):50)
02-01 19:18:40.887 W/AsyncOperation( 1389): 	at angs.run(:com.google.android.gms@242335041@24.23.35 (190800-646585959):76)
02-01 19:18:40.887 W/AsyncOperation( 1389): 	at java.util.concurrent.ThreadPoolExecutor.runWorker(ThreadPoolExecutor.java:1145)
02-01 19:18:40.887 W/AsyncOperation( 1389): 	at java.util.concurrent.ThreadPoolExecutor$Worker.run(ThreadPoolExecutor.java:644)
02-01 19:18:40.887 W/AsyncOperation( 1389): 	at anmg.run(:com.google.android.gms@242335041@24.23.35 (190800-646585959):8)
02-01 19:18:40.887 W/AsyncOperation( 1389): 	at java.lang.Thread.run(Thread.java:1012)
02-01 19:18:40.887 W/MobStoreFlagStore( 1389): Failed to commit due to stale snapshot for com.google.android.gms.westworldfeatures#com.google.android.gms. Experiments may be delayed til next app start. Error code: 29501. Triggering flag update.
02-01 19:18:40.918 I/RescueParty(  594): Starting to observe: [com.google.android.ext.services, android], updated namespace: adservices
02-01 19:18:40.918 I/PackageWatchdog(  594): Syncing state, reason: observing new packages
02-01 19:18:40.919 D/PackageWatchdog(  594): rescue-party-observer added the following packages to monitor [com.google.android.ext.services, android]
02-01 19:18:40.919 I/PackageWatchdog(  594): Syncing state, reason: updated observers
02-01 19:18:40.919 I/PackageWatchdog(  594): Not pruning observers, elapsed time: 0ms
02-01 19:18:40.919 I/PackageWatchdog(  594): Syncing health check requests for packages: {}
02-01 19:18:40.920 I/ExplicitHealthCheckController(  594): Service not ready to get health check supported packages. Binding...
02-01 19:18:40.920 I/PackageWatchdog(  594): Saving observer state to file
02-01 19:18:40.922 I/ExplicitHealthCheckController(  594): Explicit health check service is bound
02-01 19:18:40.922 I/PackageWatchdog(  594): Syncing health check requests for packages: {}
02-01 19:18:40.923 I/ExplicitHealthCheckController(  594): Service not ready to get health check supported packages. Binding...
02-01 19:18:40.923 I/ExplicitHealthCheckController(  594): Not binding to service, service already connecting
02-01 19:18:40.926 D/SelinuxAuditLogs(  594): SelinuxAuditLogsService scheduled successfully.
02-01 19:18:40.926 D/SdkSandboxManager(  594): Property sdksandbox_next_activity_allowlist is empty.
02-01 19:18:40.927 D/SdkSandboxManager(  594): Property sdksandbox_next_contentprovider_allowlist is empty.
02-01 19:18:40.927 D/SdkSandboxManager(  594): Property sdksandbox_activity_allowlist_per_targetSdkVersion is empty.
02-01 19:18:40.927 D/SdkSandboxManager(  594): Property contentprovider_allowlist_per_targetSdkVersion is empty.
02-01 19:18:40.927 D/SdkSandboxManager(  594): Property services_allowlist_per_targetSdkVersion is empty.
02-01 19:18:40.928 I/ExplicitHealthCheckController(  594): Explicit health check service is connected ComponentInfo{com.google.android.ext.services/android.ext.services.watchdog.ExplicitHealthCheckServiceImpl}
02-01 19:18:40.928 E/PhFileGroupPop( 3377): Failed to add file group 
02-01 19:18:40.928 E/PhFileGroupPop( 3377): Failed to add file group 
02-01 19:18:40.928 I/ExplicitHealthCheckController(  594): Service initialized, syncing requests
02-01 19:18:40.928 E/PhFileGroupPop( 3377): Failed to add file group 
02-01 19:18:40.928 E/PhFileGroupPop( 3377): Failed to add file group 
02-01 19:18:40.928 E/PhFileGroupPop( 3377): Failed to add file group 
02-01 19:18:40.928 E/PhFileGroupPop( 3377): Failed to add file group 
02-01 19:18:40.928 E/PhFileGroupPop( 3377): Failed to add file group 
02-01 19:18:40.928 E/PhFileGroupPop( 3377): Failed to add file group 
02-01 19:18:40.928 E/PhFileGroupPop( 3377): Failed to add file group 
02-01 19:18:40.928 E/PhFileGroupPop( 3377): Failed to add file group 
02-01 19:18:40.929 E/PhFileGroupPop( 3377): Failed to add file group 
02-01 19:18:40.929 E/PhFileGroupPop( 3377): Failed to add file group 
02-01 19:18:40.929 E/PhFileGroupPop( 3377): Failed to add file group 
02-01 19:18:40.929 E/PhFileGroupPop( 3377): Failed to add file group 
02-01 19:18:40.929 E/PhFileGroupPop( 3377): Failed to add file group 
02-01 19:18:40.930 E/dqod    ( 3377): RuntimeException while executing runnable dqra{dkqj@503add2} with executor MoreExecutors.directExecutor()
02-01 19:18:40.930 E/dqod    ( 3377): java.lang.NullPointerException: Attempt to read from field 'java.lang.String cwru.b' on a null object reference in method 'void cyar.b(java.lang.Object)'
02-01 19:18:40.930 E/dqod    ( 3377): 	at cyar.b(PG:11)
02-01 19:18:40.930 E/dqod    ( 3377): 	at dkqj.b(PG:13)
02-01 19:18:40.930 E/dqod    ( 3377): 	at dqra.run(PG:30)
02-01 19:18:40.930 E/dqod    ( 3377): 	at dqqd.execute(PG:1)
02-01 19:18:40.930 E/dqod    ( 3377): 	at dqod.o(PG:1)
02-01 19:18:40.930 E/dqod    ( 3377): 	at dqod.b(PG:41)
02-01 19:18:40.930 E/dqod    ( 3377): 	at dqrh.s(PG:9)
02-01 19:18:40.930 E/dqod    ( 3377): 	at dksz.l(PG:5)
02-01 19:18:40.930 E/dqod    ( 3377): 	at cyat.a(PG:138)
02-01 19:18:40.930 E/dqod    ( 3377): 	at bilp.a(PG:29)
02-01 19:18:40.930 E/dqod    ( 3377): 	at cwzc.r(PG:24)
02-01 19:18:40.930 E/dqod    ( 3377): 	at cwws.a(PG:5)
02-01 19:18:40.930 E/dqod    ( 3377): 	at dkqe.a(PG:13)
02-01 19:18:40.930 E/dqod    ( 3377): 	at dqoh.d(PG:3)
02-01 19:18:40.930 E/dqod    ( 3377): 	at dqoj.run(PG:42)
02-01 19:18:40.930 E/dqod    ( 3377): 	at dqso.run(PG:76)
02-01 19:18:40.930 E/dqod    ( 3377): 	at crzm.run(PG:3)
02-01 19:18:40.930 E/dqod    ( 3377): 	at java.util.concurrent.ThreadPoolExecutor.runWorker(ThreadPoolExecutor.java:1145)
02-01 19:18:40.930 E/dqod    ( 3377): 	at java.util.concurrent.ThreadPoolExecutor$Worker.run(ThreadPoolExecutor.java:644)
02-01 19:18:40.930 E/dqod    ( 3377): 	at cryq.run(PG:6)
02-01 19:18:40.930 E/dqod    ( 3377): 	at java.lang.Thread.run(Thread.java:1012)
02-01 19:18:40.930 E/dqod    ( 3377): 	at csaw.run(PG:64)
02-01 19:18:40.930 I/PackageWatchdog(  594): Syncing health check requests for packages: {}
02-01 19:18:40.930 D/ExplicitHealthCheckController(  594): Getting health check supported packages
02-01 19:18:40.931 E/dqod    ( 3377): RuntimeException while executing runnable dqra{dkqj@bd2b5a0} with executor MoreExecutors.directExecutor()
02-01 19:18:40.931 E/dqod    ( 3377): java.lang.NullPointerException: Attempt to read from field 'java.lang.String cwru.b' on a null object reference in method 'void cyar.b(java.lang.Object)'
02-01 19:18:40.931 E/dqod    ( 3377): 	at cyar.b(PG:11)
02-01 19:18:40.931 E/dqod    ( 3377): 	at dkqj.b(PG:13)
02-01 19:18:40.931 E/dqod    ( 3377): 	at dqra.run(PG:30)
02-01 19:18:40.931 E/dqod    ( 3377): 	at dqqd.execute(PG:1)
02-01 19:18:40.931 E/dqod    ( 3377): 	at dqod.o(PG:1)
02-01 19:18:40.931 E/dqod    ( 3377): 	at dqod.b(PG:41)
02-01 19:18:40.931 E/dqod    ( 3377): 	at dqrh.s(PG:9)
02-01 19:18:40.931 E/dqod    ( 3377): 	at dksz.l(PG:5)
02-01 19:18:40.931 E/dqod    ( 3377): 	at cyat.a(PG:138)
02-01 19:18:40.931 E/dqod    ( 3377): 	at bilp.a(PG:29)
02-01 19:18:40.931 E/dqod    ( 3377): 	at cwzc.r(PG:24)
02-01 19:18:40.931 E/dqod    ( 3377): 	at cwws.a(PG:5)
02-01 19:18:40.931 E/dqod    ( 3377): 	at dkqe.a(PG:13)
02-01 19:18:40.931 E/dqod    ( 3377): 	at dqoh.d(PG:3)
02-01 19:18:40.931 E/dqod    ( 3377): 	at dqoj.run(PG:42)
02-01 19:18:40.931 E/dqod    ( 3377): 	at dqso.run(PG:76)
02-01 19:18:40.931 E/dqod    ( 3377): 	at crzm.run(PG:3)
02-01 19:18:40.931 E/dqod    ( 3377): 	at java.util.concurrent.ThreadPoolExecutor.runWorker(ThreadPoolExecutor.java:1145)
02-01 19:18:40.931 E/dqod    ( 3377): 	at java.util.concurrent.ThreadPoolExecutor$Worker.run(ThreadPoolExecutor.java:644)
02-01 19:18:40.931 E/dqod    ( 3377): 	at cryq.run(PG:6)
02-01 19:18:40.931 E/dqod    ( 3377): 	at java.lang.Thread.run(Thread.java:1012)
02-01 19:18:40.931 E/dqod    ( 3377): 	at csaw.run(PG:64)
02-01 19:18:40.931 W/MDD     ( 3377): GddFileGroupPopulator: Account was not provided, skipping private sync for corpus: GDD_BUGLE_EMOJIFY, configuration: GddBugleEmojify
02-01 19:18:40.932 W/GellerSyncSchedulerImpl( 3377): Corpus: GDD_BUGLE_EMOJIFY is disabled
02-01 19:18:40.934 I/ExplicitHealthCheckController(  594): Explicit health check supported packages [PackageConfig{com.google.android.networkstack, 86400000}]
02-01 19:18:40.934 D/PackageWatchdog(  594): Received supported packages [PackageConfig{com.google.android.networkstack, 86400000}]
02-01 19:18:40.934 D/ExplicitHealthCheckController(  594): Getting health check requested packages
02-01 19:18:40.935 I/ExplicitHealthCheckController(  594): Explicit health check requested packages []
02-01 19:18:40.935 I/ExplicitHealthCheckController(  594): No more health check requests, unbinding...
02-01 19:18:40.935 I/ExplicitHealthCheckController(  594): Explicit health check service is unbound
02-01 19:18:40.942 I/RescueParty(  594): Starting to observe: [com.google.android.as, com.google.android.as.oss], updated namespace: device_personalization_services
02-01 19:18:40.942 I/PackageWatchdog(  594): Syncing state, reason: observing new packages
02-01 19:18:40.942 D/PackageWatchdog(  594): rescue-party-observer added the following packages to monitor [com.google.android.as, com.google.android.as.oss]
02-01 19:18:40.942 I/PackageWatchdog(  594): Syncing state, reason: updated observers
02-01 19:18:40.942 I/PackageWatchdog(  594): Not pruning observers, elapsed time: 0ms
02-01 19:18:40.942 I/PackageWatchdog(  594): Saving observer state to file
02-01 19:18:40.947 I/PackageWatchdog(  594): Syncing health check requests for packages: {}
02-01 19:18:40.948 I/ExplicitHealthCheckController(  594): Service not ready to get health check supported packages. Binding...
02-01 19:18:40.949 I/ExplicitHealthCheckController(  594): Explicit health check service is bound
02-01 19:18:40.949 I/PackageWatchdog(  594): Syncing health check requests for packages: {}
02-01 19:18:40.949 I/ExplicitHealthCheckController(  594): Service not ready to get health check supported packages. Binding...
02-01 19:18:40.950 I/ExplicitHealthCheckController(  594): Not binding to service, service already connecting
02-01 19:18:40.951 I/ExplicitHealthCheckController(  594): Explicit health check service is connected ComponentInfo{com.google.android.ext.services/android.ext.services.watchdog.ExplicitHealthCheckServiceImpl}
02-01 19:18:40.951 I/ExplicitHealthCheckController(  594): Service initialized, syncing requests
02-01 19:18:40.952 I/PackageWatchdog(  594): Syncing health check requests for packages: {}
02-01 19:18:40.952 D/ExplicitHealthCheckController(  594): Getting health check supported packages
02-01 19:18:40.952 I/ExplicitHealthCheckController(  594): Explicit health check supported packages [PackageConfig{com.google.android.networkstack, 86400000}]
02-01 19:18:40.952 D/PackageWatchdog(  594): Received supported packages [PackageConfig{com.google.android.networkstack, 86400000}]
02-01 19:18:40.952 D/ExplicitHealthCheckController(  594): Getting health check requested packages
02-01 19:18:40.953 I/ExplicitHealthCheckController(  594): Explicit health check requested packages []
02-01 19:18:40.953 I/ExplicitHealthCheckController(  594): No more health check requests, unbinding...
02-01 19:18:40.953 I/ExplicitHealthCheckController(  594): Explicit health check service is unbound
02-01 19:18:40.963 I/RescueParty(  594): Starting to observe: [android], updated namespace: configuration
02-01 19:18:40.966 I/PackageWatchdog(  594): Syncing state, reason: observing new packages
02-01 19:18:40.967 D/PackageWatchdog(  594): rescue-party-observer added the following packages to monitor [android]
02-01 19:18:40.967 I/PackageWatchdog(  594): Syncing state, reason: updated observers
02-01 19:18:40.967 I/PackageWatchdog(  594): Not pruning observers, elapsed time: 0ms
02-01 19:18:40.968 I/PackageWatchdog(  594): Saving observer state to file
02-01 19:18:40.968 I/PackageWatchdog(  594): Syncing health check requests for packages: {}
02-01 19:18:40.968 I/ExplicitHealthCheckController(  594): Service not ready to get health check supported packages. Binding...
02-01 19:18:40.970 I/ExplicitHealthCheckController(  594): Explicit health check service is bound
02-01 19:18:40.971 I/PackageWatchdog(  594): Syncing health check requests for packages: {}
02-01 19:18:40.972 I/ExplicitHealthCheckController(  594): Service not ready to get health check supported packages. Binding...
02-01 19:18:40.972 I/ExplicitHealthCheckController(  594): Not binding to service, service already connecting
02-01 19:18:40.972 I/ExplicitHealthCheckController(  594): Explicit health check service is connected ComponentInfo{com.google.android.ext.services/android.ext.services.watchdog.ExplicitHealthCheckServiceImpl}
02-01 19:18:40.973 I/ExplicitHealthCheckController(  594): Service initialized, syncing requests
02-01 19:18:40.973 I/PackageWatchdog(  594): Syncing health check requests for packages: {}
02-01 19:18:40.973 D/ExplicitHealthCheckController(  594): Getting health check supported packages
02-01 19:18:40.973 I/ExplicitHealthCheckController(  594): Explicit health check supported packages [PackageConfig{com.google.android.networkstack, 86400000}]
02-01 19:18:40.973 D/PackageWatchdog(  594): Received supported packages [PackageConfig{com.google.android.networkstack, 86400000}]
02-01 19:18:40.973 D/ExplicitHealthCheckController(  594): Getting health check requested packages
02-01 19:18:40.974 I/ExplicitHealthCheckController(  594): Explicit health check requested packages []
02-01 19:18:40.974 I/ExplicitHealthCheckController(  594): No more health check requests, unbinding...
02-01 19:18:40.975 I/ExplicitHealthCheckController(  594): Explicit health check service is unbound
02-01 19:18:40.975 E/SettingsToPropertiesMapper(  594): key=persist.device_config.configuration.AdbWritableFlags__adb_writable_flags_list value=adservices/disable_sdk_sandbox,adservices/enforce_broadcast_receiver_restrictions,adservices/fledge_ad_selection_enforce_foreground_status_custom_audience,adservices/fledge_custom_audience_max_count,adservices/fledge_custom_audience_max_num_ads,adservices/fledge_custom_audience_max_owner_count,adservices/fledge_custom_audience_per_app_max_count,adservices/fledge_js_isolate_enforce_max_heap_size,adservices/fledge_js_isolate_max_heap_size_bytes,adservices/sdk_request_permits_per_second,adservices/sdksandbox_customized_sdk_context_enabled,configuration/namespace_to_package_mapping,constrain_display_apis/always_constrain_display_apis,constrain_display_apis/never_constrain_display_apis,constrain_display_apis/never_constrain_display_apis_all_packages,device_policy_manager/disable_resources_updatability,flipendo/default_savings_mode_launch,flipendo/essential_apps,flipendo/flipendo_enabled_launch,flipendo/grayscale_enabled_launch,flipendo/lever_ble_scanning_enabled_launch,flipendo/lever_hotspot_enabled_launch,flipendo/lever_work_profile_enabled_launch,flipendo/resuspend_delay_minutes,namespace/key,namespace1/key1,namespace1/key2,namespace2/key1,namespace2/key2,package_manager_service/incfs_default_timeouts,package_manager_service/known_digesters_list,privacy/location_access_check_periodic_interval_millis,rollback/enable_rollback_timeout,rollback/watchdog_explicit_health_check_enabled,rollback/watchdog_request_timeout_millis,rollback/watchdog_trigger_failure_count,rollback/watchdog_trigger_failure_duration_millis,rollback_boot/rollback_lifetime_in_millis,systemui/nas_generate_actions,systemui/nas_generate_replies,systemui/nas_max_messages_to_extract,systemui/nas_max_suggestions,testspace/another,testspace/flagname,textclassifier/config_updater_model_enabled,textclassifier/key,textclassifier/key2,textclassifier/manifest_url_annotator_en,textclassifier/manifest_url_annotator_ru,textclassifier/model_download_backoff_delay_in_millis,textclassifier/model_download_manager_enabled,textclassifier/multi_language_support_enabled,textclassifier/testing_locale_list_override,textclassifier/textclassifier_service_package_override,window_manager/enable_default_rescind_bal_privileges_from_pending_intent_sender,wrong/nas_generate_replies, exceeds system property max length.
02-01 19:18:40.976 E/SettingsToPropertiesMapper(  594): key=persist.device_config.aconfig_flags.configuration.AdbWritableFlags__adb_writable_flags_list value=adservices/disable_sdk_sandbox,adservices/enforce_broadcast_receiver_restrictions,adservices/fledge_ad_selection_enforce_foreground_status_custom_audience,adservices/fledge_custom_audience_max_count,adservices/fledge_custom_audience_max_num_ads,adservices/fledge_custom_audience_max_owner_count,adservices/fledge_custom_audience_per_app_max_count,adservices/fledge_js_isolate_enforce_max_heap_size,adservices/fledge_js_isolate_max_heap_size_bytes,adservices/sdk_request_permits_per_second,adservices/sdksandbox_customized_sdk_context_enabled,configuration/namespace_to_package_mapping,constrain_display_apis/always_constrain_display_apis,constrain_display_apis/never_constrain_display_apis,constrain_display_apis/never_constrain_display_apis_all_packages,device_policy_manager/disable_resources_updatability,flipendo/default_savings_mode_launch,flipendo/essential_apps,flipendo/flipendo_enabled_launch,flipendo/grayscale_enabled_launch,flipendo/lever_ble_scanning_enabled_launch,flipendo/lever_hotspot_enabled_launch,flipendo/lever_work_profile_enabled_launch,flipendo/resuspend_delay_minutes,namespace/key,namespace1/key1,namespace1/key2,namespace2/key1,namespace2/key2,package_manager_service/incfs_default_timeouts,package_manager_service/known_digesters_list,privacy/location_access_check_periodic_interval_millis,rollback/enable_rollback_timeout,rollback/watchdog_explicit_health_check_enabled,rollback/watchdog_request_timeout_millis,rollback/watchdog_trigger_failure_count,rollback/watchdog_trigger_failure_duration_millis,rollback_boot/rollback_lifetime_in_millis,systemui/nas_generate_actions,systemui/nas_generate_replies,systemui/nas_max_messages_to_extract,systemui/nas_max_suggestions,testspace/another,testspace/flagname,textclassifier/config_updater_model_enabled,textclassifier/key,textclassifier/key2,textclassifier/manifest_url_annotator_en,textclassifier/manifest_url_annotator_ru,textclassifier/model_download_backoff_delay_in_millis,textclassifier/model_download_manager_enabled,textclassifier/multi_language_support_enabled,textclassifier/testing_locale_list_override,textclassifier/textclassifier_service_package_override,window_manager/enable_default_rescind_bal_privileges_from_pending_intent_sender,wrong/nas_generate_replies, exceeds system property max length.
02-01 19:18:40.979 I/RescueParty(  594): Starting to observe: [android, com.google.android.permissioncontroller, com.google.android.gms, com.android.settings, com.android.systemui], updated namespace: privacy
02-01 19:18:40.979 I/PackageWatchdog(  594): Syncing state, reason: observing new packages
02-01 19:18:40.979 D/PackageWatchdog(  594): rescue-party-observer added the following packages to monitor [android, com.google.android.permissioncontroller, com.google.android.gms, com.android.settings, com.android.systemui]
02-01 19:18:40.979 I/PackageWatchdog(  594): Syncing state, reason: updated observers
02-01 19:18:40.980 I/PackageWatchdog(  594): Saving observer state to file
02-01 19:18:40.981 I/PackageWatchdog(  594): Syncing health check requests for packages: {}
02-01 19:18:40.981 I/ExplicitHealthCheckController(  594): Service not ready to get health check supported packages. Binding...
02-01 19:18:40.982 I/ExplicitHealthCheckController(  594): Explicit health check service is bound
02-01 19:18:40.982 I/SafetyCenterService(  594): Safety Center is already enabled, ignoring change
02-01 19:18:40.983 I/PackageWatchdog(  594): Syncing health check requests for packages: {}
02-01 19:18:40.983 I/ExplicitHealthCheckController(  594): Service not ready to get health check supported packages. Binding...
02-01 19:18:40.983 I/ExplicitHealthCheckController(  594): Not binding to service, service already connecting
02-01 19:18:40.984 I/ExplicitHealthCheckController(  594): Explicit health check service is connected ComponentInfo{com.google.android.ext.services/android.ext.services.watchdog.ExplicitHealthCheckServiceImpl}
02-01 19:18:40.984 I/ExplicitHealthCheckController(  594): Service initialized, syncing requests
02-01 19:18:40.984 I/PackageWatchdog(  594): Syncing health check requests for packages: {}
02-01 19:18:40.984 D/ExplicitHealthCheckController(  594): Getting health check supported packages
02-01 19:18:40.985 I/ExplicitHealthCheckController(  594): Explicit health check supported packages [PackageConfig{com.google.android.networkstack, 86400000}]
02-01 19:18:40.985 D/PackageWatchdog(  594): Received supported packages [PackageConfig{com.google.android.networkstack, 86400000}]
02-01 19:18:40.985 D/ExplicitHealthCheckController(  594): Getting health check requested packages
02-01 19:18:40.985 I/ExplicitHealthCheckController(  594): Explicit health check requested packages []
02-01 19:18:40.985 I/ExplicitHealthCheckController(  594): No more health check requests, unbinding...
02-01 19:18:40.986 I/ExplicitHealthCheckController(  594): Explicit health check service is unbound
02-01 19:18:40.988 I/PlatformConfigurator( 1389): updateFromConfigurations using legacy put method [CONTEXT service_id=204 ]
02-01 19:18:41.010 I/RescueParty(  594): Starting to observe: [android], updated namespace: alarm_manager
02-01 19:18:41.010 I/PackageWatchdog(  594): Syncing state, reason: observing new packages
02-01 19:18:41.010 D/PackageWatchdog(  594): rescue-party-observer added the following packages to monitor [android]
02-01 19:18:41.010 I/PackageWatchdog(  594): Syncing state, reason: updated observers
02-01 19:18:41.010 I/PackageWatchdog(  594): Not pruning observers, elapsed time: 0ms
02-01 19:18:41.011 I/PackageWatchdog(  594): Saving observer state to file
02-01 19:18:41.013 I/PackageWatchdog(  594): Syncing health check requests for packages: {}
02-01 19:18:41.013 I/ExplicitHealthCheckController(  594): Service not ready to get health check supported packages. Binding...
02-01 19:18:41.015 I/ExplicitHealthCheckController(  594): Explicit health check service is bound
02-01 19:18:41.015 I/ExplicitHealthCheckController(  594): Explicit health check service is connected ComponentInfo{com.google.android.ext.services/android.ext.services.watchdog.ExplicitHealthCheckServiceImpl}
02-01 19:18:41.016 I/ExplicitHealthCheckController(  594): Service initialized, syncing requests
02-01 19:18:41.016 I/PackageWatchdog(  594): Syncing health check requests for packages: {}
02-01 19:18:41.016 D/ExplicitHealthCheckController(  594): Getting health check supported packages
02-01 19:18:41.016 I/ExplicitHealthCheckController(  594): Explicit health check supported packages [PackageConfig{com.google.android.networkstack, 86400000}]
02-01 19:18:41.017 D/PackageWatchdog(  594): Received supported packages [PackageConfig{com.google.android.networkstack, 86400000}]
02-01 19:18:41.017 D/ExplicitHealthCheckController(  594): Getting health check requested packages
02-01 19:18:41.017 I/ExplicitHealthCheckController(  594): Explicit health check requested packages []
02-01 19:18:41.017 I/ExplicitHealthCheckController(  594): No more health check requests, unbinding...
02-01 19:18:41.018 I/ExplicitHealthCheckController(  594): Explicit health check service is unbound
02-01 19:18:41.027 W/PlatformConfigurator( 1389): Update for unknown DeviceConfig package com.google.android.gms.backup [CONTEXT service_id=204 ]
02-01 19:18:41.027 W/PlatformConfigurator( 1389): daaf: No package exists for config package: com.google.android.gms.backup
02-01 19:18:41.027 W/PlatformConfigurator( 1389): 	at com.google.android.gms.platformconfigurator.PhenotypeConfigurationUpdateListener.b(:com.google.android.gms@242335041@24.23.35 (190800-646585959):233)
02-01 19:18:41.027 W/PlatformConfigurator( 1389): 	at com.google.android.gms.platformconfigurator.PhenotypeConfigurationUpdateListener.a(:com.google.android.gms@242335041@24.23.35 (190800-646585959):29)
02-01 19:18:41.027 W/PlatformConfigurator( 1389): 	at com.google.android.gms.platformconfigurator.PhenotypeConfigurationUpdateListener.onHandleIntent(:com.google.android.gms@242335041@24.23.35 (190800-646585959):207)
02-01 19:18:41.027 W/PlatformConfigurator( 1389): 	at com.google.android.chimera.IntentOperation.onHandleIntent(:com.google.android.gms@242335041@24.23.35 (190800-646585959):2)
02-01 19:18:41.027 W/PlatformConfigurator( 1389): 	at ajom.onHandleIntent(:com.google.android.gms@242335041@24.23.35 (190800-646585959):8)
02-01 19:18:41.027 W/PlatformConfigurator( 1389): 	at pkf.run(:com.google.android.gms@242335041@24.23.35 (190800-646585959):70)
02-01 19:18:41.027 W/PlatformConfigurator( 1389): 	at pke.run(:com.google.android.gms@242335041@24.23.35 (190800-646585959):152)
02-01 19:18:41.027 W/PlatformConfigurator( 1389): 	at emsz.run(:com.google.android.gms@242335041@24.23.35 (190800-646585959):21)
02-01 19:18:41.027 W/PlatformConfigurator( 1389): 	at java.util.concurrent.ThreadPoolExecutor.runWorker(ThreadPoolExecutor.java:1145)
02-01 19:18:41.027 W/PlatformConfigurator( 1389): 	at java.util.concurrent.ThreadPoolExecutor$Worker.run(ThreadPoolExecutor.java:644)
02-01 19:18:41.027 W/PlatformConfigurator( 1389): 	at java.lang.Thread.run(Thread.java:1012)
02-01 19:18:41.031 V/Backup  ( 1594): [CustomDownloadSchedulingIO] Received Action: com.google.android.gms.phenotype.com.google.android.gms.backup.COMMITTED
02-01 19:18:41.031 V/Backup  ( 1594): [CustomDownloadSchedulingIO] customBackupDownloadEnableSuwTriggerWithGmsUpdateCheck flag on
02-01 19:18:41.031 V/Backup  ( 1594): [G1ModuleInitIntentOperation] Flags updated
02-01 19:18:41.031 V/Backup  ( 1594): [G1ModuleInitIntentOperation] Running restore operation is disabled by flag
02-01 19:18:41.031 W/ChimeraUtils( 1594): Module com.google.android.gms.backup_g1 missing resource null(0)
02-01 19:18:41.032 W/Backup  ( 1594): [GmsBackupSchedulerIO] Intent not supported: com.google.android.gms.phenotype.com.google.android.gms.backup.COMMITTED
02-01 19:18:41.032 W/ChimeraUtils( 1594): Module com.google.android.gms.backup_g1 missing resource null(0)
02-01 19:18:41.033 W/ChimeraUtils( 1594): Module com.google.android.gms.backup_g1 missing resource null(0)
02-01 19:18:41.041 I/PTCommittedOperation( 1389): Receive new configuration for com.google.android.gms.auth_account
02-01 19:18:41.041 W/ModuleInitIntentOp( 1594): Dropping unexpected action com.google.android.gms.phenotype.COMMITTED
02-01 19:18:41.041 W/ModuleInitIntentOp( 1594): Dropping unexpected action com.google.android.gms.phenotype.COMMITTED
02-01 19:18:41.041 W/ModuleInitIntentOp( 1594): Dropping unexpected action com.google.android.gms.phenotype.COMMITTED
02-01 19:18:41.041 I/SyncIntentOperation( 1594): Handling the intent: Intent { act=com.google.android.gms.phenotype.COMMITTED pkg=com.google.android.gms cmp=com.google.android.gms/.chimera.GmsIntentOperationService (has extras) }. [CONTEXT service_id=80 ]
02-01 19:18:41.043 I/MdiSyncModule( 1594): flag handling is skipping irrelevant intent.
02-01 19:18:41.044 I/MlBenchmarkInstaller( 1594): Intent: com.google.android.gms.phenotype.COMMITTED [CONTEXT service_id=340 ]
02-01 19:18:41.044 I/MlBenchmarkInstaller( 1594): COMMITTED Extra package name: com.google.android.gms.auth_account [CONTEXT service_id=340 ]
02-01 19:18:41.045 W/ModuleInitIntentOp( 1594): Dropping unexpected action com.google.android.gms.phenotype.COMMITTED
02-01 19:18:41.045 I/LocationHistory( 1594): [IntentOperation] Handling action com.google.android.gms.phenotype.COMMITTED [CONTEXT service_id=314 ]
02-01 19:18:41.045 I/GmsSyncPolicyEngine( 1594): Periodic sync 1 disabled by policy, cancelled.
02-01 19:18:41.045 W/PlatformConfigurator( 1389): Update for unknown DeviceConfig package com.google.android.gms.auth_account [CONTEXT service_id=204 ]
02-01 19:18:41.045 W/PlatformConfigurator( 1389): daaf: No package exists for config package: com.google.android.gms.auth_account
02-01 19:18:41.045 W/PlatformConfigurator( 1389): 	at com.google.android.gms.platformconfigurator.PhenotypeConfigurationUpdateListener.b(:com.google.android.gms@242335041@24.23.35 (190800-646585959):233)
02-01 19:18:41.045 W/PlatformConfigurator( 1389): 	at com.google.android.gms.platformconfigurator.PhenotypeConfigurationUpdateListener.a(:com.google.android.gms@242335041@24.23.35 (190800-646585959):29)
02-01 19:18:41.045 W/PlatformConfigurator( 1389): 	at com.google.android.gms.platformconfigurator.PhenotypeConfigurationUpdateListener.onHandleIntent(:com.google.android.gms@242335041@24.23.35 (190800-646585959):207)
02-01 19:18:41.045 W/PlatformConfigurator( 1389): 	at com.google.android.chimera.IntentOperation.onHandleIntent(:com.google.android.gms@242335041@24.23.35 (190800-646585959):2)
02-01 19:18:41.045 W/PlatformConfigurator( 1389): 	at ajom.onHandleIntent(:com.google.android.gms@242335041@24.23.35 (190800-646585959):8)
02-01 19:18:41.045 W/PlatformConfigurator( 1389): 	at pkf.run(:com.google.android.gms@242335041@24.23.35 (190800-646585959):70)
02-01 19:18:41.045 W/PlatformConfigurator( 1389): 	at pke.run(:com.google.android.gms@242335041@24.23.35 (190800-646585959):152)
02-01 19:18:41.045 W/PlatformConfigurator( 1389): 	at emsz.run(:com.google.android.gms@242335041@24.23.35 (190800-646585959):21)
02-01 19:18:41.045 W/PlatformConfigurator( 1389): 	at java.util.concurrent.ThreadPoolExecutor.runWorker(ThreadPoolExecutor.java:1145)
02-01 19:18:41.045 W/PlatformConfigurator( 1389): 	at java.util.concurrent.ThreadPoolExecutor$Worker.run(ThreadPoolExecutor.java:644)
02-01 19:18:41.045 W/PlatformConfigurator( 1389): 	at java.lang.Thread.run(Thread.java:1012)
02-01 19:18:41.045 I/GmsSyncPolicyEngine( 1594): Periodic sync 2 disabled by policy, cancelled.
02-01 19:18:41.046 I/GmsSyncPolicyEngine( 1594): Periodic sync 3 disabled by policy, cancelled.
02-01 19:18:41.049 W/PlatformConfigurator( 1389): Update for unknown DeviceConfig package com.google.android.location [CONTEXT service_id=204 ]
02-01 19:18:41.049 W/PlatformConfigurator( 1389): daaf: No package exists for config package: com.google.android.location
02-01 19:18:41.049 W/PlatformConfigurator( 1389): 	at com.google.android.gms.platformconfigurator.PhenotypeConfigurationUpdateListener.b(:com.google.android.gms@242335041@24.23.35 (190800-646585959):233)
02-01 19:18:41.049 W/PlatformConfigurator( 1389): 	at com.google.android.gms.platformconfigurator.PhenotypeConfigurationUpdateListener.a(:com.google.android.gms@242335041@24.23.35 (190800-646585959):29)
02-01 19:18:41.049 W/PlatformConfigurator( 1389): 	at com.google.android.gms.platformconfigurator.PhenotypeConfigurationUpdateListener.onHandleIntent(:com.google.android.gms@242335041@24.23.35 (190800-646585959):207)
02-01 19:18:41.049 W/PlatformConfigurator( 1389): 	at com.google.android.chimera.IntentOperation.onHandleIntent(:com.google.android.gms@242335041@24.23.35 (190800-646585959):2)
02-01 19:18:41.049 W/PlatformConfigurator( 1389): 	at ajom.onHandleIntent(:com.google.android.gms@242335041@24.23.35 (190800-646585959):8)
02-01 19:18:41.049 W/PlatformConfigurator( 1389): 	at pkf.run(:com.google.android.gms@242335041@24.23.35 (190800-646585959):70)
02-01 19:18:41.049 W/PlatformConfigurator( 1389): 	at pke.run(:com.google.android.gms@242335041@24.23.35 (190800-646585959):152)
02-01 19:18:41.049 W/PlatformConfigurator( 1389): 	at emsz.run(:com.google.android.gms@242335041@24.23.35 (190800-646585959):21)
02-01 19:18:41.049 W/PlatformConfigurator( 1389): 	at java.util.concurrent.ThreadPoolExecutor.runWorker(ThreadPoolExecutor.java:1145)
02-01 19:18:41.049 W/PlatformConfigurator( 1389): 	at java.util.concurrent.ThreadPoolExecutor$Worker.run(ThreadPoolExecutor.java:644)
02-01 19:18:41.049 W/PlatformConfigurator( 1389): 	at java.lang.Thread.run(Thread.java:1012)
02-01 19:18:41.069 W/PlatformConfigurator( 1389): Update for unknown DeviceConfig package com.google.android.gms.nearby [CONTEXT service_id=204 ]
02-01 19:18:41.069 W/PlatformConfigurator( 1389): daaf: No package exists for config package: com.google.android.gms.nearby
02-01 19:18:41.069 W/PlatformConfigurator( 1389): 	at com.google.android.gms.platformconfigurator.PhenotypeConfigurationUpdateListener.b(:com.google.android.gms@242335041@24.23.35 (190800-646585959):233)
02-01 19:18:41.069 W/PlatformConfigurator( 1389): 	at com.google.android.gms.platformconfigurator.PhenotypeConfigurationUpdateListener.a(:com.google.android.gms@242335041@24.23.35 (190800-646585959):29)
02-01 19:18:41.069 W/PlatformConfigurator( 1389): 	at com.google.android.gms.platformconfigurator.PhenotypeConfigurationUpdateListener.onHandleIntent(:com.google.android.gms@242335041@24.23.35 (190800-646585959):207)
02-01 19:18:41.069 W/PlatformConfigurator( 1389): 	at com.google.android.chimera.IntentOperation.onHandleIntent(:com.google.android.gms@242335041@24.23.35 (190800-646585959):2)
02-01 19:18:41.069 W/PlatformConfigurator( 1389): 	at ajom.onHandleIntent(:com.google.android.gms@242335041@24.23.35 (190800-646585959):8)
02-01 19:18:41.069 W/PlatformConfigurator( 1389): 	at pkf.run(:com.google.android.gms@242335041@24.23.35 (190800-646585959):70)
02-01 19:18:41.069 W/PlatformConfigurator( 1389): 	at pke.run(:com.google.android.gms@242335041@24.23.35 (190800-646585959):152)
02-01 19:18:41.069 W/PlatformConfigurator( 1389): 	at emsz.run(:com.google.android.gms@242335041@24.23.35 (190800-646585959):21)
02-01 19:18:41.069 W/PlatformConfigurator( 1389): 	at java.util.concurrent.ThreadPoolExecutor.runWorker(ThreadPoolExecutor.java:1145)
02-01 19:18:41.069 W/PlatformConfigurator( 1389): 	at java.util.concurrent.ThreadPoolExecutor$Worker.run(ThreadPoolExecutor.java:644)
02-01 19:18:41.069 W/PlatformConfigurator( 1389): 	at java.lang.Thread.run(Thread.java:1012)
02-01 19:18:41.070 I/Nearby  ( 1389): Beginning attempt #1 for RestoreDeviceName... [CONTEXT service_id=49 ]
02-01 19:18:41.070 I/NearbyConnections( 1389): Runtime state initialization complete. Nearby connections setting is disabled
02-01 19:18:41.072 I/NearbyMediums( 1389): BluetoothAdapter's name was not set by Nearby Connections, ignoring call to restore default scan mode.
02-01 19:18:41.074 I/NearbyMediums( 1389): BluetoothAdapter's name was not set by Nearby Connections, ignoring call to restore device name
02-01 19:18:41.076 I/NearbyFastPair( 1594): TaskSchedulerUtils cancelTask TAG_FOOTPRINTS_PERIODIC_SCHEDULE success. [CONTEXT service_id=265 ]
02-01 19:18:41.078 I/NearbySharing( 1594): onBindSlice failed since shareTargets is empty [CONTEXT service_id=194 ]
02-01 19:18:41.079 I/NearbySharing( 1594): Granted slice and uri permissions to com.samsung.android.app.nearbyshare.theme [CONTEXT service_id=194 ]
02-01 19:18:41.079 I/NearbySharing( 1594): Granted slice and uri permissions to android [CONTEXT service_id=194 ]
02-01 19:18:41.079 I/NearbySharing( 1594): Granted slice and uri permissions to com.google.android.apps.nbu.files [CONTEXT service_id=194 ]
02-01 19:18:41.082 I/NearbySharing( 1594): Granted slice and uri permissions to com.samsung.android.app.sharelive [CONTEXT service_id=194 ]
02-01 19:18:41.087 I/NearbySharing( 1389): ReceiveSurfaceService started [CONTEXT service_id=194 ]
02-01 19:18:41.088 W/PlatformConfigurator( 1389): Update for unknown DeviceConfig package com.google.android.gms.wallet [CONTEXT service_id=204 ]
02-01 19:18:41.088 W/PlatformConfigurator( 1389): daaf: No package exists for config package: com.google.android.gms.wallet
02-01 19:18:41.088 W/PlatformConfigurator( 1389): 	at com.google.android.gms.platformconfigurator.PhenotypeConfigurationUpdateListener.b(:com.google.android.gms@242335041@24.23.35 (190800-646585959):233)
02-01 19:18:41.088 W/PlatformConfigurator( 1389): 	at com.google.android.gms.platformconfigurator.PhenotypeConfigurationUpdateListener.a(:com.google.android.gms@242335041@24.23.35 (190800-646585959):29)
02-01 19:18:41.088 W/PlatformConfigurator( 1389): 	at com.google.android.gms.platformconfigurator.PhenotypeConfigurationUpdateListener.onHandleIntent(:com.google.android.gms@242335041@24.23.35 (190800-646585959):207)
02-01 19:18:41.088 W/PlatformConfigurator( 1389): 	at com.google.android.chimera.IntentOperation.onHandleIntent(:com.google.android.gms@242335041@24.23.35 (190800-646585959):2)
02-01 19:18:41.088 W/PlatformConfigurator( 1389): 	at ajom.onHandleIntent(:com.google.android.gms@242335041@24.23.35 (190800-646585959):8)
02-01 19:18:41.088 W/PlatformConfigurator( 1389): 	at pkf.run(:com.google.android.gms@242335041@24.23.35 (190800-646585959):70)
02-01 19:18:41.088 W/PlatformConfigurator( 1389): 	at pke.run(:com.google.android.gms@242335041@24.23.35 (190800-646585959):152)
02-01 19:18:41.088 W/PlatformConfigurator( 1389): 	at emsz.run(:com.google.android.gms@242335041@24.23.35 (190800-646585959):21)
02-01 19:18:41.088 W/PlatformConfigurator( 1389): 	at java.util.concurrent.ThreadPoolExecutor.runWorker(ThreadPoolExecutor.java:1145)
02-01 19:18:41.088 W/PlatformConfigurator( 1389): 	at java.util.concurrent.ThreadPoolExecutor$Worker.run(ThreadPoolExecutor.java:644)
02-01 19:18:41.088 W/PlatformConfigurator( 1389): 	at java.lang.Thread.run(Thread.java:1012)
02-01 19:18:41.089 I/NearbySharing( 1389): SendSurfaceService started [CONTEXT service_id=194 ]
02-01 19:18:41.091 I/NearbySharing( 1594): Runtime state initialization complete. Sharing is enabled. [CONTEXT service_id=194 ]
02-01 19:18:41.096 W/PlatformConfigurator( 1389): Update for unknown DeviceConfig package com.google.android.gms.tron.metrics [CONTEXT service_id=204 ]
02-01 19:18:41.096 W/PlatformConfigurator( 1389): daaf: No package exists for config package: com.google.android.gms.tron.metrics
02-01 19:18:41.096 W/PlatformConfigurator( 1389): 	at com.google.android.gms.platformconfigurator.PhenotypeConfigurationUpdateListener.b(:com.google.android.gms@242335041@24.23.35 (190800-646585959):233)
02-01 19:18:41.096 W/PlatformConfigurator( 1389): 	at com.google.android.gms.platformconfigurator.PhenotypeConfigurationUpdateListener.a(:com.google.android.gms@242335041@24.23.35 (190800-646585959):29)
02-01 19:18:41.096 W/PlatformConfigurator( 1389): 	at com.google.android.gms.platformconfigurator.PhenotypeConfigurationUpdateListener.onHandleIntent(:com.google.android.gms@242335041@24.23.35 (190800-646585959):207)
02-01 19:18:41.096 W/PlatformConfigurator( 1389): 	at com.google.android.chimera.IntentOperation.onHandleIntent(:com.google.android.gms@242335041@24.23.35 (190800-646585959):2)
02-01 19:18:41.096 W/PlatformConfigurator( 1389): 	at ajom.onHandleIntent(:com.google.android.gms@242335041@24.23.35 (190800-646585959):8)
02-01 19:18:41.096 W/PlatformConfigurator( 1389): 	at pkf.run(:com.google.android.gms@242335041@24.23.35 (190800-646585959):70)
02-01 19:18:41.096 W/PlatformConfigurator( 1389): 	at pke.run(:com.google.android.gms@242335041@24.23.35 (190800-646585959):152)
02-01 19:18:41.096 W/PlatformConfigurator( 1389): 	at emsz.run(:com.google.android.gms@242335041@24.23.35 (190800-646585959):21)
02-01 19:18:41.096 W/PlatformConfigurator( 1389): 	at java.util.concurrent.ThreadPoolExecutor.runWorker(ThreadPoolExecutor.java:1145)
02-01 19:18:41.096 W/PlatformConfigurator( 1389): 	at java.util.concurrent.ThreadPoolExecutor$Worker.run(ThreadPoolExecutor.java:644)
02-01 19:18:41.096 W/PlatformConfigurator( 1389): 	at java.lang.Thread.run(Thread.java:1012)
02-01 19:18:41.109 W/ModuleInitIntentOp( 1594): Dropping unexpected action com.google.android.gms.phenotype.COMMITTED
02-01 19:18:41.110 I/PTCommittedOperation( 1389): Receive new configuration for com.google.android.gms.wearable
02-01 19:18:41.111 W/ModuleInitIntentOp( 1594): Dropping unexpected action com.google.android.gms.phenotype.COMMITTED
02-01 19:18:41.112 W/PlatformConfigurator( 1389): Update for unknown DeviceConfig package com.google.android.gms.wearable [CONTEXT service_id=204 ]
02-01 19:18:41.112 W/PlatformConfigurator( 1389): daaf: No package exists for config package: com.google.android.gms.wearable
02-01 19:18:41.112 W/PlatformConfigurator( 1389): 	at com.google.android.gms.platformconfigurator.PhenotypeConfigurationUpdateListener.b(:com.google.android.gms@242335041@24.23.35 (190800-646585959):233)
02-01 19:18:41.112 W/PlatformConfigurator( 1389): 	at com.google.android.gms.platformconfigurator.PhenotypeConfigurationUpdateListener.a(:com.google.android.gms@242335041@24.23.35 (190800-646585959):29)
02-01 19:18:41.112 W/PlatformConfigurator( 1389): 	at com.google.android.gms.platformconfigurator.PhenotypeConfigurationUpdateListener.onHandleIntent(:com.google.android.gms@242335041@24.23.35 (190800-646585959):207)
02-01 19:18:41.112 W/PlatformConfigurator( 1389): 	at com.google.android.chimera.IntentOperation.onHandleIntent(:com.google.android.gms@242335041@24.23.35 (190800-646585959):2)
02-01 19:18:41.112 W/PlatformConfigurator( 1389): 	at ajom.onHandleIntent(:com.google.android.gms@242335041@24.23.35 (190800-646585959):8)
02-01 19:18:41.112 W/PlatformConfigurator( 1389): 	at pkf.run(:com.google.android.gms@242335041@24.23.35 (190800-646585959):70)
02-01 19:18:41.112 W/PlatformConfigurator( 1389): 	at pke.run(:com.google.android.gms@242335041@24.23.35 (190800-646585959):152)
02-01 19:18:41.112 W/PlatformConfigurator( 1389): 	at emsz.run(:com.google.android.gms@242335041@24.23.35 (190800-646585959):21)
02-01 19:18:41.112 W/PlatformConfigurator( 1389): 	at java.util.concurrent.ThreadPoolExecutor.runWorker(ThreadPoolExecutor.java:1145)
02-01 19:18:41.112 W/PlatformConfigurator( 1389): 	at java.util.concurrent.ThreadPoolExecutor$Worker.run(ThreadPoolExecutor.java:644)
02-01 19:18:41.112 W/PlatformConfigurator( 1389): 	at java.lang.Thread.run(Thread.java:1012)
02-01 19:18:41.113 W/ModuleInitIntentOp( 1594): Dropping unexpected action com.google.android.gms.phenotype.COMMITTED
02-01 19:18:41.113 I/SyncIntentOperation( 1594): Handling the intent: Intent { act=com.google.android.gms.phenotype.COMMITTED pkg=com.google.android.gms cmp=com.google.android.gms/.chimera.GmsIntentOperationService (has extras) }. [CONTEXT service_id=80 ]
02-01 19:18:41.115 I/MdiSyncModule( 1594): flag handling is skipping irrelevant intent.
02-01 19:18:41.115 I/MlBenchmarkInstaller( 1594): Intent: com.google.android.gms.phenotype.COMMITTED [CONTEXT service_id=340 ]
02-01 19:18:41.116 I/MlBenchmarkInstaller( 1594): COMMITTED Extra package name: com.google.android.gms.wearable [CONTEXT service_id=340 ]
02-01 19:18:41.116 W/ModuleInitIntentOp( 1594): Dropping unexpected action com.google.android.gms.phenotype.COMMITTED
02-01 19:18:41.116 I/LocationHistory( 1594): [IntentOperation] Handling action com.google.android.gms.phenotype.COMMITTED [CONTEXT service_id=314 ]
02-01 19:18:41.116 I/GmsSyncPolicyEngine( 1594): Periodic sync 1 disabled by policy, cancelled.
02-01 19:18:41.117 I/GmsSyncPolicyEngine( 1594): Periodic sync 2 disabled by policy, cancelled.
02-01 19:18:41.117 I/GmsSyncPolicyEngine( 1594): Periodic sync 3 disabled by policy, cancelled.
02-01 19:18:41.119 I/NearbyFastPair( 1389): DynamicSupportModule: doReceive update intent [CONTEXT service_id=265 ]
02-01 19:18:41.119 I/NearbyFastPair( 1389): DynamicSupportModule: onSupportStateUpdate start [CONTEXT service_id=265 ]
