02-01 19:18:41.119 I/NearbyFastPair( 1389): DynamicSupportModule: onSupportStateUpdate end [CONTEXT service_id=265 ]
02-01 19:18:41.132 W/ModuleInitIntentOp( 1594): Dropping unexpected action com.google.android.gms.phenotype.COMMITTED
02-01 19:18:41.132 W/ModuleInitIntentOp( 1594): Dropping unexpected action com.google.android.gms.phenotype.COMMITTED
02-01 19:18:41.134 W/ModuleInitIntentOp( 1594): Dropping unexpected action com.google.android.gms.phenotype.COMMITTED
02-01 19:18:41.134 I/SyncIntentOperation( 1594): Handling the intent: Intent { act=com.google.android.gms.phenotype.COMMITTED pkg=com.google.android.gms cmp=com.google.android.gms/.chimera.GmsIntentOperationService (has extras) }. [CONTEXT service_id=80 ]
02-01 19:18:41.134 I/MdiSyncModule( 1594): flag handling is skipping irrelevant intent.
02-01 19:18:41.134 I/MlBenchmarkInstaller( 1594): Intent: com.google.android.gms.phenotype.COMMITTED [CONTEXT service_id=340 ]
02-01 19:18:41.135 I/MlBenchmarkInstaller( 1594): COMMITTED Extra package name: com.google.android.gms.gcm [CONTEXT service_id=340 ]
02-01 19:18:41.136 W/ModuleInitIntentOp( 1594): Dropping unexpected action com.google.android.gms.phenotype.COMMITTED
02-01 19:18:41.137 I/GmsSyncPolicyEngine( 1594): Periodic sync 1 disabled by policy, cancelled.
02-01 19:18:41.137 I/LocationHistory( 1594): [IntentOperation] Handling action com.google.android.gms.phenotype.COMMITTED [CONTEXT service_id=314 ]
02-01 19:18:41.139 I/GmsSyncPolicyEngine( 1594): Periodic sync 2 disabled by policy, cancelled.
02-01 19:18:41.140 I/GmsSyncPolicyEngine( 1594): Periodic sync 3 disabled by policy, cancelled.
02-01 19:18:41.140 I/PTCommittedOperation( 1389): Receive new configuration for com.google.android.gms.gcm
02-01 19:18:41.144 W/PlatformConfigurator( 1389): Update for unknown DeviceConfig package com.google.android.gms.gcm [CONTEXT service_id=204 ]
02-01 19:18:41.144 W/PlatformConfigurator( 1389): daaf: No package exists for config package: com.google.android.gms.gcm
02-01 19:18:41.144 W/PlatformConfigurator( 1389): 	at com.google.android.gms.platformconfigurator.PhenotypeConfigurationUpdateListener.b(:com.google.android.gms@242335041@24.23.35 (190800-646585959):233)
02-01 19:18:41.144 W/PlatformConfigurator( 1389): 	at com.google.android.gms.platformconfigurator.PhenotypeConfigurationUpdateListener.a(:com.google.android.gms@242335041@24.23.35 (190800-646585959):29)
02-01 19:18:41.144 W/PlatformConfigurator( 1389): 	at com.google.android.gms.platformconfigurator.PhenotypeConfigurationUpdateListener.onHandleIntent(:com.google.android.gms@242335041@24.23.35 (190800-646585959):207)
02-01 19:18:41.144 W/PlatformConfigurator( 1389): 	at com.google.android.chimera.IntentOperation.onHandleIntent(:com.google.android.gms@242335041@24.23.35 (190800-646585959):2)
02-01 19:18:41.144 W/PlatformConfigurator( 1389): 	at ajom.onHandleIntent(:com.google.android.gms@242335041@24.23.35 (190800-646585959):8)
02-01 19:18:41.144 W/PlatformConfigurator( 1389): 	at pkf.run(:com.google.android.gms@242335041@24.23.35 (190800-646585959):70)
02-01 19:18:41.144 W/PlatformConfigurator( 1389): 	at pke.run(:com.google.android.gms@242335041@24.23.35 (190800-646585959):152)
02-01 19:18:41.144 W/PlatformConfigurator( 1389): 	at emsz.run(:com.google.android.gms@242335041@24.23.35 (190800-646585959):21)
02-01 19:18:41.144 W/PlatformConfigurator( 1389): 	at java.util.concurrent.ThreadPoolExecutor.runWorker(ThreadPoolExecutor.java:1145)
02-01 19:18:41.144 W/PlatformConfigurator( 1389): 	at java.util.concurrent.ThreadPoolExecutor$Worker.run(ThreadPoolExecutor.java:644)
02-01 19:18:41.144 W/PlatformConfigurator( 1389): 	at java.lang.Thread.run(Thread.java:1012)
02-01 19:18:41.156 W/PlatformConfigurator( 1389): Update for unknown DeviceConfig package com.google.android.gms.ipa [CONTEXT service_id=204 ]
02-01 19:18:41.156 W/PlatformConfigurator( 1389): daaf: No package exists for config package: com.google.android.gms.ipa
02-01 19:18:41.156 W/PlatformConfigurator( 1389): 	at com.google.android.gms.platformconfigurator.PhenotypeConfigurationUpdateListener.b(:com.google.android.gms@242335041@24.23.35 (190800-646585959):233)
02-01 19:18:41.156 W/PlatformConfigurator( 1389): 	at com.google.android.gms.platformconfigurator.PhenotypeConfigurationUpdateListener.a(:com.google.android.gms@242335041@24.23.35 (190800-646585959):29)
02-01 19:18:41.156 W/PlatformConfigurator( 1389): 	at com.google.android.gms.platformconfigurator.PhenotypeConfigurationUpdateListener.onHandleIntent(:com.google.android.gms@242335041@24.23.35 (190800-646585959):207)
02-01 19:18:41.156 W/PlatformConfigurator( 1389): 	at com.google.android.chimera.IntentOperation.onHandleIntent(:com.google.android.gms@242335041@24.23.35 (190800-646585959):2)
02-01 19:18:41.156 W/PlatformConfigurator( 1389): 	at ajom.onHandleIntent(:com.google.android.gms@242335041@24.23.35 (190800-646585959):8)
02-01 19:18:41.156 W/PlatformConfigurator( 1389): 	at pkf.run(:com.google.android.gms@242335041@24.23.35 (190800-646585959):70)
02-01 19:18:41.156 W/PlatformConfigurator( 1389): 	at pke.run(:com.google.android.gms@242335041@24.23.35 (190800-646585959):152)
02-01 19:18:41.156 W/PlatformConfigurator( 1389): 	at emsz.run(:com.google.android.gms@242335041@24.23.35 (190800-646585959):21)
02-01 19:18:41.156 W/PlatformConfigurator( 1389): 	at java.util.concurrent.ThreadPoolExecutor.runWorker(ThreadPoolExecutor.java:1145)
02-01 19:18:41.156 W/PlatformConfigurator( 1389): 	at java.util.concurrent.ThreadPoolExecutor$Worker.run(ThreadPoolExecutor.java:644)
02-01 19:18:41.156 W/PlatformConfigurator( 1389): 	at java.lang.Thread.run(Thread.java:1012)
02-01 19:18:41.178 W/PlatformConfigurator( 1389): Update for unknown DeviceConfig package com.google.android.gms.ocr [CONTEXT service_id=204 ]
02-01 19:18:41.178 W/PlatformConfigurator( 1389): daaf: No package exists for config package: com.google.android.gms.ocr
02-01 19:18:41.178 W/PlatformConfigurator( 1389): 	at com.google.android.gms.platformconfigurator.PhenotypeConfigurationUpdateListener.b(:com.google.android.gms@242335041@24.23.35 (190800-646585959):233)
02-01 19:18:41.178 W/PlatformConfigurator( 1389): 	at com.google.android.gms.platformconfigurator.PhenotypeConfigurationUpdateListener.a(:com.google.android.gms@242335041@24.23.35 (190800-646585959):29)
02-01 19:18:41.178 W/PlatformConfigurator( 1389): 	at com.google.android.gms.platformconfigurator.PhenotypeConfigurationUpdateListener.onHandleIntent(:com.google.android.gms@242335041@24.23.35 (190800-646585959):207)
02-01 19:18:41.178 W/PlatformConfigurator( 1389): 	at com.google.android.chimera.IntentOperation.onHandleIntent(:com.google.android.gms@242335041@24.23.35 (190800-646585959):2)
02-01 19:18:41.178 W/PlatformConfigurator( 1389): 	at ajom.onHandleIntent(:com.google.android.gms@242335041@24.23.35 (190800-646585959):8)
02-01 19:18:41.178 W/PlatformConfigurator( 1389): 	at pkf.run(:com.google.android.gms@242335041@24.23.35 (190800-646585959):70)
02-01 19:18:41.178 W/PlatformConfigurator( 1389): 	at pke.run(:com.google.android.gms@242335041@24.23.35 (190800-646585959):152)
02-01 19:18:41.178 W/PlatformConfigurator( 1389): 	at emsz.run(:com.google.android.gms@242335041@24.23.35 (190800-646585959):21)
02-01 19:18:41.178 W/PlatformConfigurator( 1389): 	at java.util.concurrent.ThreadPoolExecutor.runWorker(ThreadPoolExecutor.java:1145)
02-01 19:18:41.178 W/PlatformConfigurator( 1389): 	at java.util.concurrent.ThreadPoolExecutor$Worker.run(ThreadPoolExecutor.java:644)
02-01 19:18:41.178 W/PlatformConfigurator( 1389): 	at java.lang.Thread.run(Thread.java:1012)
02-01 19:18:41.189 W/CCTFlatFileLogStore( 1389): Excessive logging: 64 events, 105954 bytes from log source PHENOTYPE last 0s
02-01 19:18:41.197 W/NetworkScheduler( 1389): The extras of the task (com.google.android.gms.ocr.service.ModelCleanUpTaskService:type_[2]) are not valid to be persisted so that the task is not persisted [CONTEXT service_id=218 ]
02-01 19:18:41.197 W/NetworkScheduler( 1389): java.lang.IllegalArgumentException: Only the following extra parameter types are supported: Integer, Long, Double, String, Boolean, and nested Bundles with the same restrictions.
02-01 19:18:41.197 W/NetworkScheduler( 1389): 	at bpky.f(:com.google.android.gms@242335041@24.23.35 (190800-646585959):69)
02-01 19:18:41.197 W/NetworkScheduler( 1389): 	at dcbg.d(:com.google.android.gms@242335041@24.23.35 (190800-646585959):510)
02-01 19:18:41.197 W/NetworkScheduler( 1389): 	at dbyt.n(:com.google.android.gms@242335041@24.23.35 (190800-646585959):29)
02-01 19:18:41.197 W/NetworkScheduler( 1389): 	at dbyt.u(:com.google.android.gms@242335041@24.23.35 (190800-646585959):360)
02-01 19:18:41.197 W/NetworkScheduler( 1389): 	at dbyt.h(:com.google.android.gms@242335041@24.23.35 (190800-646585959):51)
02-01 19:18:41.197 W/NetworkScheduler( 1389): 	at dbto.run(:com.google.android.gms@242335041@24.23.35 (190800-646585959):72)
02-01 19:18:41.197 W/NetworkScheduler( 1389): 	at angs.c(:com.google.android.gms@242335041@24.23.35 (190800-646585959):50)
02-01 19:18:41.197 W/NetworkScheduler( 1389): 	at angs.run(:com.google.android.gms@242335041@24.23.35 (190800-646585959):97)
02-01 19:18:41.197 W/NetworkScheduler( 1389): 	at java.util.concurrent.ThreadPoolExecutor.runWorker(ThreadPoolExecutor.java:1145)
02-01 19:18:41.197 W/NetworkScheduler( 1389): 	at java.util.concurrent.ThreadPoolExecutor$Worker.run(ThreadPoolExecutor.java:644)
02-01 19:18:41.197 W/NetworkScheduler( 1389): 	at anmg.run(:com.google.android.gms@242335041@24.23.35 (190800-646585959):8)
02-01 19:18:41.197 W/NetworkScheduler( 1389): 	at java.lang.Thread.run(Thread.java:1012)
02-01 19:18:41.219 I/ndroid.systemui( 1045): Background concurrent mark compact GC freed 14MB AllocSpace bytes, 30(792KB) LOS objects, 49% free, 21MB/42MB, paused 542us,1.316ms total 138.967ms
02-01 19:18:41.228 I/Pay     ( 1594): A Phenotype flag has been updated. [CONTEXT service_id=198 ]
02-01 19:18:41.231 W/PlatformConfigurator( 1389): Update for unknown DeviceConfig package com.google.android.gms.pay [CONTEXT service_id=204 ]
02-01 19:18:41.231 W/PlatformConfigurator( 1389): daaf: No package exists for config package: com.google.android.gms.pay
02-01 19:18:41.231 W/PlatformConfigurator( 1389): 	at com.google.android.gms.platformconfigurator.PhenotypeConfigurationUpdateListener.b(:com.google.android.gms@242335041@24.23.35 (190800-646585959):233)
02-01 19:18:41.231 W/PlatformConfigurator( 1389): 	at com.google.android.gms.platformconfigurator.PhenotypeConfigurationUpdateListener.a(:com.google.android.gms@242335041@24.23.35 (190800-646585959):29)
02-01 19:18:41.231 W/PlatformConfigurator( 1389): 	at com.google.android.gms.platformconfigurator.PhenotypeConfigurationUpdateListener.onHandleIntent(:com.google.android.gms@242335041@24.23.35 (190800-646585959):207)
02-01 19:18:41.231 W/PlatformConfigurator( 1389): 	at com.google.android.chimera.IntentOperation.onHandleIntent(:com.google.android.gms@242335041@24.23.35 (190800-646585959):2)
02-01 19:18:41.231 W/PlatformConfigurator( 1389): 	at ajom.onHandleIntent(:com.google.android.gms@242335041@24.23.35 (190800-646585959):8)
02-01 19:18:41.231 W/PlatformConfigurator( 1389): 	at pkf.run(:com.google.android.gms@242335041@24.23.35 (190800-646585959):70)
02-01 19:18:41.231 W/PlatformConfigurator( 1389): 	at pke.run(:com.google.android.gms@242335041@24.23.35 (190800-646585959):152)
02-01 19:18:41.231 W/PlatformConfigurator( 1389): 	at emsz.run(:com.google.android.gms@242335041@24.23.35 (190800-646585959):21)
02-01 19:18:41.231 W/PlatformConfigurator( 1389): 	at java.util.concurrent.ThreadPoolExecutor.runWorker(ThreadPoolExecutor.java:1145)
02-01 19:18:41.231 W/PlatformConfigurator( 1389): 	at java.util.concurrent.ThreadPoolExecutor$Worker.run(ThreadPoolExecutor.java:644)
02-01 19:18:41.231 W/PlatformConfigurator( 1389): 	at java.lang.Thread.run(Thread.java:1012)
02-01 19:18:41.237 I/Pay     ( 1594): Requested check of feature migrations. [CONTEXT service_id=198 ]
02-01 19:18:41.239 I/Pay     ( 1594): Scheduling sync auth setting task. [CONTEXT service_id=198 ]
02-01 19:18:41.244 W/PlatformConfigurator( 1389): Update for unknown DeviceConfig package com.google.android.gms.thunderbird [CONTEXT service_id=204 ]
02-01 19:18:41.244 W/PlatformConfigurator( 1389): daaf: No package exists for config package: com.google.android.gms.thunderbird
02-01 19:18:41.244 W/PlatformConfigurator( 1389): 	at com.google.android.gms.platformconfigurator.PhenotypeConfigurationUpdateListener.b(:com.google.android.gms@242335041@24.23.35 (190800-646585959):233)
02-01 19:18:41.244 W/PlatformConfigurator( 1389): 	at com.google.android.gms.platformconfigurator.PhenotypeConfigurationUpdateListener.a(:com.google.android.gms@242335041@24.23.35 (190800-646585959):29)
02-01 19:18:41.244 W/PlatformConfigurator( 1389): 	at com.google.android.gms.platformconfigurator.PhenotypeConfigurationUpdateListener.onHandleIntent(:com.google.android.gms@242335041@24.23.35 (190800-646585959):207)
02-01 19:18:41.244 W/PlatformConfigurator( 1389): 	at com.google.android.chimera.IntentOperation.onHandleIntent(:com.google.android.gms@242335041@24.23.35 (190800-646585959):2)
02-01 19:18:41.244 W/PlatformConfigurator( 1389): 	at ajom.onHandleIntent(:com.google.android.gms@242335041@24.23.35 (190800-646585959):8)
02-01 19:18:41.244 W/PlatformConfigurator( 1389): 	at pkf.run(:com.google.android.gms@242335041@24.23.35 (190800-646585959):70)
02-01 19:18:41.244 W/PlatformConfigurator( 1389): 	at pke.run(:com.google.android.gms@242335041@24.23.35 (190800-646585959):152)
02-01 19:18:41.244 W/PlatformConfigurator( 1389): 	at emsz.run(:com.google.android.gms@242335041@24.23.35 (190800-646585959):21)
02-01 19:18:41.244 W/PlatformConfigurator( 1389): 	at java.util.concurrent.ThreadPoolExecutor.runWorker(ThreadPoolExecutor.java:1145)
02-01 19:18:41.244 W/PlatformConfigurator( 1389): 	at java.util.concurrent.ThreadPoolExecutor$Worker.run(ThreadPoolExecutor.java:644)
02-01 19:18:41.244 W/PlatformConfigurator( 1389): 	at java.lang.Thread.run(Thread.java:1012)
02-01 19:18:41.271 I/NetworkScheduler.Stats( 1389): Task com.google.android.gms/com.google.android.gms.pay.gcmtask.PayGcmTaskService started execution. cause:7 exec_start_elapsed_seconds: 93 [CONTEXT service_id=218 ]
02-01 19:18:41.273 W/Pay     ( 1594): Active account was null, notification task will be cancelled. [CONTEXT service_id=198 ]
02-01 19:18:41.274 I/Pay     ( 1594): [SeTosMigration] walletJpEligibility is not enabled [CONTEXT service_id=198 ]
02-01 19:18:41.275 I/Pay     ( 1594): Wallet install state NOT_INSTALLED [CONTEXT service_id=198 ]
02-01 19:18:41.275 I/Pay     ( 1594): Migration flag not enabled. [CONTEXT service_id=198 ]
02-01 19:18:41.279 I/NetworkScheduler.Stats( 1389): Task com.google.android.gms/com.google.android.gms.pay.gcmtask.PayGcmTaskService finished executing. cause:7 result: 1 elapsed_millis: 18 uptime_millis: 18 exec_start_elapsed_seconds: 93 [CONTEXT service_id=218 ]
02-01 19:18:41.281 W/ModuleInitIntentOp( 1594): Dropping unexpected action com.google.android.gms.phenotype.COMMITTED
02-01 19:18:41.281 W/ModuleInitIntentOp( 1594): Dropping unexpected action com.google.android.gms.phenotype.COMMITTED
02-01 19:18:41.281 W/ModuleInitIntentOp( 1594): Dropping unexpected action com.google.android.gms.phenotype.COMMITTED
02-01 19:18:41.282 I/SyncIntentOperation( 1594): Handling the intent: Intent { act=com.google.android.gms.phenotype.COMMITTED pkg=com.google.android.gms cmp=com.google.android.gms/.chimera.GmsIntentOperationService (has extras) }. [CONTEXT service_id=80 ]
02-01 19:18:41.282 I/MdiSyncModule( 1594): flag handling is skipping irrelevant intent.
02-01 19:18:41.283 W/ModuleInitIntentOp( 1594): Dropping unexpected action com.google.android.gms.phenotype.COMMITTED
02-01 19:18:41.284 I/GmsSyncPolicyEngine( 1594): Periodic sync 1 disabled by policy, cancelled.
02-01 19:18:41.284 W/PlatformConfigurator( 1389): Update for unknown DeviceConfig package com.google.android.gms.clearcut.public [CONTEXT service_id=204 ]
02-01 19:18:41.284 W/PlatformConfigurator( 1389): daaf: No package exists for config package: com.google.android.gms.clearcut.public
02-01 19:18:41.284 W/PlatformConfigurator( 1389): 	at com.google.android.gms.platformconfigurator.PhenotypeConfigurationUpdateListener.b(:com.google.android.gms@242335041@24.23.35 (190800-646585959):233)
02-01 19:18:41.284 W/PlatformConfigurator( 1389): 	at com.google.android.gms.platformconfigurator.PhenotypeConfigurationUpdateListener.a(:com.google.android.gms@242335041@24.23.35 (190800-646585959):29)
02-01 19:18:41.284 W/PlatformConfigurator( 1389): 	at com.google.android.gms.platformconfigurator.PhenotypeConfigurationUpdateListener.onHandleIntent(:com.google.android.gms@242335041@24.23.35 (190800-646585959):207)
02-01 19:18:41.284 W/PlatformConfigurator( 1389): 	at com.google.android.chimera.IntentOperation.onHandleIntent(:com.google.android.gms@242335041@24.23.35 (190800-646585959):2)
02-01 19:18:41.284 W/PlatformConfigurator( 1389): 	at ajom.onHandleIntent(:com.google.android.gms@242335041@24.23.35 (190800-646585959):8)
02-01 19:18:41.284 W/PlatformConfigurator( 1389): 	at pkf.run(:com.google.android.gms@242335041@24.23.35 (190800-646585959):70)
02-01 19:18:41.284 W/PlatformConfigurator( 1389): 	at pke.run(:com.google.android.gms@242335041@24.23.35 (190800-646585959):152)
02-01 19:18:41.284 W/PlatformConfigurator( 1389): 	at emsz.run(:com.google.android.gms@242335041@24.23.35 (190800-646585959):21)
02-01 19:18:41.284 W/PlatformConfigurator( 1389): 	at java.util.concurrent.ThreadPoolExecutor.runWorker(ThreadPoolExecutor.java:1145)
02-01 19:18:41.284 W/PlatformConfigurator( 1389): 	at java.util.concurrent.ThreadPoolExecutor$Worker.run(ThreadPoolExecutor.java:644)
02-01 19:18:41.284 W/PlatformConfigurator( 1389): 	at java.lang.Thread.run(Thread.java:1012)
02-01 19:18:41.284 I/MlBenchmarkInstaller( 1594): Intent: com.google.android.gms.phenotype.COMMITTED [CONTEXT service_id=340 ]
02-01 19:18:41.285 I/MlBenchmarkInstaller( 1594): COMMITTED Extra package name: com.google.android.gms.clearcut.public [CONTEXT service_id=340 ]
02-01 19:18:41.285 I/LocationHistory( 1594): [IntentOperation] Handling action com.google.android.gms.phenotype.COMMITTED [CONTEXT service_id=314 ]
02-01 19:18:41.287 I/PTCommittedOperation( 1389): Receive new configuration for com.google.android.gms.clearcut.public
02-01 19:18:41.289 I/GmsSyncPolicyEngine( 1594): Periodic sync 2 disabled by policy, cancelled.
02-01 19:18:41.289 I/GmsSyncPolicyEngine( 1594): Periodic sync 3 disabled by policy, cancelled.
02-01 19:18:41.303 I/Auth    ( 1389): [AuthManaged, PasswordComplexityHelperImpl] Updating password complexity components state.
02-01 19:18:41.303 I/Auth    ( 1389): [AuthManaged, PasswordComplexityHelperImpl] Disabling com.google.android.gms.auth.managed.admin.DeviceAdminReceiver
02-01 19:18:41.303 I/Auth    ( 1389): [AuthManaged, PasswordComplexityHelperImpl] Disabling com.google.android.gms.auth.managed.ui.SetNewPasswordActivity
02-01 19:18:41.304 W/PlatformConfigurator( 1389): Update for unknown DeviceConfig package com.google.android.gms.auth_managed [CONTEXT service_id=204 ]
02-01 19:18:41.304 W/PlatformConfigurator( 1389): daaf: No package exists for config package: com.google.android.gms.auth_managed
02-01 19:18:41.304 W/PlatformConfigurator( 1389): 	at com.google.android.gms.platformconfigurator.PhenotypeConfigurationUpdateListener.b(:com.google.android.gms@242335041@24.23.35 (190800-646585959):233)
02-01 19:18:41.304 W/PlatformConfigurator( 1389): 	at com.google.android.gms.platformconfigurator.PhenotypeConfigurationUpdateListener.a(:com.google.android.gms@242335041@24.23.35 (190800-646585959):29)
02-01 19:18:41.304 W/PlatformConfigurator( 1389): 	at com.google.android.gms.platformconfigurator.PhenotypeConfigurationUpdateListener.onHandleIntent(:com.google.android.gms@242335041@24.23.35 (190800-646585959):207)
02-01 19:18:41.304 W/PlatformConfigurator( 1389): 	at com.google.android.chimera.IntentOperation.onHandleIntent(:com.google.android.gms@242335041@24.23.35 (190800-646585959):2)
02-01 19:18:41.304 W/PlatformConfigurator( 1389): 	at ajom.onHandleIntent(:com.google.android.gms@242335041@24.23.35 (190800-646585959):8)
02-01 19:18:41.304 W/PlatformConfigurator( 1389): 	at pkf.run(:com.google.android.gms@242335041@24.23.35 (190800-646585959):70)
02-01 19:18:41.304 W/PlatformConfigurator( 1389): 	at pke.run(:com.google.android.gms@242335041@24.23.35 (190800-646585959):152)
02-01 19:18:41.304 W/PlatformConfigurator( 1389): 	at emsz.run(:com.google.android.gms@242335041@24.23.35 (190800-646585959):21)
02-01 19:18:41.304 W/PlatformConfigurator( 1389): 	at java.util.concurrent.ThreadPoolExecutor.runWorker(ThreadPoolExecutor.java:1145)
02-01 19:18:41.304 W/PlatformConfigurator( 1389): 	at java.util.concurrent.ThreadPoolExecutor$Worker.run(ThreadPoolExecutor.java:644)
02-01 19:18:41.304 W/PlatformConfigurator( 1389): 	at java.lang.Thread.run(Thread.java:1012)
02-01 19:18:41.333 I/PTCommittedOperation( 1389): Receive new configuration for com.google.android.gms
02-01 19:18:41.333 I/PTCommittedOperation( 1389): Running Fixer Framework for com.google.android.gms
02-01 19:18:41.335 W/PlatformConfigurator( 1389): Update for unknown DeviceConfig package com.google.android.gms [CONTEXT service_id=204 ]
02-01 19:18:41.335 W/PlatformConfigurator( 1389): daaf: No package exists for config package: com.google.android.gms
02-01 19:18:41.335 W/PlatformConfigurator( 1389): 	at com.google.android.gms.platformconfigurator.PhenotypeConfigurationUpdateListener.b(:com.google.android.gms@242335041@24.23.35 (190800-646585959):233)
02-01 19:18:41.335 W/PlatformConfigurator( 1389): 	at com.google.android.gms.platformconfigurator.PhenotypeConfigurationUpdateListener.a(:com.google.android.gms@242335041@24.23.35 (190800-646585959):29)
02-01 19:18:41.335 W/PlatformConfigurator( 1389): 	at com.google.android.gms.platformconfigurator.PhenotypeConfigurationUpdateListener.onHandleIntent(:com.google.android.gms@242335041@24.23.35 (190800-646585959):207)
02-01 19:18:41.335 W/PlatformConfigurator( 1389): 	at com.google.android.chimera.IntentOperation.onHandleIntent(:com.google.android.gms@242335041@24.23.35 (190800-646585959):2)
02-01 19:18:41.335 W/PlatformConfigurator( 1389): 	at ajom.onHandleIntent(:com.google.android.gms@242335041@24.23.35 (190800-646585959):8)
02-01 19:18:41.335 W/PlatformConfigurator( 1389): 	at pkf.run(:com.google.android.gms@242335041@24.23.35 (190800-646585959):70)
02-01 19:18:41.335 W/PlatformConfigurator( 1389): 	at pke.run(:com.google.android.gms@242335041@24.23.35 (190800-646585959):152)
02-01 19:18:41.335 W/PlatformConfigurator( 1389): 	at emsz.run(:com.google.android.gms@242335041@24.23.35 (190800-646585959):21)
02-01 19:18:41.335 W/PlatformConfigurator( 1389): 	at java.util.concurrent.ThreadPoolExecutor.runWorker(ThreadPoolExecutor.java:1145)
02-01 19:18:41.335 W/PlatformConfigurator( 1389): 	at java.util.concurrent.ThreadPoolExecutor$Worker.run(ThreadPoolExecutor.java:644)
02-01 19:18:41.335 W/PlatformConfigurator( 1389): 	at java.lang.Thread.run(Thread.java:1012)
02-01 19:18:41.352 I/PTCommittedOperation( 1389): Receive new configuration for com.google.android.gms.autofill
02-01 19:18:41.355 W/ModuleInitIntentOp( 1594): Dropping unexpected action com.google.android.gms.phenotype.COMMITTED
02-01 19:18:41.356 W/ModuleInitIntentOp( 1594): Dropping unexpected action com.google.android.gms.phenotype.COMMITTED
02-01 19:18:41.356 W/ModuleInitIntentOp( 1594): Dropping unexpected action com.google.android.gms.phenotype.COMMITTED
02-01 19:18:41.356 I/SyncIntentOperation( 1594): Handling the intent: Intent { act=com.google.android.gms.phenotype.COMMITTED pkg=com.google.android.gms cmp=com.google.android.gms/.chimera.GmsIntentOperationService (has extras) }. [CONTEXT service_id=80 ]
02-01 19:18:41.357 W/PlatformConfigurator( 1389): Update for unknown DeviceConfig package com.google.android.gms.autofill [CONTEXT service_id=204 ]
02-01 19:18:41.357 W/PlatformConfigurator( 1389): daaf: No package exists for config package: com.google.android.gms.autofill
02-01 19:18:41.357 W/PlatformConfigurator( 1389): 	at com.google.android.gms.platformconfigurator.PhenotypeConfigurationUpdateListener.b(:com.google.android.gms@242335041@24.23.35 (190800-646585959):233)
02-01 19:18:41.357 W/PlatformConfigurator( 1389): 	at com.google.android.gms.platformconfigurator.PhenotypeConfigurationUpdateListener.a(:com.google.android.gms@242335041@24.23.35 (190800-646585959):29)
02-01 19:18:41.357 W/PlatformConfigurator( 1389): 	at com.google.android.gms.platformconfigurator.PhenotypeConfigurationUpdateListener.onHandleIntent(:com.google.android.gms@242335041@24.23.35 (190800-646585959):207)
02-01 19:18:41.357 W/PlatformConfigurator( 1389): 	at com.google.android.chimera.IntentOperation.onHandleIntent(:com.google.android.gms@242335041@24.23.35 (190800-646585959):2)
02-01 19:18:41.357 W/PlatformConfigurator( 1389): 	at ajom.onHandleIntent(:com.google.android.gms@242335041@24.23.35 (190800-646585959):8)
02-01 19:18:41.357 W/PlatformConfigurator( 1389): 	at pkf.run(:com.google.android.gms@242335041@24.23.35 (190800-646585959):70)
02-01 19:18:41.357 W/PlatformConfigurator( 1389): 	at pke.run(:com.google.android.gms@242335041@24.23.35 (190800-646585959):152)
02-01 19:18:41.357 W/PlatformConfigurator( 1389): 	at emsz.run(:com.google.android.gms@242335041@24.23.35 (190800-646585959):21)
02-01 19:18:41.357 W/PlatformConfigurator( 1389): 	at java.util.concurrent.ThreadPoolExecutor.runWorker(ThreadPoolExecutor.java:1145)
02-01 19:18:41.357 W/PlatformConfigurator( 1389): 	at java.util.concurrent.ThreadPoolExecutor$Worker.run(ThreadPoolExecutor.java:644)
02-01 19:18:41.357 W/PlatformConfigurator( 1389): 	at java.lang.Thread.run(Thread.java:1012)
02-01 19:18:41.359 I/MdiSyncModule( 1594): flag handling is skipping irrelevant intent.
02-01 19:18:41.359 I/MlBenchmarkInstaller( 1594): Intent: com.google.android.gms.phenotype.COMMITTED [CONTEXT service_id=340 ]
02-01 19:18:41.359 I/MlBenchmarkInstaller( 1594): COMMITTED Extra package name: com.google.android.gms.autofill [CONTEXT service_id=340 ]
02-01 19:18:41.359 W/ModuleInitIntentOp( 1594): Dropping unexpected action com.google.android.gms.phenotype.COMMITTED
02-01 19:18:41.360 I/LocationHistory( 1594): [IntentOperation] Handling action com.google.android.gms.phenotype.COMMITTED [CONTEXT service_id=314 ]
02-01 19:18:41.360 I/GmsSyncPolicyEngine( 1594): Periodic sync 1 disabled by policy, cancelled.
02-01 19:18:41.360 I/GmsSyncPolicyEngine( 1594): Periodic sync 2 disabled by policy, cancelled.
02-01 19:18:41.361 I/GmsSyncPolicyEngine( 1594): Periodic sync 3 disabled by policy, cancelled.
02-01 19:18:41.364 I/GmsSyncPolicyEngine( 1594): Periodic sync 7 disabled
02-01 19:18:41.365 I/GmsSyncPolicyEngine( 1594): Periodic sync 4 disabled by policy, cancelled.
02-01 19:18:41.379 I/PTCommittedOperation( 1389): Receive new configuration for com.google.android.gms.fido
02-01 19:18:41.382 W/ModuleInitIntentOp( 1594): Dropping unexpected action com.google.android.gms.phenotype.COMMITTED
02-01 19:18:41.383 I/Fido    ( 1389): [CableAuthenticatorChimeraService] Unregistering receiver.
02-01 19:18:41.383 I/Fido    ( 1389): [CableAuthenticatorChimeraService] Registering broadcast receiver.
02-01 19:18:41.383 W/PlatformConfigurator( 1389): Update for unknown DeviceConfig package com.google.android.gms.fido [CONTEXT service_id=204 ]
02-01 19:18:41.383 W/PlatformConfigurator( 1389): daaf: No package exists for config package: com.google.android.gms.fido
02-01 19:18:41.383 W/PlatformConfigurator( 1389): 	at com.google.android.gms.platformconfigurator.PhenotypeConfigurationUpdateListener.b(:com.google.android.gms@242335041@24.23.35 (190800-646585959):233)
02-01 19:18:41.383 W/PlatformConfigurator( 1389): 	at com.google.android.gms.platformconfigurator.PhenotypeConfigurationUpdateListener.a(:com.google.android.gms@242335041@24.23.35 (190800-646585959):29)
02-01 19:18:41.383 W/PlatformConfigurator( 1389): 	at com.google.android.gms.platformconfigurator.PhenotypeConfigurationUpdateListener.onHandleIntent(:com.google.android.gms@242335041@24.23.35 (190800-646585959):207)
02-01 19:18:41.383 W/PlatformConfigurator( 1389): 	at com.google.android.chimera.IntentOperation.onHandleIntent(:com.google.android.gms@242335041@24.23.35 (190800-646585959):2)
02-01 19:18:41.383 W/PlatformConfigurator( 1389): 	at ajom.onHandleIntent(:com.google.android.gms@242335041@24.23.35 (190800-646585959):8)
02-01 19:18:41.383 W/PlatformConfigurator( 1389): 	at pkf.run(:com.google.android.gms@242335041@24.23.35 (190800-646585959):70)
02-01 19:18:41.383 W/PlatformConfigurator( 1389): 	at pke.run(:com.google.android.gms@242335041@24.23.35 (190800-646585959):152)
02-01 19:18:41.383 W/PlatformConfigurator( 1389): 	at emsz.run(:com.google.android.gms@242335041@24.23.35 (190800-646585959):21)
02-01 19:18:41.383 W/PlatformConfigurator( 1389): 	at java.util.concurrent.ThreadPoolExecutor.runWorker(ThreadPoolExecutor.java:1145)
02-01 19:18:41.383 W/PlatformConfigurator( 1389): 	at java.util.concurrent.ThreadPoolExecutor$Worker.run(ThreadPoolExecutor.java:644)
02-01 19:18:41.383 W/PlatformConfigurator( 1389): 	at java.lang.Thread.run(Thread.java:1012)
02-01 19:18:41.382 W/ModuleInitIntentOp( 1594): Dropping unexpected action com.google.android.gms.phenotype.COMMITTED
02-01 19:18:41.383 I/SyncIntentOperation( 1594): Handling the intent: Intent { act=com.google.android.gms.phenotype.COMMITTED pkg=com.google.android.gms cmp=com.google.android.gms/.chimera.GmsIntentOperationService (has extras) }. [CONTEXT service_id=80 ]
02-01 19:18:41.384 I/MdiSyncModule( 1594): flag handling is skipping irrelevant intent.
02-01 19:18:41.384 W/ModuleInitIntentOp( 1594): Dropping unexpected action com.google.android.gms.phenotype.COMMITTED
02-01 19:18:41.384 I/MlBenchmarkInstaller( 1594): Intent: com.google.android.gms.phenotype.COMMITTED [CONTEXT service_id=340 ]
02-01 19:18:41.384 I/MlBenchmarkInstaller( 1594): COMMITTED Extra package name: com.google.android.gms.fido [CONTEXT service_id=340 ]
02-01 19:18:41.384 D/BiometricService(  594): canAuthenticate: User=0, Caller=0, Authenticators=255
02-01 19:18:41.385 W/ModuleInitIntentOp( 1594): Dropping unexpected action com.google.android.gms.phenotype.COMMITTED
02-01 19:18:41.385 D/BiometricService/PreAuthInfo(  594): Package: com.google.android.gms Sensor ID: 0 Modality: 2 Status: 7
02-01 19:18:41.385 I/LocationHistory( 1594): [IntentOperation] Handling action com.google.android.gms.phenotype.COMMITTED [CONTEXT service_id=314 ]
02-01 19:18:41.385 D/BiometricService/PreAuthInfo(  594): Package: com.google.android.gms Sensor ID: 4 Modality: 8 Status: 7
02-01 19:18:41.385 D/BiometricService/PreAuthInfo(  594): getCanAuthenticateInternal Modality: 8 AuthenticatorStatus: 7
02-01 19:18:41.385 D/AuthService(  594): canAuthenticate, userId: 0, callingUserId: 0, authenticators: 255, result: 11
02-01 19:18:41.386 I/BistoHotwordHelper( 1646): (REDACTED) getHotwordActive::active query: %s, watch: %s, devices connected: %s
02-01 19:18:41.387 D/BiometricService(  594): canAuthenticate: User=0, Caller=0, Authenticators=32768
02-01 19:18:41.387 D/BiometricService/PreAuthInfo(  594): getCanAuthenticateInternal Modality: 1 AuthenticatorStatus: 9
02-01 19:18:41.387 D/AuthService(  594): canAuthenticate, userId: 0, callingUserId: 0, authenticators: 32768, result: 11
02-01 19:18:41.387 I/GmsSyncPolicyEngine( 1594): Periodic sync 1 disabled by policy, cancelled.
02-01 19:18:41.387 I/Fido    ( 1389): [FidoV2EnrollmentController] Attempting to enroll Autofill Keystore keys
02-01 19:18:41.387 I/Fido    ( 1389): [FidoV2EnrollmentController] No screen lock set.
02-01 19:18:41.387 I/GmsSyncPolicyEngine( 1594): Periodic sync 2 disabled by policy, cancelled.
02-01 19:18:41.388 I/GmsSyncPolicyEngine( 1594): Periodic sync 3 disabled by policy, cancelled.
02-01 19:18:41.403 I/HomeStub( 1594): HomeStub re-evaluating module downloads on phenotype flags update [CONTEXT service_id=336 ]
02-01 19:18:41.406 W/PlatformConfigurator( 1389): Update for unknown DeviceConfig package com.google.android.gms.home [CONTEXT service_id=204 ]
02-01 19:18:41.406 W/PlatformConfigurator( 1389): daaf: No package exists for config package: com.google.android.gms.home
02-01 19:18:41.406 W/PlatformConfigurator( 1389): 	at com.google.android.gms.platformconfigurator.PhenotypeConfigurationUpdateListener.b(:com.google.android.gms@242335041@24.23.35 (190800-646585959):233)
02-01 19:18:41.406 W/PlatformConfigurator( 1389): 	at com.google.android.gms.platformconfigurator.PhenotypeConfigurationUpdateListener.a(:com.google.android.gms@242335041@24.23.35 (190800-646585959):29)
02-01 19:18:41.406 W/PlatformConfigurator( 1389): 	at com.google.android.gms.platformconfigurator.PhenotypeConfigurationUpdateListener.onHandleIntent(:com.google.android.gms@242335041@24.23.35 (190800-646585959):207)
02-01 19:18:41.406 W/PlatformConfigurator( 1389): 	at com.google.android.chimera.IntentOperation.onHandleIntent(:com.google.android.gms@242335041@24.23.35 (190800-646585959):2)
02-01 19:18:41.406 W/PlatformConfigurator( 1389): 	at ajom.onHandleIntent(:com.google.android.gms@242335041@24.23.35 (190800-646585959):8)
02-01 19:18:41.406 W/PlatformConfigurator( 1389): 	at pkf.run(:com.google.android.gms@242335041@24.23.35 (190800-646585959):70)
02-01 19:18:41.406 W/PlatformConfigurator( 1389): 	at pke.run(:com.google.android.gms@242335041@24.23.35 (190800-646585959):152)
02-01 19:18:41.406 W/PlatformConfigurator( 1389): 	at emsz.run(:com.google.android.gms@242335041@24.23.35 (190800-646585959):21)
02-01 19:18:41.406 W/PlatformConfigurator( 1389): 	at java.util.concurrent.ThreadPoolExecutor.runWorker(ThreadPoolExecutor.java:1145)
02-01 19:18:41.406 W/PlatformConfigurator( 1389): 	at java.util.concurrent.ThreadPoolExecutor$Worker.run(ThreadPoolExecutor.java:644)
02-01 19:18:41.406 W/PlatformConfigurator( 1389): 	at java.lang.Thread.run(Thread.java:1012)
02-01 19:18:41.406 I/HomeStubModuleLoader( 1594): No requirement for Home module found. [CONTEXT service_id=336 ]
02-01 19:18:41.408 W/SystemServiceRegistry( 1594): No service published for: thread_network
02-01 19:18:41.408 I/HomeStubModuleLoader( 1594): Not downloading Thread module: Thread feature not available. [CONTEXT service_id=336 ]
02-01 19:18:41.409 W/PlatformConfigurator( 1389): Update for unknown DeviceConfig package com.google.android.gms.playlog.uploader [CONTEXT service_id=204 ]
02-01 19:18:41.409 W/PlatformConfigurator( 1389): daaf: No package exists for config package: com.google.android.gms.playlog.uploader
02-01 19:18:41.409 W/PlatformConfigurator( 1389): 	at com.google.android.gms.platformconfigurator.PhenotypeConfigurationUpdateListener.b(:com.google.android.gms@242335041@24.23.35 (190800-646585959):233)
02-01 19:18:41.409 W/PlatformConfigurator( 1389): 	at com.google.android.gms.platformconfigurator.PhenotypeConfigurationUpdateListener.a(:com.google.android.gms@242335041@24.23.35 (190800-646585959):29)
02-01 19:18:41.409 W/PlatformConfigurator( 1389): 	at com.google.android.gms.platformconfigurator.PhenotypeConfigurationUpdateListener.onHandleIntent(:com.google.android.gms@242335041@24.23.35 (190800-646585959):207)
02-01 19:18:41.409 W/PlatformConfigurator( 1389): 	at com.google.android.chimera.IntentOperation.onHandleIntent(:com.google.android.gms@242335041@24.23.35 (190800-646585959):2)
02-01 19:18:41.409 W/PlatformConfigurator( 1389): 	at ajom.onHandleIntent(:com.google.android.gms@242335041@24.23.35 (190800-646585959):8)
02-01 19:18:41.409 W/PlatformConfigurator( 1389): 	at pkf.run(:com.google.android.gms@242335041@24.23.35 (190800-646585959):70)
02-01 19:18:41.409 W/PlatformConfigurator( 1389): 	at pke.run(:com.google.android.gms@242335041@24.23.35 (190800-646585959):152)
02-01 19:18:41.409 W/PlatformConfigurator( 1389): 	at emsz.run(:com.google.android.gms@242335041@24.23.35 (190800-646585959):21)
02-01 19:18:41.409 W/PlatformConfigurator( 1389): 	at java.util.concurrent.ThreadPoolExecutor.runWorker(ThreadPoolExecutor.java:1145)
02-01 19:18:41.409 W/PlatformConfigurator( 1389): 	at java.util.concurrent.ThreadPoolExecutor$Worker.run(ThreadPoolExecutor.java:644)
02-01 19:18:41.409 W/PlatformConfigurator( 1389): 	at java.lang.Thread.run(Thread.java:1012)
02-01 19:18:41.421 W/ModuleInitIntentOp( 1594): Dropping unexpected action com.google.android.gms.phenotype.COMMITTED
02-01 19:18:41.422 W/ModuleInitIntentOp( 1594): Dropping unexpected action com.google.android.gms.phenotype.COMMITTED
02-01 19:18:41.422 W/ModuleInitIntentOp( 1594): Dropping unexpected action com.google.android.gms.phenotype.COMMITTED
02-01 19:18:41.423 I/SyncIntentOperation( 1594): Handling the intent: Intent { act=com.google.android.gms.phenotype.COMMITTED pkg=com.google.android.gms cmp=com.google.android.gms/.chimera.GmsIntentOperationService (has extras) }. [CONTEXT service_id=80 ]
02-01 19:18:41.423 I/PTCommittedOperation( 1389): Receive new configuration for com.google.android.gms.smartdevice
02-01 19:18:41.424 I/MdiSyncModule( 1594): flag handling is skipping irrelevant intent.
02-01 19:18:41.424 I/MlBenchmarkInstaller( 1594): Intent: com.google.android.gms.phenotype.COMMITTED [CONTEXT service_id=340 ]
02-01 19:18:41.424 I/MlBenchmarkInstaller( 1594): COMMITTED Extra package name: com.google.android.gms.smartdevice [CONTEXT service_id=340 ]
02-01 19:18:41.425 W/ModuleInitIntentOp( 1594): Dropping unexpected action com.google.android.gms.phenotype.COMMITTED
02-01 19:18:41.425 W/PlatformConfigurator( 1389): Update for unknown DeviceConfig package com.google.android.gms.smartdevice [CONTEXT service_id=204 ]
02-01 19:18:41.425 W/PlatformConfigurator( 1389): daaf: No package exists for config package: com.google.android.gms.smartdevice
02-01 19:18:41.425 W/PlatformConfigurator( 1389): 	at com.google.android.gms.platformconfigurator.PhenotypeConfigurationUpdateListener.b(:com.google.android.gms@242335041@24.23.35 (190800-646585959):233)
02-01 19:18:41.425 W/PlatformConfigurator( 1389): 	at com.google.android.gms.platformconfigurator.PhenotypeConfigurationUpdateListener.a(:com.google.android.gms@242335041@24.23.35 (190800-646585959):29)
02-01 19:18:41.425 W/PlatformConfigurator( 1389): 	at com.google.android.gms.platformconfigurator.PhenotypeConfigurationUpdateListener.onHandleIntent(:com.google.android.gms@242335041@24.23.35 (190800-646585959):207)
02-01 19:18:41.425 W/PlatformConfigurator( 1389): 	at com.google.android.chimera.IntentOperation.onHandleIntent(:com.google.android.gms@242335041@24.23.35 (190800-646585959):2)
02-01 19:18:41.425 W/PlatformConfigurator( 1389): 	at ajom.onHandleIntent(:com.google.android.gms@242335041@24.23.35 (190800-646585959):8)
02-01 19:18:41.425 W/PlatformConfigurator( 1389): 	at pkf.run(:com.google.android.gms@242335041@24.23.35 (190800-646585959):70)
02-01 19:18:41.425 W/PlatformConfigurator( 1389): 	at pke.run(:com.google.android.gms@242335041@24.23.35 (190800-646585959):152)
02-01 19:18:41.425 W/PlatformConfigurator( 1389): 	at emsz.run(:com.google.android.gms@242335041@24.23.35 (190800-646585959):21)
02-01 19:18:41.425 W/PlatformConfigurator( 1389): 	at java.util.concurrent.ThreadPoolExecutor.runWorker(ThreadPoolExecutor.java:1145)
02-01 19:18:41.425 W/PlatformConfigurator( 1389): 	at java.util.concurrent.ThreadPoolExecutor$Worker.run(ThreadPoolExecutor.java:644)
02-01 19:18:41.425 W/PlatformConfigurator( 1389): 	at java.lang.Thread.run(Thread.java:1012)
02-01 19:18:41.428 I/LocationHistory( 1594): [IntentOperation] Handling action com.google.android.gms.phenotype.COMMITTED [CONTEXT service_id=314 ]
02-01 19:18:41.429 I/GmsSyncPolicyEngine( 1594): Periodic sync 1 disabled by policy, cancelled.
02-01 19:18:41.430 W/PlatformConfigurator( 1389): Update for unknown DeviceConfig package com.google.android.gms.phenotype [CONTEXT service_id=204 ]
02-01 19:18:41.430 W/PlatformConfigurator( 1389): daaf: No package exists for config package: com.google.android.gms.phenotype
02-01 19:18:41.430 W/PlatformConfigurator( 1389): 	at com.google.android.gms.platformconfigurator.PhenotypeConfigurationUpdateListener.b(:com.google.android.gms@242335041@24.23.35 (190800-646585959):233)
02-01 19:18:41.430 W/PlatformConfigurator( 1389): 	at com.google.android.gms.platformconfigurator.PhenotypeConfigurationUpdateListener.a(:com.google.android.gms@242335041@24.23.35 (190800-646585959):29)
02-01 19:18:41.430 W/PlatformConfigurator( 1389): 	at com.google.android.gms.platformconfigurator.PhenotypeConfigurationUpdateListener.onHandleIntent(:com.google.android.gms@242335041@24.23.35 (190800-646585959):207)
02-01 19:18:41.430 W/PlatformConfigurator( 1389): 	at com.google.android.chimera.IntentOperation.onHandleIntent(:com.google.android.gms@242335041@24.23.35 (190800-646585959):2)
02-01 19:18:41.430 W/PlatformConfigurator( 1389): 	at ajom.onHandleIntent(:com.google.android.gms@242335041@24.23.35 (190800-646585959):8)
02-01 19:18:41.430 W/PlatformConfigurator( 1389): 	at pkf.run(:com.google.android.gms@242335041@24.23.35 (190800-646585959):70)
02-01 19:18:41.430 W/PlatformConfigurator( 1389): 	at pke.run(:com.google.android.gms@242335041@24.23.35 (190800-646585959):152)
02-01 19:18:41.430 W/PlatformConfigurator( 1389): 	at emsz.run(:com.google.android.gms@242335041@24.23.35 (190800-646585959):21)
02-01 19:18:41.430 W/PlatformConfigurator( 1389): 	at java.util.concurrent.ThreadPoolExecutor.runWorker(ThreadPoolExecutor.java:1145)
02-01 19:18:41.430 W/PlatformConfigurator( 1389): 	at java.util.concurrent.ThreadPoolExecutor$Worker.run(ThreadPoolExecutor.java:644)
02-01 19:18:41.430 W/PlatformConfigurator( 1389): 	at java.lang.Thread.run(Thread.java:1012)
02-01 19:18:41.431 I/GmsSyncPolicyEngine( 1594): Periodic sync 2 disabled by policy, cancelled.
02-01 19:18:41.432 I/GmsSyncPolicyEngine( 1594): Periodic sync 3 disabled by policy, cancelled.
02-01 19:18:41.432 W/PlatformConfigurator( 1389): Update for unknown DeviceConfig package com.google.android.libraries.performance.primes#com.google.android.gms [CONTEXT service_id=204 ]
02-01 19:18:41.432 W/PlatformConfigurator( 1389): daaf: No package exists for config package: com.google.android.libraries.performance.primes#com.google.android.gms
02-01 19:18:41.432 W/PlatformConfigurator( 1389): 	at com.google.android.gms.platformconfigurator.PhenotypeConfigurationUpdateListener.b(:com.google.android.gms@242335041@24.23.35 (190800-646585959):233)
02-01 19:18:41.432 W/PlatformConfigurator( 1389): 	at com.google.android.gms.platformconfigurator.PhenotypeConfigurationUpdateListener.a(:com.google.android.gms@242335041@24.23.35 (190800-646585959):29)
02-01 19:18:41.432 W/PlatformConfigurator( 1389): 	at com.google.android.gms.platformconfigurator.PhenotypeConfigurationUpdateListener.onHandleIntent(:com.google.android.gms@242335041@24.23.35 (190800-646585959):207)
02-01 19:18:41.432 W/PlatformConfigurator( 1389): 	at com.google.android.chimera.IntentOperation.onHandleIntent(:com.google.android.gms@242335041@24.23.35 (190800-646585959):2)
02-01 19:18:41.432 W/PlatformConfigurator( 1389): 	at ajom.onHandleIntent(:com.google.android.gms@242335041@24.23.35 (190800-646585959):8)
02-01 19:18:41.432 W/PlatformConfigurator( 1389): 	at pkf.run(:com.google.android.gms@242335041@24.23.35 (190800-646585959):70)
02-01 19:18:41.432 W/PlatformConfigurator( 1389): 	at pke.run(:com.google.android.gms@242335041@24.23.35 (190800-646585959):152)
02-01 19:18:41.432 W/PlatformConfigurator( 1389): 	at emsz.run(:com.google.android.gms@242335041@24.23.35 (190800-646585959):21)
02-01 19:18:41.432 W/PlatformConfigurator( 1389): 	at java.util.concurrent.ThreadPoolExecutor.runWorker(ThreadPoolExecutor.java:1145)
02-01 19:18:41.432 W/PlatformConfigurator( 1389): 	at java.util.concurrent.ThreadPoolExecutor$Worker.run(ThreadPoolExecutor.java:644)
02-01 19:18:41.432 W/PlatformConfigurator( 1389): 	at java.lang.Thread.run(Thread.java:1012)
02-01 19:18:41.434 W/PlatformConfigurator( 1389): Update for unknown DeviceConfig package com.google.android.gms.kids#com.google.android.gms [CONTEXT service_id=204 ]
02-01 19:18:41.434 W/PlatformConfigurator( 1389): daaf: No package exists for config package: com.google.android.gms.kids#com.google.android.gms
02-01 19:18:41.434 W/PlatformConfigurator( 1389): 	at com.google.android.gms.platformconfigurator.PhenotypeConfigurationUpdateListener.b(:com.google.android.gms@242335041@24.23.35 (190800-646585959):233)
02-01 19:18:41.434 W/PlatformConfigurator( 1389): 	at com.google.android.gms.platformconfigurator.PhenotypeConfigurationUpdateListener.a(:com.google.android.gms@242335041@24.23.35 (190800-646585959):29)
02-01 19:18:41.434 W/PlatformConfigurator( 1389): 	at com.google.android.gms.platformconfigurator.PhenotypeConfigurationUpdateListener.onHandleIntent(:com.google.android.gms@242335041@24.23.35 (190800-646585959):207)
02-01 19:18:41.434 W/PlatformConfigurator( 1389): 	at com.google.android.chimera.IntentOperation.onHandleIntent(:com.google.android.gms@242335041@24.23.35 (190800-646585959):2)
02-01 19:18:41.434 W/PlatformConfigurator( 1389): 	at ajom.onHandleIntent(:com.google.android.gms@242335041@24.23.35 (190800-646585959):8)
02-01 19:18:41.434 W/PlatformConfigurator( 1389): 	at pkf.run(:com.google.android.gms@242335041@24.23.35 (190800-646585959):70)
02-01 19:18:41.434 W/PlatformConfigurator( 1389): 	at pke.run(:com.google.android.gms@242335041@24.23.35 (190800-646585959):152)
02-01 19:18:41.434 W/PlatformConfigurator( 1389): 	at emsz.run(:com.google.android.gms@242335041@24.23.35 (190800-646585959):21)
02-01 19:18:41.434 W/PlatformConfigurator( 1389): 	at java.util.concurrent.ThreadPoolExecutor.runWorker(ThreadPoolExecutor.java:1145)
02-01 19:18:41.434 W/PlatformConfigurator( 1389): 	at java.util.concurrent.ThreadPoolExecutor$Worker.run(ThreadPoolExecutor.java:644)
02-01 19:18:41.434 W/PlatformConfigurator( 1389): 	at java.lang.Thread.run(Thread.java:1012)
02-01 19:18:41.436 W/PlatformConfigurator( 1389): Update for unknown DeviceConfig package com.google.android.gms.westworldfeatures#com.google.android.gms [CONTEXT service_id=204 ]
02-01 19:18:41.436 W/PlatformConfigurator( 1389): daaf: No package exists for config package: com.google.android.gms.westworldfeatures#com.google.android.gms
02-01 19:18:41.436 W/PlatformConfigurator( 1389): 	at com.google.android.gms.platformconfigurator.PhenotypeConfigurationUpdateListener.b(:com.google.android.gms@242335041@24.23.35 (190800-646585959):233)
02-01 19:18:41.436 W/PlatformConfigurator( 1389): 	at com.google.android.gms.platformconfigurator.PhenotypeConfigurationUpdateListener.a(:com.google.android.gms@242335041@24.23.35 (190800-646585959):29)
02-01 19:18:41.436 W/PlatformConfigurator( 1389): 	at com.google.android.gms.platformconfigurator.PhenotypeConfigurationUpdateListener.onHandleIntent(:com.google.android.gms@242335041@24.23.35 (190800-646585959):207)
02-01 19:18:41.436 W/PlatformConfigurator( 1389): 	at com.google.android.chimera.IntentOperation.onHandleIntent(:com.google.android.gms@242335041@24.23.35 (190800-646585959):2)
02-01 19:18:41.436 W/PlatformConfigurator( 1389): 	at ajom.onHandleIntent(:com.google.android.gms@242335041@24.23.35 (190800-646585959):8)
02-01 19:18:41.436 W/PlatformConfigurator( 1389): 	at pkf.run(:com.google.android.gms@242335041@24.23.35 (190800-646585959):70)
02-01 19:18:41.436 W/PlatformConfigurator( 1389): 	at pke.run(:com.google.android.gms@242335041@24.23.35 (190800-646585959):152)
02-01 19:18:41.436 W/PlatformConfigurator( 1389): 	at emsz.run(:com.google.android.gms@242335041@24.23.35 (190800-646585959):21)
02-01 19:18:41.436 W/PlatformConfigurator( 1389): 	at java.util.concurrent.ThreadPoolExecutor.runWorker(ThreadPoolExecutor.java:1145)
02-01 19:18:41.436 W/PlatformConfigurator( 1389): 	at java.util.concurrent.ThreadPoolExecutor$Worker.run(ThreadPoolExecutor.java:644)
02-01 19:18:41.436 W/PlatformConfigurator( 1389): 	at java.lang.Thread.run(Thread.java:1012)
02-01 19:18:41.442 W/PlatformConfigurator( 1389): Update for unknown DeviceConfig package com.google.android.gms.people [CONTEXT service_id=204 ]
02-01 19:18:41.442 W/PlatformConfigurator( 1389): daaf: No package exists for config package: com.google.android.gms.people
02-01 19:18:41.442 W/PlatformConfigurator( 1389): 	at com.google.android.gms.platformconfigurator.PhenotypeConfigurationUpdateListener.b(:com.google.android.gms@242335041@24.23.35 (190800-646585959):233)
02-01 19:18:41.442 W/PlatformConfigurator( 1389): 	at com.google.android.gms.platformconfigurator.PhenotypeConfigurationUpdateListener.a(:com.google.android.gms@242335041@24.23.35 (190800-646585959):29)
02-01 19:18:41.442 W/PlatformConfigurator( 1389): 	at com.google.android.gms.platformconfigurator.PhenotypeConfigurationUpdateListener.onHandleIntent(:com.google.android.gms@242335041@24.23.35 (190800-646585959):207)
02-01 19:18:41.442 W/PlatformConfigurator( 1389): 	at com.google.android.chimera.IntentOperation.onHandleIntent(:com.google.android.gms@242335041@24.23.35 (190800-646585959):2)
02-01 19:18:41.442 W/PlatformConfigurator( 1389): 	at ajom.onHandleIntent(:com.google.android.gms@242335041@24.23.35 (190800-646585959):8)
02-01 19:18:41.442 W/PlatformConfigurator( 1389): 	at pkf.run(:com.google.android.gms@242335041@24.23.35 (190800-646585959):70)
02-01 19:18:41.442 W/PlatformConfigurator( 1389): 	at pke.run(:com.google.android.gms@242335041@24.23.35 (190800-646585959):152)
02-01 19:18:41.442 W/PlatformConfigurator( 1389): 	at emsz.run(:com.google.android.gms@242335041@24.23.35 (190800-646585959):21)
02-01 19:18:41.442 W/PlatformConfigurator( 1389): 	at java.util.concurrent.ThreadPoolExecutor.runWorker(ThreadPoolExecutor.java:1145)
02-01 19:18:41.442 W/PlatformConfigurator( 1389): 	at java.util.concurrent.ThreadPoolExecutor$Worker.run(ThreadPoolExecutor.java:644)
02-01 19:18:41.442 W/PlatformConfigurator( 1389): 	at java.lang.Thread.run(Thread.java:1012)
