02-01 19:18:47.983 E/MDD     ( 3377): DownloadProgressMonitor: Can't find file group for uri: android://com.google.android.apps.messaging/files/datadownload/shared/public/datadownloadfile_1769973501409
02-01 19:18:47.984 E/MDD     ( 3377): DownloadProgressMonitor: Can't find file group for uri: android://com.google.android.apps.messaging/files/datadownload/shared/public/datadownloadfile_1769973501410
02-01 19:18:47.986 D/dasx    ( 3377): Starting download: https://fonts.gstatic.com/s/e/notoemoji/16.0/1f44e_1f3fd/lottie.json
02-01 19:18:47.986 V/dasx    ( 3377): Is http uri, downloading (uri: https://fonts.gstatic.com/s/e/notoemoji/16.0/1f44e_1f3fd/lottie.json)
02-01 19:18:47.987 D/dasx    ( 3377): Starting download: https://fonts.gstatic.com/s/e/notoemoji/16.0/1f44e_1f3fe/lottie.json
02-01 19:18:47.987 V/dasx    ( 3377): Is http uri, downloading (uri: https://fonts.gstatic.com/s/e/notoemoji/16.0/1f44e_1f3fe/lottie.json)
02-01 19:18:48.004 E/MDD     ( 3377): DownloadProgressMonitor: Can't find file group for uri: android://com.google.android.apps.messaging/files/datadownload/shared/public/datadownloadfile_1769973501411
02-01 19:18:48.006 E/MDD     ( 3377): DownloadProgressMonitor: Can't find file group for uri: android://com.google.android.apps.messaging/files/datadownload/shared/public/datadownloadfile_1769973501412
02-01 19:18:48.008 D/dasx    ( 3377): Starting download: https://fonts.gstatic.com/s/e/notoemoji/16.0/1f44e_1f3ff/lottie.json
02-01 19:18:48.008 V/dasx    ( 3377): Is http uri, downloading (uri: https://fonts.gstatic.com/s/e/notoemoji/16.0/1f44e_1f3ff/lottie.json)
02-01 19:18:48.009 D/dasx    ( 3377): Starting download: https://fonts.gstatic.com/s/e/notoemoji/16.0/1f64c/lottie.json
02-01 19:18:48.009 V/dasx    ( 3377): Is http uri, downloading (uri: https://fonts.gstatic.com/s/e/notoemoji/16.0/1f64c/lottie.json)
02-01 19:18:48.026 E/MDD     ( 3377): DownloadProgressMonitor: Can't find file group for uri: android://com.google.android.apps.messaging/files/datadownload/shared/public/datadownloadfile_1769973501413
02-01 19:18:48.029 E/MDD     ( 3377): DownloadProgressMonitor: Can't find file group for uri: android://com.google.android.apps.messaging/files/datadownload/shared/public/datadownloadfile_1769973501414
02-01 19:18:48.029 D/dasx    ( 3377): Starting download: https://fonts.gstatic.com/s/e/notoemoji/16.0/1f64c_1f3fb/lottie.json
02-01 19:18:48.029 V/dasx    ( 3377): Is http uri, downloading (uri: https://fonts.gstatic.com/s/e/notoemoji/16.0/1f64c_1f3fb/lottie.json)
02-01 19:18:48.034 D/dasx    ( 3377): Starting download: https://fonts.gstatic.com/s/e/notoemoji/16.0/1f64c_1f3fc/lottie.json
02-01 19:18:48.034 V/dasx    ( 3377): Is http uri, downloading (uri: https://fonts.gstatic.com/s/e/notoemoji/16.0/1f64c_1f3fc/lottie.json)
02-01 19:18:48.046 E/MDD     ( 3377): DownloadProgressMonitor: Can't find file group for uri: android://com.google.android.apps.messaging/files/datadownload/shared/public/datadownloadfile_1769973501415
02-01 19:18:48.051 D/dasx    ( 3377): Starting download: https://fonts.gstatic.com/s/e/notoemoji/16.0/1f64c_1f3fd/lottie.json
02-01 19:18:48.051 V/dasx    ( 3377): Is http uri, downloading (uri: https://fonts.gstatic.com/s/e/notoemoji/16.0/1f64c_1f3fd/lottie.json)
02-01 19:18:48.054 E/MDD     ( 3377): DownloadProgressMonitor: Can't find file group for uri: android://com.google.android.apps.messaging/files/datadownload/shared/public/datadownloadfile_1769973501416
02-01 19:18:48.058 D/dasx    ( 3377): Starting download: https://fonts.gstatic.com/s/e/notoemoji/16.0/1f64c_1f3fe/lottie.json
02-01 19:18:48.058 V/dasx    ( 3377): Is http uri, downloading (uri: https://fonts.gstatic.com/s/e/notoemoji/16.0/1f64c_1f3fe/lottie.json)
02-01 19:18:48.072 E/MDD     ( 3377): DownloadProgressMonitor: Can't find file group for uri: android://com.google.android.apps.messaging/files/datadownload/shared/public/datadownloadfile_1769973501417
02-01 19:18:48.077 D/dasx    ( 3377): Starting download: https://fonts.gstatic.com/s/e/notoemoji/16.0/1f64c_1f3ff/lottie.json
02-01 19:18:48.077 V/dasx    ( 3377): Is http uri, downloading (uri: https://fonts.gstatic.com/s/e/notoemoji/16.0/1f64c_1f3ff/lottie.json)
02-01 19:18:48.080 E/MDD     ( 3377): DownloadProgressMonitor: Can't find file group for uri: android://com.google.android.apps.messaging/files/datadownload/shared/public/datadownloadfile_1769973501418
02-01 19:18:48.085 D/dasx    ( 3377): Starting download: https://fonts.gstatic.com/s/e/notoemoji/16.0/1f44b/lottie.json
02-01 19:18:48.086 V/dasx    ( 3377): Is http uri, downloading (uri: https://fonts.gstatic.com/s/e/notoemoji/16.0/1f44b/lottie.json)
02-01 19:18:48.101 E/MDD     ( 3377): DownloadProgressMonitor: Can't find file group for uri: android://com.google.android.apps.messaging/files/datadownload/shared/public/datadownloadfile_1769973501419
02-01 19:18:48.105 D/dasx    ( 3377): Starting download: https://fonts.gstatic.com/s/e/notoemoji/16.0/1f44b_1f3fb/lottie.json
02-01 19:18:48.105 V/dasx    ( 3377): Is http uri, downloading (uri: https://fonts.gstatic.com/s/e/notoemoji/16.0/1f44b_1f3fb/lottie.json)
02-01 19:18:48.107 E/MDD     ( 3377): DownloadProgressMonitor: Can't find file group for uri: android://com.google.android.apps.messaging/files/datadownload/shared/public/datadownloadfile_1769973501420
02-01 19:18:48.111 D/dasx    ( 3377): Starting download: https://fonts.gstatic.com/s/e/notoemoji/16.0/1f44b_1f3fc/lottie.json
02-01 19:18:48.111 V/dasx    ( 3377): Is http uri, downloading (uri: https://fonts.gstatic.com/s/e/notoemoji/16.0/1f44b_1f3fc/lottie.json)
02-01 19:18:48.123 E/MDD     ( 3377): DownloadProgressMonitor: Can't find file group for uri: android://com.google.android.apps.messaging/files/datadownload/shared/public/datadownloadfile_1769973501421
02-01 19:18:48.127 D/dasx    ( 3377): Starting download: https://fonts.gstatic.com/s/e/notoemoji/16.0/1f44b_1f3fd/lottie.json
02-01 19:18:48.127 V/dasx    ( 3377): Is http uri, downloading (uri: https://fonts.gstatic.com/s/e/notoemoji/16.0/1f44b_1f3fd/lottie.json)
02-01 19:18:48.129 E/MDD     ( 3377): DownloadProgressMonitor: Can't find file group for uri: android://com.google.android.apps.messaging/files/datadownload/shared/public/datadownloadfile_1769973501422
02-01 19:18:48.133 D/dasx    ( 3377): Starting download: https://fonts.gstatic.com/s/e/notoemoji/16.0/1f44b_1f3fe/lottie.json
02-01 19:18:48.133 V/dasx    ( 3377): Is http uri, downloading (uri: https://fonts.gstatic.com/s/e/notoemoji/16.0/1f44b_1f3fe/lottie.json)
02-01 19:18:48.146 E/MDD     ( 3377): DownloadProgressMonitor: Can't find file group for uri: android://com.google.android.apps.messaging/files/datadownload/shared/public/datadownloadfile_1769973501423
02-01 19:18:48.150 D/dasx    ( 3377): Starting download: https://fonts.gstatic.com/s/e/notoemoji/16.0/1f44b_1f3ff/lottie.json
02-01 19:18:48.150 V/dasx    ( 3377): Is http uri, downloading (uri: https://fonts.gstatic.com/s/e/notoemoji/16.0/1f44b_1f3ff/lottie.json)
02-01 19:18:48.153 E/MDD     ( 3377): DownloadProgressMonitor: Can't find file group for uri: android://com.google.android.apps.messaging/files/datadownload/shared/public/datadownloadfile_1769973501424
02-01 19:18:48.156 D/dasx    ( 3377): Starting download: https://fonts.gstatic.com/s/e/notoemoji/16.0/270c_fe0f/lottie.json
02-01 19:18:48.156 V/dasx    ( 3377): Is http uri, downloading (uri: https://fonts.gstatic.com/s/e/notoemoji/16.0/270c_fe0f/lottie.json)
02-01 19:18:48.169 E/MDD     ( 3377): DownloadProgressMonitor: Can't find file group for uri: android://com.google.android.apps.messaging/files/datadownload/shared/public/datadownloadfile_1769973501425
02-01 19:18:48.173 D/dasx    ( 3377): Starting download: https://fonts.gstatic.com/s/e/notoemoji/16.0/270c_1f3fb/lottie.json
02-01 19:18:48.173 V/dasx    ( 3377): Is http uri, downloading (uri: https://fonts.gstatic.com/s/e/notoemoji/16.0/270c_1f3fb/lottie.json)
02-01 19:18:48.176 E/MDD     ( 3377): DownloadProgressMonitor: Can't find file group for uri: android://com.google.android.apps.messaging/files/datadownload/shared/public/datadownloadfile_1769973501426
02-01 19:18:48.180 D/dasx    ( 3377): Starting download: https://fonts.gstatic.com/s/e/notoemoji/16.0/270c_1f3fc/lottie.json
02-01 19:18:48.180 V/dasx    ( 3377): Is http uri, downloading (uri: https://fonts.gstatic.com/s/e/notoemoji/16.0/270c_1f3fc/lottie.json)
02-01 19:18:48.191 E/MDD     ( 3377): DownloadProgressMonitor: Can't find file group for uri: android://com.google.android.apps.messaging/files/datadownload/shared/public/datadownloadfile_1769973501427
02-01 19:18:48.195 D/dasx    ( 3377): Starting download: https://fonts.gstatic.com/s/e/notoemoji/16.0/270c_1f3fd/lottie.json
02-01 19:18:48.195 V/dasx    ( 3377): Is http uri, downloading (uri: https://fonts.gstatic.com/s/e/notoemoji/16.0/270c_1f3fd/lottie.json)
02-01 19:18:48.197 E/MDD     ( 3377): DownloadProgressMonitor: Can't find file group for uri: android://com.google.android.apps.messaging/files/datadownload/shared/public/datadownloadfile_1769973501428
02-01 19:18:48.201 D/dasx    ( 3377): Starting download: https://fonts.gstatic.com/s/e/notoemoji/16.0/270c_1f3fe/lottie.json
02-01 19:18:48.201 V/dasx    ( 3377): Is http uri, downloading (uri: https://fonts.gstatic.com/s/e/notoemoji/16.0/270c_1f3fe/lottie.json)
02-01 19:18:48.214 E/MDD     ( 3377): DownloadProgressMonitor: Can't find file group for uri: android://com.google.android.apps.messaging/files/datadownload/shared/public/datadownloadfile_1769973501429
02-01 19:18:48.218 D/dasx    ( 3377): Starting download: https://fonts.gstatic.com/s/e/notoemoji/16.0/270c_1f3ff/lottie.json
02-01 19:18:48.218 V/dasx    ( 3377): Is http uri, downloading (uri: https://fonts.gstatic.com/s/e/notoemoji/16.0/270c_1f3ff/lottie.json)
02-01 19:18:48.220 E/MDD     ( 3377): DownloadProgressMonitor: Can't find file group for uri: android://com.google.android.apps.messaging/files/datadownload/shared/public/datadownloadfile_1769973501430
02-01 19:18:48.224 D/dasx    ( 3377): Starting download: https://fonts.gstatic.com/s/e/notoemoji/16.0/1f91e/lottie.json
02-01 19:18:48.224 V/dasx    ( 3377): Is http uri, downloading (uri: https://fonts.gstatic.com/s/e/notoemoji/16.0/1f91e/lottie.json)
02-01 19:18:48.236 E/MDD     ( 3377): DownloadProgressMonitor: Can't find file group for uri: android://com.google.android.apps.messaging/files/datadownload/shared/public/datadownloadfile_1769973501431
02-01 19:18:48.240 D/dasx    ( 3377): Starting download: https://fonts.gstatic.com/s/e/notoemoji/16.0/1f91e_1f3fb/lottie.json
02-01 19:18:48.240 V/dasx    ( 3377): Is http uri, downloading (uri: https://fonts.gstatic.com/s/e/notoemoji/16.0/1f91e_1f3fb/lottie.json)
02-01 19:18:48.242 E/MDD     ( 3377): DownloadProgressMonitor: Can't find file group for uri: android://com.google.android.apps.messaging/files/datadownload/shared/public/datadownloadfile_1769973501432
02-01 19:18:48.248 D/dasx    ( 3377): Starting download: https://fonts.gstatic.com/s/e/notoemoji/16.0/1f91e_1f3fc/lottie.json
02-01 19:18:48.249 V/dasx    ( 3377): Is http uri, downloading (uri: https://fonts.gstatic.com/s/e/notoemoji/16.0/1f91e_1f3fc/lottie.json)
02-01 19:18:48.259 E/MDD     ( 3377): DownloadProgressMonitor: Can't find file group for uri: android://com.google.android.apps.messaging/files/datadownload/shared/public/datadownloadfile_1769973501433
02-01 19:18:48.265 E/MDD     ( 3377): DownloadProgressMonitor: Can't find file group for uri: android://com.google.android.apps.messaging/files/datadownload/shared/public/datadownloadfile_1769973501434
02-01 19:18:48.266 D/dasx    ( 3377): Starting download: https://fonts.gstatic.com/s/e/notoemoji/16.0/1f91e_1f3fd/lottie.json
02-01 19:18:48.266 V/dasx    ( 3377): Is http uri, downloading (uri: https://fonts.gstatic.com/s/e/notoemoji/16.0/1f91e_1f3fd/lottie.json)
02-01 19:18:48.281 D/dasx    ( 3377): Starting download: https://fonts.gstatic.com/s/e/notoemoji/16.0/1f91e_1f3fe/lottie.json
02-01 19:18:48.281 V/dasx    ( 3377): Is http uri, downloading (uri: https://fonts.gstatic.com/s/e/notoemoji/16.0/1f91e_1f3fe/lottie.json)
02-01 19:18:48.301 E/MDD     ( 3377): DownloadProgressMonitor: Can't find file group for uri: android://com.google.android.apps.messaging/files/datadownload/shared/public/datadownloadfile_1769973501435
02-01 19:18:48.304 D/dasx    ( 3377): Starting download: https://fonts.gstatic.com/s/e/notoemoji/16.0/1f91e_1f3ff/lottie.json
02-01 19:18:48.304 V/dasx    ( 3377): Is http uri, downloading (uri: https://fonts.gstatic.com/s/e/notoemoji/16.0/1f91e_1f3ff/lottie.json)
02-01 19:18:48.318 E/MDD     ( 3377): DownloadProgressMonitor: Can't find file group for uri: android://com.google.android.apps.messaging/files/datadownload/shared/public/datadownloadfile_1769973501436
02-01 19:18:48.320 E/MDD     ( 3377): DownloadProgressMonitor: Can't find file group for uri: android://com.google.android.apps.messaging/files/datadownload/shared/public/datadownloadfile_1769973501437
02-01 19:18:48.323 D/dasx    ( 3377): Starting download: https://fonts.gstatic.com/s/e/notoemoji/16.0/261d_fe0f/lottie.json
02-01 19:18:48.323 V/dasx    ( 3377): Is http uri, downloading (uri: https://fonts.gstatic.com/s/e/notoemoji/16.0/261d_fe0f/lottie.json)
02-01 19:18:48.325 D/dasx    ( 3377): Starting download: https://fonts.gstatic.com/s/e/notoemoji/16.0/261d_1f3fb/lottie.json
02-01 19:18:48.325 V/dasx    ( 3377): Is http uri, downloading (uri: https://fonts.gstatic.com/s/e/notoemoji/16.0/261d_1f3fb/lottie.json)
02-01 19:18:48.345 E/MDD     ( 3377): DownloadProgressMonitor: Can't find file group for uri: android://com.google.android.apps.messaging/files/datadownload/shared/public/datadownloadfile_1769973501438
02-01 19:18:48.346 E/MDD     ( 3377): DownloadProgressMonitor: Can't find file group for uri: android://com.google.android.apps.messaging/files/datadownload/shared/public/datadownloadfile_1769973501439
02-01 19:18:48.347 D/dasx    ( 3377): Starting download: https://fonts.gstatic.com/s/e/notoemoji/16.0/261d_1f3fc/lottie.json
02-01 19:18:48.347 V/dasx    ( 3377): Is http uri, downloading (uri: https://fonts.gstatic.com/s/e/notoemoji/16.0/261d_1f3fc/lottie.json)
02-01 19:18:48.349 D/dasx    ( 3377): Starting download: https://fonts.gstatic.com/s/e/notoemoji/16.0/261d_1f3fd/lottie.json
02-01 19:18:48.349 V/dasx    ( 3377): Is http uri, downloading (uri: https://fonts.gstatic.com/s/e/notoemoji/16.0/261d_1f3fd/lottie.json)
02-01 19:18:48.365 E/MDD     ( 3377): DownloadProgressMonitor: Can't find file group for uri: android://com.google.android.apps.messaging/files/datadownload/shared/public/datadownloadfile_1769973501440
02-01 19:18:48.368 D/dasx    ( 3377): Starting download: https://fonts.gstatic.com/s/e/notoemoji/16.0/261d_1f3fe/lottie.json
02-01 19:18:48.368 V/dasx    ( 3377): Is http uri, downloading (uri: https://fonts.gstatic.com/s/e/notoemoji/16.0/261d_1f3fe/lottie.json)
02-01 19:18:48.369 E/MDD     ( 3377): DownloadProgressMonitor: Can't find file group for uri: android://com.google.android.apps.messaging/files/datadownload/shared/public/datadownloadfile_1769973501441
02-01 19:18:48.372 D/dasx    ( 3377): Starting download: https://fonts.gstatic.com/s/e/notoemoji/16.0/261d_1f3ff/lottie.json
02-01 19:18:48.372 V/dasx    ( 3377): Is http uri, downloading (uri: https://fonts.gstatic.com/s/e/notoemoji/16.0/261d_1f3ff/lottie.json)
02-01 19:18:48.386 E/MDD     ( 3377): DownloadProgressMonitor: Can't find file group for uri: android://com.google.android.apps.messaging/files/datadownload/shared/public/datadownloadfile_1769973501442
02-01 19:18:48.388 D/dasx    ( 3377): Starting download: https://fonts.gstatic.com/s/e/notoemoji/16.0/1f64f/lottie.json
02-01 19:18:48.388 V/dasx    ( 3377): Is http uri, downloading (uri: https://fonts.gstatic.com/s/e/notoemoji/16.0/1f64f/lottie.json)
02-01 19:18:48.392 E/MDD     ( 3377): DownloadProgressMonitor: Can't find file group for uri: android://com.google.android.apps.messaging/files/datadownload/shared/public/datadownloadfile_1769973501443
02-01 19:18:48.394 D/dasx    ( 3377): Starting download: https://fonts.gstatic.com/s/e/notoemoji/16.0/1f64f_1f3fb/lottie.json
02-01 19:18:48.394 V/dasx    ( 3377): Is http uri, downloading (uri: https://fonts.gstatic.com/s/e/notoemoji/16.0/1f64f_1f3fb/lottie.json)
02-01 19:18:48.411 E/MDD     ( 3377): DownloadProgressMonitor: Can't find file group for uri: android://com.google.android.apps.messaging/files/datadownload/shared/public/datadownloadfile_1769973501444
02-01 19:18:48.420 E/MDD     ( 3377): DownloadProgressMonitor: Can't find file group for uri: android://com.google.android.apps.messaging/files/datadownload/shared/public/datadownloadfile_1769973501445
02-01 19:18:48.423 D/dasx    ( 3377): Starting download: https://fonts.gstatic.com/s/e/notoemoji/16.0/1f64f_1f3fc/lottie.json
02-01 19:18:48.424 V/dasx    ( 3377): Is http uri, downloading (uri: https://fonts.gstatic.com/s/e/notoemoji/16.0/1f64f_1f3fc/lottie.json)
02-01 19:18:48.428 D/dasx    ( 3377): Starting download: https://fonts.gstatic.com/s/e/notoemoji/16.0/1f64f_1f3fd/lottie.json
02-01 19:18:48.428 V/dasx    ( 3377): Is http uri, downloading (uri: https://fonts.gstatic.com/s/e/notoemoji/16.0/1f64f_1f3fd/lottie.json)
02-01 19:18:48.442 E/MDD     ( 3377): DownloadProgressMonitor: Can't find file group for uri: android://com.google.android.apps.messaging/files/datadownload/shared/public/datadownloadfile_1769973501446
02-01 19:18:48.445 D/dasx    ( 3377): Starting download: https://fonts.gstatic.com/s/e/notoemoji/16.0/1f64f_1f3fe/lottie.json
02-01 19:18:48.445 V/dasx    ( 3377): Is http uri, downloading (uri: https://fonts.gstatic.com/s/e/notoemoji/16.0/1f64f_1f3fe/lottie.json)
02-01 19:18:48.449 E/MDD     ( 3377): DownloadProgressMonitor: Can't find file group for uri: android://com.google.android.apps.messaging/files/datadownload/shared/public/datadownloadfile_1769973501447
02-01 19:18:48.456 D/dasx    ( 3377): Starting download: https://fonts.gstatic.com/s/e/notoemoji/16.0/1f64f_1f3ff/lottie.json
02-01 19:18:48.456 V/dasx    ( 3377): Is http uri, downloading (uri: https://fonts.gstatic.com/s/e/notoemoji/16.0/1f64f_1f3ff/lottie.json)
02-01 19:18:48.465 E/MDD     ( 3377): DownloadProgressMonitor: Can't find file group for uri: android://com.google.android.apps.messaging/files/datadownload/shared/public/datadownloadfile_1769973501448
02-01 19:18:48.475 E/MDD     ( 3377): DownloadProgressMonitor: Can't find file group for uri: android://com.google.android.apps.messaging/files/datadownload/shared/public/datadownloadfile_1769973501449
02-01 19:18:48.477 D/dasx    ( 3377): Starting download: https://fonts.gstatic.com/s/e/notoemoji/16.0/1f483/lottie.json
02-01 19:18:48.477 V/dasx    ( 3377): Is http uri, downloading (uri: https://fonts.gstatic.com/s/e/notoemoji/16.0/1f483/lottie.json)
02-01 19:18:48.483 D/dasx    ( 3377): Starting download: https://fonts.gstatic.com/s/e/notoemoji/16.0/1f483_1f3fb/lottie.json
02-01 19:18:48.483 V/dasx    ( 3377): Is http uri, downloading (uri: https://fonts.gstatic.com/s/e/notoemoji/16.0/1f483_1f3fb/lottie.json)
02-01 19:18:48.484 D/ActivityManager(  594): freezing 2069 com.google.android.tts
02-01 19:18:48.485 D/InetDiagMessage(  594): Destroyed 0 sockets, proto=IPPROTO_TCP, family=AF_INET, states=14
02-01 19:18:48.486 D/InetDiagMessage(  594): Destroyed 0 sockets, proto=IPPROTO_TCP, family=AF_INET6, states=14
02-01 19:18:48.486 D/InetDiagMessage(  594): Destroyed live tcp sockets for uids={10152} in 1ms
02-01 19:18:48.499 E/MDD     ( 3377): DownloadProgressMonitor: Can't find file group for uri: android://com.google.android.apps.messaging/files/datadownload/shared/public/datadownloadfile_1769973501450
02-01 19:18:48.508 E/MDD     ( 3377): DownloadProgressMonitor: Can't find file group for uri: android://com.google.android.apps.messaging/files/datadownload/shared/public/datadownloadfile_1769973501451
02-01 19:18:48.517 D/dasx    ( 3377): Starting download: https://fonts.gstatic.com/s/e/notoemoji/16.0/1f483_1f3fc/lottie.json
02-01 19:18:48.517 V/dasx    ( 3377): Is http uri, downloading (uri: https://fonts.gstatic.com/s/e/notoemoji/16.0/1f483_1f3fc/lottie.json)
02-01 19:18:48.521 D/dasx    ( 3377): Starting download: https://fonts.gstatic.com/s/e/notoemoji/16.0/1f483_1f3fd/lottie.json
02-01 19:18:48.521 V/dasx    ( 3377): Is http uri, downloading (uri: https://fonts.gstatic.com/s/e/notoemoji/16.0/1f483_1f3fd/lottie.json)
02-01 19:18:48.540 E/MDD     ( 3377): DownloadProgressMonitor: Can't find file group for uri: android://com.google.android.apps.messaging/files/datadownload/shared/public/datadownloadfile_1769973501452
02-01 19:18:48.546 E/MDD     ( 3377): DownloadProgressMonitor: Can't find file group for uri: android://com.google.android.apps.messaging/files/datadownload/shared/public/datadownloadfile_1769973501453
02-01 19:18:48.555 D/dasx    ( 3377): Starting download: https://fonts.gstatic.com/s/e/notoemoji/16.0/1f483_1f3fe/lottie.json
02-01 19:18:48.555 V/dasx    ( 3377): Is http uri, downloading (uri: https://fonts.gstatic.com/s/e/notoemoji/16.0/1f483_1f3fe/lottie.json)
02-01 19:18:48.558 D/dasx    ( 3377): Starting download: https://fonts.gstatic.com/s/e/notoemoji/16.0/1f483_1f3ff/lottie.json
02-01 19:18:48.558 V/dasx    ( 3377): Is http uri, downloading (uri: https://fonts.gstatic.com/s/e/notoemoji/16.0/1f483_1f3ff/lottie.json)
02-01 19:18:48.576 E/MDD     ( 3377): DownloadProgressMonitor: Can't find file group for uri: android://com.google.android.apps.messaging/files/datadownload/shared/public/datadownloadfile_1769973501454
02-01 19:18:48.581 E/MDD     ( 3377): DownloadProgressMonitor: Can't find file group for uri: android://com.google.android.apps.messaging/files/datadownload/shared/public/datadownloadfile_1769973501455
02-01 19:18:48.588 D/dasx    ( 3377): Starting download: https://fonts.gstatic.com/s/e/notoemoji/16.0/1f339/lottie.json
02-01 19:18:48.588 V/dasx    ( 3377): Is http uri, downloading (uri: https://fonts.gstatic.com/s/e/notoemoji/16.0/1f339/lottie.json)
02-01 19:18:48.594 D/dasx    ( 3377): Starting download: https://fonts.gstatic.com/s/e/notoemoji/16.0/1f940/lottie.json
02-01 19:18:48.594 V/dasx    ( 3377): Is http uri, downloading (uri: https://fonts.gstatic.com/s/e/notoemoji/16.0/1f940/lottie.json)
02-01 19:18:48.604 E/MDD     ( 3377): DownloadProgressMonitor: Can't find file group for uri: android://com.google.android.apps.messaging/files/datadownload/shared/public/datadownloadfile_1769973501456
02-01 19:18:48.608 D/dasx    ( 3377): Starting download: https://fonts.gstatic.com/s/e/notoemoji/16.0/1f342/lottie.json
02-01 19:18:48.608 V/dasx    ( 3377): Is http uri, downloading (uri: https://fonts.gstatic.com/s/e/notoemoji/16.0/1f342/lottie.json)
02-01 19:18:48.621 E/MDD     ( 3377): DownloadProgressMonitor: Can't find file group for uri: android://com.google.android.apps.messaging/files/datadownload/shared/public/datadownloadfile_1769973501457
02-01 19:18:48.625 D/dasx    ( 3377): Starting download: https://fonts.gstatic.com/s/e/notoemoji/16.0/1f331/lottie.json
02-01 19:18:48.625 V/dasx    ( 3377): Is http uri, downloading (uri: https://fonts.gstatic.com/s/e/notoemoji/16.0/1f331/lottie.json)
02-01 19:18:48.627 E/MDD     ( 3377): DownloadProgressMonitor: Can't find file group for uri: android://com.google.android.apps.messaging/files/datadownload/shared/public/datadownloadfile_1769973501458
02-01 19:18:48.629 D/dasx    ( 3377): Starting download: https://fonts.gstatic.com/s/e/notoemoji/16.0/1f343/lottie.json
02-01 19:18:48.630 V/dasx    ( 3377): Is http uri, downloading (uri: https://fonts.gstatic.com/s/e/notoemoji/16.0/1f343/lottie.json)
02-01 19:18:48.643 E/MDD     ( 3377): DownloadProgressMonitor: Can't find file group for uri: android://com.google.android.apps.messaging/files/datadownload/shared/public/datadownloadfile_1769973501459
02-01 19:18:48.645 D/dasx    ( 3377): Starting download: https://fonts.gstatic.com/s/e/notoemoji/16.0/1f340/lottie.json
02-01 19:18:48.645 V/dasx    ( 3377): Is http uri, downloading (uri: https://fonts.gstatic.com/s/e/notoemoji/16.0/1f340/lottie.json)
02-01 19:18:48.648 E/MDD     ( 3377): DownloadProgressMonitor: Can't find file group for uri: android://com.google.android.apps.messaging/files/datadownload/shared/public/datadownloadfile_1769973501460
02-01 19:18:48.651 D/dasx    ( 3377): Starting download: https://fonts.gstatic.com/s/e/notoemoji/16.0/2744_fe0f/lottie.json
02-01 19:18:48.651 V/dasx    ( 3377): Is http uri, downloading (uri: https://fonts.gstatic.com/s/e/notoemoji/16.0/2744_fe0f/lottie.json)
02-01 19:18:48.664 E/MDD     ( 3377): DownloadProgressMonitor: Can't find file group for uri: android://com.google.android.apps.messaging/files/datadownload/shared/public/datadownloadfile_1769973501461
02-01 19:18:48.668 D/dasx    ( 3377): Starting download: https://fonts.gstatic.com/s/e/notoemoji/16.0/1f30b/lottie.json
02-01 19:18:48.668 V/dasx    ( 3377): Is http uri, downloading (uri: https://fonts.gstatic.com/s/e/notoemoji/16.0/1f30b/lottie.json)
02-01 19:18:48.672 E/MDD     ( 3377): DownloadProgressMonitor: Can't find file group for uri: android://com.google.android.apps.messaging/files/datadownload/shared/public/datadownloadfile_1769973501462
02-01 19:18:48.676 D/dasx    ( 3377): Starting download: https://fonts.gstatic.com/s/e/notoemoji/16.0/1f305/lottie.json
02-01 19:18:48.676 V/dasx    ( 3377): Is http uri, downloading (uri: https://fonts.gstatic.com/s/e/notoemoji/16.0/1f305/lottie.json)
02-01 19:18:48.682 D/ActivityManager(  594): freezing 2448 com.google.android.partnersetup
02-01 19:18:48.683 D/InetDiagMessage(  594): Destroyed 0 sockets, proto=IPPROTO_TCP, family=AF_INET, states=14
02-01 19:18:48.684 D/InetDiagMessage(  594): Destroyed 0 sockets, proto=IPPROTO_TCP, family=AF_INET6, states=14
02-01 19:18:48.684 D/InetDiagMessage(  594): Destroyed live tcp sockets for uids={10130} in 1ms
02-01 19:18:48.691 E/MDD     ( 3377): DownloadProgressMonitor: Can't find file group for uri: android://com.google.android.apps.messaging/files/datadownload/shared/public/datadownloadfile_1769973501463
02-01 19:18:48.696 D/dasx    ( 3377): Starting download: https://fonts.gstatic.com/s/e/notoemoji/16.0/1f304/lottie.json
02-01 19:18:48.696 V/dasx    ( 3377): Is http uri, downloading (uri: https://fonts.gstatic.com/s/e/notoemoji/16.0/1f304/lottie.json)
02-01 19:18:48.701 E/MDD     ( 3377): DownloadProgressMonitor: Can't find file group for uri: android://com.google.android.apps.messaging/files/datadownload/shared/public/datadownloadfile_1769973501464
02-01 19:18:48.703 D/dasx    ( 3377): Starting download: https://fonts.gstatic.com/s/e/notoemoji/16.0/1f308/lottie.json
02-01 19:18:48.703 V/dasx    ( 3377): Is http uri, downloading (uri: https://fonts.gstatic.com/s/e/notoemoji/16.0/1f308/lottie.json)
02-01 19:18:48.706 I/IPCThreadState( 1646): oneway function results for code 2 on binder at 0x75581e8479f0 will be dropped but finished with status UNKNOWN_TRANSACTION
02-01 19:18:48.720 E/MDD     ( 3377): DownloadProgressMonitor: Can't find file group for uri: android://com.google.android.apps.messaging/files/datadownload/shared/public/datadownloadfile_1769973501465
02-01 19:18:48.721 D/dasx    ( 3377): Starting download: https://fonts.gstatic.com/s/e/notoemoji/16.0/1fae7/lottie.json
02-01 19:18:48.721 V/dasx    ( 3377): Is http uri, downloading (uri: https://fonts.gstatic.com/s/e/notoemoji/16.0/1fae7/lottie.json)
02-01 19:18:48.727 E/MDD     ( 3377): DownloadProgressMonitor: Can't find file group for uri: android://com.google.android.apps.messaging/files/datadownload/shared/public/datadownloadfile_1769973501466
02-01 19:18:48.729 D/dasx    ( 3377): Starting download: https://fonts.gstatic.com/s/e/notoemoji/16.0/1f30a/lottie.json
02-01 19:18:48.729 V/dasx    ( 3377): Is http uri, downloading (uri: https://fonts.gstatic.com/s/e/notoemoji/16.0/1f30a/lottie.json)
02-01 19:18:48.742 E/MDD     ( 3377): DownloadProgressMonitor: Can't find file group for uri: android://com.google.android.apps.messaging/files/datadownload/shared/public/datadownloadfile_1769973501467
02-01 19:18:48.744 D/dasx    ( 3377): Starting download: https://fonts.gstatic.com/s/e/notoemoji/16.0/1f32c_fe0f/lottie.json
02-01 19:18:48.744 V/dasx    ( 3377): Is http uri, downloading (uri: https://fonts.gstatic.com/s/e/notoemoji/16.0/1f32c_fe0f/lottie.json)
02-01 19:18:48.750 E/MDD     ( 3377): DownloadProgressMonitor: Can't find file group for uri: android://com.google.android.apps.messaging/files/datadownload/shared/public/datadownloadfile_1769973501468
02-01 19:18:48.752 D/dasx    ( 3377): Starting download: https://fonts.gstatic.com/s/e/notoemoji/16.0/1f32a_fe0f/lottie.json
02-01 19:18:48.752 V/dasx    ( 3377): Is http uri, downloading (uri: https://fonts.gstatic.com/s/e/notoemoji/16.0/1f32a_fe0f/lottie.json)
02-01 19:18:48.763 E/MDD     ( 3377): DownloadProgressMonitor: Can't find file group for uri: android://com.google.android.apps.messaging/files/datadownload/shared/public/datadownloadfile_1769973501469
02-01 19:18:48.768 D/dasx    ( 3377): Starting download: https://fonts.gstatic.com/s/e/notoemoji/16.0/1f4a7/lottie.json
02-01 19:18:48.768 V/dasx    ( 3377): Is http uri, downloading (uri: https://fonts.gstatic.com/s/e/notoemoji/16.0/1f4a7/lottie.json)
02-01 19:18:48.770 E/MDD     ( 3377): DownloadProgressMonitor: Can't find file group for uri: android://com.google.android.apps.messaging/files/datadownload/shared/public/datadownloadfile_1769973501470
02-01 19:18:48.781 D/dasx    ( 3377): Starting download: https://fonts.gstatic.com/s/e/notoemoji/16.0/1f327_fe0f/lottie.json
02-01 19:18:48.781 V/dasx    ( 3377): Is http uri, downloading (uri: https://fonts.gstatic.com/s/e/notoemoji/16.0/1f327_fe0f/lottie.json)
02-01 19:18:48.794 E/MDD     ( 3377): DownloadProgressMonitor: Can't find file group for uri: android://com.google.android.apps.messaging/files/datadownload/shared/public/datadownloadfile_1769973501471
02-01 19:18:48.796 D/dasx    ( 3377): Starting download: https://fonts.gstatic.com/s/e/notoemoji/16.0/1f329_fe0f/lottie.json
02-01 19:18:48.796 V/dasx    ( 3377): Is http uri, downloading (uri: https://fonts.gstatic.com/s/e/notoemoji/16.0/1f329_fe0f/lottie.json)
02-01 19:18:48.800 E/MDD     ( 3377): DownloadProgressMonitor: Can't find file group for uri: android://com.google.android.apps.messaging/files/datadownload/shared/public/datadownloadfile_1769973501472
02-01 19:18:48.803 D/dasx    ( 3377): Starting download: https://fonts.gstatic.com/s/e/notoemoji/16.0/1f30d/lottie.json
02-01 19:18:48.803 V/dasx    ( 3377): Is http uri, downloading (uri: https://fonts.gstatic.com/s/e/notoemoji/16.0/1f30d/lottie.json)
02-01 19:18:48.820 E/MDD     ( 3377): DownloadProgressMonitor: Can't find file group for uri: android://com.google.android.apps.messaging/files/datadownload/shared/public/datadownloadfile_1769973501473
02-01 19:18:48.823 D/dasx    ( 3377): Starting download: https://fonts.gstatic.com/s/e/notoemoji/16.0/1f30e/lottie.json
02-01 19:18:48.823 V/dasx    ( 3377): Is http uri, downloading (uri: https://fonts.gstatic.com/s/e/notoemoji/16.0/1f30e/lottie.json)
02-01 19:18:48.825 E/MDD     ( 3377): DownloadProgressMonitor: Can't find file group for uri: android://com.google.android.apps.messaging/files/datadownload/shared/public/datadownloadfile_1769973501474
02-01 19:18:48.839 D/dasx    ( 3377): Starting download: https://fonts.gstatic.com/s/e/notoemoji/16.0/1f30f/lottie.json
02-01 19:18:48.839 V/dasx    ( 3377): Is http uri, downloading (uri: https://fonts.gstatic.com/s/e/notoemoji/16.0/1f30f/lottie.json)
02-01 19:18:48.843 E/MDD     ( 3377): DownloadProgressMonitor: Can't find file group for uri: android://com.google.android.apps.messaging/files/datadownload/shared/public/datadownloadfile_1769973501475
02-01 19:18:48.852 D/dasx    ( 3377): Starting download: https://fonts.gstatic.com/s/e/notoemoji/16.0/2604_fe0f/lottie.json
02-01 19:18:48.852 V/dasx    ( 3377): Is http uri, downloading (uri: https://fonts.gstatic.com/s/e/notoemoji/16.0/2604_fe0f/lottie.json)
02-01 19:18:48.862 E/MDD     ( 3377): DownloadProgressMonitor: Can't find file group for uri: android://com.google.android.apps.messaging/files/datadownload/shared/public/datadownloadfile_1769973501476
02-01 19:18:48.868 D/dasx    ( 3377): Starting download: https://fonts.gstatic.com/s/e/notoemoji/16.0/1f42e/lottie.json
02-01 19:18:48.868 V/dasx    ( 3377): Is http uri, downloading (uri: https://fonts.gstatic.com/s/e/notoemoji/16.0/1f42e/lottie.json)
02-01 19:18:48.874 E/MDD     ( 3377): DownloadProgressMonitor: Can't find file group for uri: android://com.google.android.apps.messaging/files/datadownload/shared/public/datadownloadfile_1769973501477
02-01 19:18:48.880 D/dasx    ( 3377): Starting download: https://fonts.gstatic.com/s/e/notoemoji/16.0/1f984/lottie.json
02-01 19:18:48.880 V/dasx    ( 3377): Is http uri, downloading (uri: https://fonts.gstatic.com/s/e/notoemoji/16.0/1f984/lottie.json)
02-01 19:18:48.887 E/MDD     ( 3377): DownloadProgressMonitor: Can't find file group for uri: android://com.google.android.apps.messaging/files/datadownload/shared/public/datadownloadfile_1769973501478
02-01 19:18:48.889 D/dasx    ( 3377): Starting download: https://fonts.gstatic.com/s/e/notoemoji/16.0/1f98e/lottie.json
02-01 19:18:48.889 V/dasx    ( 3377): Is http uri, downloading (uri: https://fonts.gstatic.com/s/e/notoemoji/16.0/1f98e/lottie.json)
02-01 19:18:48.898 D/ActivityManager(  594): freezing 3309 com.android.chrome
02-01 19:18:48.899 D/InetDiagMessage(  594): Destroyed 0 sockets, proto=IPPROTO_TCP, family=AF_INET, states=14
02-01 19:18:48.900 D/InetDiagMessage(  594): Destroyed 0 sockets, proto=IPPROTO_TCP, family=AF_INET6, states=14
02-01 19:18:48.900 D/InetDiagMessage(  594): Destroyed live tcp sockets for uids={10146} in 1ms
02-01 19:18:48.901 E/MDD     ( 3377): DownloadProgressMonitor: Can't find file group for uri: android://com.google.android.apps.messaging/files/datadownload/shared/public/datadownloadfile_1769973501479
02-01 19:18:48.909 D/dasx    ( 3377): Starting download: https://fonts.gstatic.com/s/e/notoemoji/16.0/1f409/lottie.json
02-01 19:18:48.909 V/dasx    ( 3377): Is http uri, downloading (uri: https://fonts.gstatic.com/s/e/notoemoji/16.0/1f409/lottie.json)
02-01 19:18:48.913 E/MDD     ( 3377): DownloadProgressMonitor: Can't find file group for uri: android://com.google.android.apps.messaging/files/datadownload/shared/public/datadownloadfile_1769973501480
02-01 19:18:48.918 D/dasx    ( 3377): Starting download: https://fonts.gstatic.com/s/e/notoemoji/16.0/1f996/lottie.json
02-01 19:18:48.918 V/dasx    ( 3377): Is http uri, downloading (uri: https://fonts.gstatic.com/s/e/notoemoji/16.0/1f996/lottie.json)
02-01 19:18:48.933 E/MDD     ( 3377): DownloadProgressMonitor: Can't find file group for uri: android://com.google.android.apps.messaging/files/datadownload/shared/public/datadownloadfile_1769973501481
02-01 19:18:48.939 E/MDD     ( 3377): DownloadProgressMonitor: Can't find file group for uri: android://com.google.android.apps.messaging/files/datadownload/shared/public/datadownloadfile_1769973501482
02-01 19:18:48.944 D/dasx    ( 3377): Starting download: https://fonts.gstatic.com/s/e/notoemoji/16.0/1f995/lottie.json
02-01 19:18:48.944 V/dasx    ( 3377): Is http uri, downloading (uri: https://fonts.gstatic.com/s/e/notoemoji/16.0/1f995/lottie.json)
02-01 19:18:48.945 D/dasx    ( 3377): Starting download: https://fonts.gstatic.com/s/e/notoemoji/16.0/1f422/lottie.json
02-01 19:18:48.945 V/dasx    ( 3377): Is http uri, downloading (uri: https://fonts.gstatic.com/s/e/notoemoji/16.0/1f422/lottie.json)
02-01 19:18:48.950 V/ContactsProvider( 1842): Scheduled notifyChange started.
02-01 19:18:48.965 E/MDD     ( 3377): DownloadProgressMonitor: Can't find file group for uri: android://com.google.android.apps.messaging/files/datadownload/shared/public/datadownloadfile_1769973501483
02-01 19:18:48.966 I/netd    (  382): tetherGetStats() -> {[]} <0.34ms>
02-01 19:18:48.970 E/MDD     ( 3377): DownloadProgressMonitor: Can't find file group for uri: android://com.google.android.apps.messaging/files/datadownload/shared/public/datadownloadfile_1769973501484
02-01 19:18:48.972 D/dasx    ( 3377): Starting download: https://fonts.gstatic.com/s/e/notoemoji/16.0/1f40a/lottie.json
02-01 19:18:48.972 V/dasx    ( 3377): Is http uri, downloading (uri: https://fonts.gstatic.com/s/e/notoemoji/16.0/1f40a/lottie.json)
02-01 19:18:48.973 D/dasx    ( 3377): Starting download: https://fonts.gstatic.com/s/e/notoemoji/16.0/1f40d/lottie.json
02-01 19:18:48.973 V/dasx    ( 3377): Is http uri, downloading (uri: https://fonts.gstatic.com/s/e/notoemoji/16.0/1f40d/lottie.json)
02-01 19:18:48.979 I/NetworkScheduler.Stats( 1389): Task com.google.android.gms/com.google.android.gms.icing.proxy.IcingInternalCorporaUpdateService started execution. cause:9 exec_start_elapsed_seconds: 101 [CONTEXT service_id=218 ]
02-01 19:18:48.981 I/NetworkScheduler.Stats( 1389): Task com.google.android.gms/com.google.android.gms.icing.proxy.IcingInternalCorporaUpdateService finished executing. cause:9 result: 1 elapsed_millis: 12 uptime_millis: 12 exec_start_elapsed_seconds: 101 [CONTEXT service_id=218 ]
02-01 19:18:48.996 E/MDD     ( 3377): DownloadProgressMonitor: Can't find file group for uri: android://com.google.android.apps.messaging/files/datadownload/shared/public/datadownloadfile_1769973501485
02-01 19:18:48.997 E/MDD     ( 3377): DownloadProgressMonitor: Can't find file group for uri: android://com.google.android.apps.messaging/files/datadownload/shared/public/datadownloadfile_1769973501486
02-01 19:18:49.002 D/dasx    ( 3377): Starting download: https://fonts.gstatic.com/s/e/notoemoji/16.0/1f438/lottie.json
02-01 19:18:49.002 V/dasx    ( 3377): Is http uri, downloading (uri: https://fonts.gstatic.com/s/e/notoemoji/16.0/1f438/lottie.json)
02-01 19:18:49.005 D/dasx    ( 3377): Starting download: https://fonts.gstatic.com/s/e/notoemoji/16.0/1f407/lottie.json
02-01 19:18:49.005 V/dasx    ( 3377): Is http uri, downloading (uri: https://fonts.gstatic.com/s/e/notoemoji/16.0/1f407/lottie.json)
02-01 19:18:49.025 E/MDD     ( 3377): DownloadProgressMonitor: Can't find file group for uri: android://com.google.android.apps.messaging/files/datadownload/shared/public/datadownloadfile_1769973501487
02-01 19:18:49.026 E/MDD     ( 3377): DownloadProgressMonitor: Can't find file group for uri: android://com.google.android.apps.messaging/files/datadownload/shared/public/datadownloadfile_1769973501488
02-01 19:18:49.029 D/dasx    ( 3377): Starting download: https://fonts.gstatic.com/s/e/notoemoji/16.0/1f400/lottie.json
02-01 19:18:49.029 V/dasx    ( 3377): Is http uri, downloading (uri: https://fonts.gstatic.com/s/e/notoemoji/16.0/1f400/lottie.json)
02-01 19:18:49.032 D/dasx    ( 3377): Starting download: https://fonts.gstatic.com/s/e/notoemoji/16.0/1f429/lottie.json
02-01 19:18:49.032 V/dasx    ( 3377): Is http uri, downloading (uri: https://fonts.gstatic.com/s/e/notoemoji/16.0/1f429/lottie.json)
02-01 19:18:49.046 E/MDD     ( 3377): DownloadProgressMonitor: Can't find file group for uri: android://com.google.android.apps.messaging/files/datadownload/shared/public/datadownloadfile_1769973501489
02-01 19:18:49.051 D/dasx    ( 3377): Starting download: https://fonts.gstatic.com/s/e/notoemoji/16.0/1f415/lottie.json
02-01 19:18:49.051 V/dasx    ( 3377): Is http uri, downloading (uri: https://fonts.gstatic.com/s/e/notoemoji/16.0/1f415/lottie.json)
02-01 19:18:49.053 E/MDD     ( 3377): DownloadProgressMonitor: Can't find file group for uri: android://com.google.android.apps.messaging/files/datadownload/shared/public/datadownloadfile_1769973501490
02-01 19:18:49.061 D/dasx    ( 3377): Starting download: https://fonts.gstatic.com/s/e/notoemoji/16.0/1f9ae/lottie.json
02-01 19:18:49.061 V/dasx    ( 3377): Is http uri, downloading (uri: https://fonts.gstatic.com/s/e/notoemoji/16.0/1f9ae/lottie.json)
02-01 19:18:49.069 E/MDD     ( 3377): DownloadProgressMonitor: Can't find file group for uri: android://com.google.android.apps.messaging/files/datadownload/shared/public/datadownloadfile_1769973501491
02-01 19:18:49.072 D/dasx    ( 3377): Starting download: https://fonts.gstatic.com/s/e/notoemoji/16.0/1f415_200d_1f9ba/lottie.json
02-01 19:18:49.072 V/dasx    ( 3377): Is http uri, downloading (uri: https://fonts.gstatic.com/s/e/notoemoji/16.0/1f415_200d_1f9ba/lottie.json)
02-01 19:18:49.077 D/ActivityManager(  594): freezing 3383 com.google.android.apps.safetyhub
02-01 19:18:49.078 D/InetDiagMessage(  594): Destroyed 0 sockets, proto=IPPROTO_TCP, family=AF_INET, states=14
02-01 19:18:49.079 D/InetDiagMessage(  594): Destroyed 1 sockets, proto=IPPROTO_TCP, family=AF_INET6, states=14
02-01 19:18:49.079 D/InetDiagMessage(  594): Destroyed live tcp sockets for uids={10132} in 1ms
02-01 19:18:49.085 E/MDD     ( 3377): DownloadProgressMonitor: Can't find file group for uri: android://com.google.android.apps.messaging/files/datadownload/shared/public/datadownloadfile_1769973501492
02-01 19:18:49.088 D/dasx    ( 3377): Starting download: https://fonts.gstatic.com/s/e/notoemoji/16.0/1f416/lottie.json
02-01 19:18:49.088 V/dasx    ( 3377): Is http uri, downloading (uri: https://fonts.gstatic.com/s/e/notoemoji/16.0/1f416/lottie.json)
02-01 19:18:49.099 E/MDD     ( 3377): DownloadProgressMonitor: Can't find file group for uri: android://com.google.android.apps.messaging/files/datadownload/shared/public/datadownloadfile_1769973501493
02-01 19:18:49.103 D/dasx    ( 3377): Starting download: https://fonts.gstatic.com/s/e/notoemoji/16.0/1f40e/lottie.json
02-01 19:18:49.103 V/dasx    ( 3377): Is http uri, downloading (uri: https://fonts.gstatic.com/s/e/notoemoji/16.0/1f40e/lottie.json)
02-01 19:18:49.110 E/MDD     ( 3377): DownloadProgressMonitor: Can't find file group for uri: android://com.google.android.apps.messaging/files/datadownload/shared/public/datadownloadfile_1769973501494
02-01 19:18:49.115 D/dasx    ( 3377): Starting download: https://fonts.gstatic.com/s/e/notoemoji/16.0/1facf/lottie.json
02-01 19:18:49.115 V/dasx    ( 3377): Is http uri, downloading (uri: https://fonts.gstatic.com/s/e/notoemoji/16.0/1facf/lottie.json)
02-01 19:18:49.122 W/ChimeraProxyRslvr( 1389): No registered Chimera impl for com.google.android.gms.play.cloud.search.PlayCloudSearchEndpointService
02-01 19:18:49.122 E/ChimeraSrvcProxy( 1389): Proxy without impl failing onBind()
02-01 19:18:49.122 I/ChimeraSrvcProxy( 1389): com.google.android.gms.play.cloud.search.PlayCloudSearchEndpointService returning NullBinder for action com.google.android.gms.play.cloud.search.grpc.io.action.BIND
02-01 19:18:49.124 E/MDD     ( 3377): DownloadProgressMonitor: Can't find file group for uri: android://com.google.android.apps.messaging/files/datadownload/shared/public/datadownloadfile_1769973501495
02-01 19:18:49.127 D/dasx    ( 3377): Starting download: https://fonts.gstatic.com/s/e/notoemoji/16.0/1f402/lottie.json
02-01 19:18:49.127 V/dasx    ( 3377): Is http uri, downloading (uri: https://fonts.gstatic.com/s/e/notoemoji/16.0/1f402/lottie.json)
02-01 19:18:49.135 E/MDD     ( 3377): DownloadProgressMonitor: Can't find file group for uri: android://com.google.android.apps.messaging/files/datadownload/shared/public/datadownloadfile_1769973501496
02-01 19:18:49.139 D/dasx    ( 3377): Starting download: https://fonts.gstatic.com/s/e/notoemoji/16.0/1f410/lottie.json
02-01 19:18:49.139 V/dasx    ( 3377): Is http uri, downloading (uri: https://fonts.gstatic.com/s/e/notoemoji/16.0/1f410/lottie.json)
02-01 19:18:49.151 E/MDD     ( 3377): DownloadProgressMonitor: Can't find file group for uri: android://com.google.android.apps.messaging/files/datadownload/shared/public/datadownloadfile_1769973501497
02-01 19:18:49.154 D/dasx    ( 3377): Starting download: https://fonts.gstatic.com/s/e/notoemoji/16.0/1f998/lottie.json
02-01 19:18:49.154 V/dasx    ( 3377): Is http uri, downloading (uri: https://fonts.gstatic.com/s/e/notoemoji/16.0/1f998/lottie.json)
02-01 19:18:49.157 E/MDD     ( 3377): DownloadProgressMonitor: Can't find file group for uri: android://com.google.android.apps.messaging/files/datadownload/shared/public/datadownloadfile_1769973501498
02-01 19:18:49.165 D/dasx    ( 3377): Starting download: https://fonts.gstatic.com/s/e/notoemoji/16.0/1f405/lottie.json
02-01 19:18:49.165 V/dasx    ( 3377): Is http uri, downloading (uri: https://fonts.gstatic.com/s/e/notoemoji/16.0/1f405/lottie.json)
02-01 19:18:49.181 E/MDD     ( 3377): DownloadProgressMonitor: Can't find file group for uri: android://com.google.android.apps.messaging/files/datadownload/shared/public/datadownloadfile_1769973501499
02-01 19:18:49.185 D/dasx    ( 3377): Starting download: https://fonts.gstatic.com/s/e/notoemoji/16.0/1f412/lottie.json
02-01 19:18:49.185 V/dasx    ( 3377): Is http uri, downloading (uri: https://fonts.gstatic.com/s/e/notoemoji/16.0/1f412/lottie.json)
02-01 19:18:49.188 E/MDD     ( 3377): DownloadProgressMonitor: Can't find file group for uri: android://com.google.android.apps.messaging/files/datadownload/shared/public/datadownloadfile_1769973501500
02-01 19:18:49.201 D/dasx    ( 3377): Starting download: https://fonts.gstatic.com/s/e/notoemoji/16.0/1f98d/lottie.json
02-01 19:18:49.201 V/dasx    ( 3377): Is http uri, downloading (uri: https://fonts.gstatic.com/s/e/notoemoji/16.0/1f98d/lottie.json)
02-01 19:18:49.208 E/MDD     ( 3377): DownloadProgressMonitor: Can't find file group for uri: android://com.google.android.apps.messaging/files/datadownload/shared/public/datadownloadfile_1769973501501
02-01 19:18:49.213 D/dasx    ( 3377): Starting download: https://fonts.gstatic.com/s/e/notoemoji/16.0/1f9a7/lottie.json
02-01 19:18:49.213 V/dasx    ( 3377): Is http uri, downloading (uri: https://fonts.gstatic.com/s/e/notoemoji/16.0/1f9a7/lottie.json)
02-01 19:18:49.218 E/MDD     ( 3377): DownloadProgressMonitor: Can't find file group for uri: android://com.google.android.apps.messaging/files/datadownload/shared/public/datadownloadfile_1769973501502
02-01 19:18:49.225 D/dasx    ( 3377): Starting download: https://fonts.gstatic.com/s/e/notoemoji/16.0/1f43f_fe0f/lottie.json
02-01 19:18:49.225 V/dasx    ( 3377): Is http uri, downloading (uri: https://fonts.gstatic.com/s/e/notoemoji/16.0/1f43f_fe0f/lottie.json)
02-01 19:18:49.234 E/MDD     ( 3377): DownloadProgressMonitor: Can't find file group for uri: android://com.google.android.apps.messaging/files/datadownload/shared/public/datadownloadfile_1769973501503
02-01 19:18:49.240 D/dasx    ( 3377): Starting download: https://fonts.gstatic.com/s/e/notoemoji/16.0/1f9a6/lottie.json
02-01 19:18:49.240 V/dasx    ( 3377): Is http uri, downloading (uri: https://fonts.gstatic.com/s/e/notoemoji/16.0/1f9a6/lottie.json)
02-01 19:18:49.249 E/MDD     ( 3377): DownloadProgressMonitor: Can't find file group for uri: android://com.google.android.apps.messaging/files/datadownload/shared/public/datadownloadfile_1769973501504
02-01 19:18:49.253 D/dasx    ( 3377): Starting download: https://fonts.gstatic.com/s/e/notoemoji/16.0/1f987/lottie.json
02-01 19:18:49.253 V/dasx    ( 3377): Is http uri, downloading (uri: https://fonts.gstatic.com/s/e/notoemoji/16.0/1f987/lottie.json)
02-01 19:18:49.257 D/BoundBrokerSvc( 1594): onUnbind: Intent { act=com.google.android.gms.ocr.service.internal.START dat=chimera-action:/... cmp=com.google.android.gms/.chimera.GmsInternalApiService }
02-01 19:18:49.262 E/MDD     ( 3377): DownloadProgressMonitor: Can't find file group for uri: android://com.google.android.apps.messaging/files/datadownload/shared/public/datadownloadfile_1769973501505
02-01 19:18:49.263 D/ActivityManager(  594): freezing 3407 com.google.android.marvin.talkback
02-01 19:18:49.264 D/InetDiagMessage(  594): Destroyed 0 sockets, proto=IPPROTO_TCP, family=AF_INET, states=14
02-01 19:18:49.265 D/InetDiagMessage(  594): Destroyed 0 sockets, proto=IPPROTO_TCP, family=AF_INET6, states=14
02-01 19:18:49.265 D/InetDiagMessage(  594): Destroyed live tcp sockets for uids={10166} in 1ms
02-01 19:18:49.265 D/dasx    ( 3377): Starting download: https://fonts.gstatic.com/s/e/notoemoji/16.0/1f426/lottie.json
02-01 19:18:49.265 V/dasx    ( 3377): Is http uri, downloading (uri: https://fonts.gstatic.com/s/e/notoemoji/16.0/1f426/lottie.json)
02-01 19:18:49.278 E/MDD     ( 3377): DownloadProgressMonitor: Can't find file group for uri: android://com.google.android.apps.messaging/files/datadownload/shared/public/datadownloadfile_1769973501506
02-01 19:18:49.280 D/dasx    ( 3377): Starting download: https://fonts.gstatic.com/s/e/notoemoji/16.0/1f426_200d_2b1b/lottie.json
02-01 19:18:49.280 V/dasx    ( 3377): Is http uri, downloading (uri: https://fonts.gstatic.com/s/e/notoemoji/16.0/1f426_200d_2b1b/lottie.json)
02-01 19:18:49.287 E/MDD     ( 3377): DownloadProgressMonitor: Can't find file group for uri: android://com.google.android.apps.messaging/files/datadownload/shared/public/datadownloadfile_1769973501507
02-01 19:18:49.292 D/dasx    ( 3377): Starting download: https://fonts.gstatic.com/s/e/notoemoji/16.0/1f413/lottie.json
02-01 19:18:49.292 V/dasx    ( 3377): Is http uri, downloading (uri: https://fonts.gstatic.com/s/e/notoemoji/16.0/1f413/lottie.json)
02-01 19:18:49.301 E/MDD     ( 3377): DownloadProgressMonitor: Can't find file group for uri: android://com.google.android.apps.messaging/files/datadownload/shared/public/datadownloadfile_1769973501508
02-01 19:18:49.305 D/dasx    ( 3377): Starting download: https://fonts.gstatic.com/s/e/notoemoji/16.0/1f423/lottie.json
02-01 19:18:49.305 V/dasx    ( 3377): Is http uri, downloading (uri: https://fonts.gstatic.com/s/e/notoemoji/16.0/1f423/lottie.json)
02-01 19:18:49.316 E/MDD     ( 3377): DownloadProgressMonitor: Can't find file group for uri: android://com.google.android.apps.messaging/files/datadownload/shared/public/datadownloadfile_1769973501509
02-01 19:18:49.320 D/dasx    ( 3377): Starting download: https://fonts.gstatic.com/s/e/notoemoji/16.0/1f424/lottie.json
